<html>
<body>
<pre>
<h1>µVision Build Log</h1>
<h2>Tool Versions:</h2>
IDE-Version: ¦ÌVision V5.18.0.0
Copyright (C) 2016 ARM Ltd and ARM Germany GmbH. All rights reserved.
License Information: 123 lin, 12312, LIC=03C6R-KV260-QDFKD-80727-VVYYJ-9N16L
 
Tool Versions:
Toolchain:       MDK-ARM Standard  Version: 5.18
Toolchain Path:  D:\Program Files(64bit)\Keil5\exe\ARM\ARMCC\Bin
C Compiler:      Armcc.exe V5.06 update 1 (build 61)
Assembler:       Armasm.exe V5.06 update 1 (build 61)
Linker/Locator:  ArmLink.exe V5.06 update 1 (build 61)
Library Manager: ArmAr.exe V5.06 update 1 (build 61)
Hex Converter:   FromElf.exe V5.06 update 1 (build 61)
CPU DLL:         SARMCM3.DLL V5.18
Dialog DLL:      DCM.DLL V1.13.6.0
Target DLL:      Segger\JL2CM3.dll V2.99.18.0
Dialog DLL:      TCM.DLL V1.14.8.0
 
<h2>Project:</h2>
D:\Program Files(64bit)\Keil5\project\PWM_LED_freeRTOS\USER\MALLOC.uvprojx
Project File Date:  11/10/2025

<h2>Output:</h2>
*** Using Compiler 'V5.06 update 1 (build 61)', folder: 'D:\Program Files(64bit)\Keil5\exe\ARM\ARMCC\Bin'
Rebuild target 'FreeRTOS'
compiling system_stm32f10x.c...
compiling delay.c...
compiling timer.c...
compiling led.c...
compiling PWM.c...
compiling key.c...
compiling stm32f10x_it.c...
assembling startup_stm32f10x_hd.s...
compiling usart.c...
compiling main.c...
main.c(18): warning:  #177-D: variable "i" was declared but never referenced
   	u8 i=0;	    
main.c(19): warning:  #177-D: variable "p" was declared but never referenced
  	u8 *p=0;
main.c(20): warning:  #177-D: variable "tp" was declared but never referenced
  	u8 *tp=0;
main.c(21): warning:  #177-D: variable "paddr" was declared but never referenced
  	u8 paddr[18];			//?æ·?P Addr:+p??Ö·??ASCIIÖµ 
main.c: 4 warnings, 0 errors
compiling freertos_demo.c...
compiling core_cm3.c...
compiling sys.c...
compiling stm32f10x_gpio.c...
compiling stm32f10x_usart.c...
compiling misc.c...
compiling stm32f10x_rcc.c...
compiling croutine.c...
compiling list.c...
compiling event_groups.c...
compiling stm32f10x_tim.c...
compiling queue.c...
compiling stream_buffer.c...
compiling tasks.c...
compiling timers.c...
compiling heap_4.c...
compiling port.c...
linking...
Program Size: Code=24320 RO-data=336 RW-data=200 ZI-data=6176  
FromELF: creating hex file...
"..\OBJ\MALLOC.axf" - 0 Error(s), 4 Warning(s).

<h2>Collection of Component include folders:</h2>
  D:\Program Files(64bit)\Keil5\project\PWM_LED_freeRTOS\USER\RTE
  D:\Program Files(64bit)\Keil5\exe\ARM\PACK\Keil\STM32F1xx_DFP\2.4.1\Device\Include

<h2>Collection of Component Files used:</h2>
Build Time Elapsed:  00:00:02
</pre>
</body>
</html>
