Component: ARM Compiler 5.06 update 1 (build 61) Tool: armlink [4d35a8]

==============================================================================

Section Cross References

    main.o(.text) refers to misc.o(.text) for NVIC_PriorityGroupConfig
    main.o(.text) refers to delay.o(.text) for delay_init
    main.o(.text) refers to usart.o(.text) for uart_init
    main.o(.text) refers to pwm.o(.text) for PWM_Init
    main.o(.text) refers to key.o(.text) for KEY_Init
    main.o(.text) refers to freertos_demo.o(.text) for freertos_demo
    system_stm32f10x.o(.text) refers to system_stm32f10x.o(.data) for SystemCoreClock
    freertos_demo.o(.text) refers to stm32f10x_gpio.o(.text) for GPIO_ReadInputDataBit
    freertos_demo.o(.text) refers to tasks.o(.text) for vTaskDelete
    freertos_demo.o(.text) refers to pwm.o(.text) for PWM_SetCompare1
    freertos_demo.o(.text) refers to printf3.o(i.__0printf$3) for __2printf
    freertos_demo.o(.text) refers to port.o(.text) for vPortEnterCritical
    freertos_demo.o(.text) refers to freertos_demo.o(.bss) for test
    freertos_demo.o(.text) refers to freertos_demo.o(.data) for Task1_Handler
    led.o(.text) refers to stm32f10x_rcc.o(.text) for RCC_APB2PeriphClockCmd
    led.o(.text) refers to stm32f10x_gpio.o(.text) for GPIO_Init
    key.o(.text) refers to stm32f10x_rcc.o(.text) for RCC_APB2PeriphClockCmd
    key.o(.text) refers to stm32f10x_gpio.o(.text) for GPIO_PinRemapConfig
    key.o(.text) refers to delay.o(.text) for delay_ms
    key.o(.text) refers to key.o(.data) for key_up
    timer.o(.text) refers to stm32f10x_rcc.o(.text) for RCC_APB1PeriphClockCmd
    timer.o(.text) refers to stm32f10x_tim.o(.text) for TIM_TimeBaseInit
    timer.o(.text) refers to misc.o(.text) for NVIC_Init
    pwm.o(.text) refers to stm32f10x_rcc.o(.text) for RCC_APB2PeriphClockCmd
    pwm.o(.text) refers to stm32f10x_gpio.o(.text) for GPIO_Init
    pwm.o(.text) refers to stm32f10x_tim.o(.text) for TIM_InternalClockConfig
    delay.o(.text) refers to tasks.o(.text) for xTaskGetSchedulerState
    delay.o(.text) refers to port.o(.text) for xPortSysTickHandler
    delay.o(.text) refers to misc.o(.text) for SysTick_CLKSourceConfig
    delay.o(.text) refers to system_stm32f10x.o(.data) for SystemCoreClock
    delay.o(.text) refers to delay.o(.data) for fac_us
    usart.o(.text) refers to stm32f10x_rcc.o(.text) for RCC_APB2PeriphClockCmd
    usart.o(.text) refers to stm32f10x_gpio.o(.text) for GPIO_Init
    usart.o(.text) refers to misc.o(.text) for NVIC_Init
    usart.o(.text) refers to stm32f10x_usart.o(.text) for USART_Init
    usart.o(.text) refers to usart.o(.data) for USART_RX_STA
    usart.o(.text) refers to usart.o(.bss) for USART_RX_BUF
    startup_stm32f10x_hd.o(RESET) refers to startup_stm32f10x_hd.o(STACK) for __initial_sp
    startup_stm32f10x_hd.o(RESET) refers to startup_stm32f10x_hd.o(.text) for Reset_Handler
    startup_stm32f10x_hd.o(RESET) refers to stm32f10x_it.o(.text) for NMI_Handler
    startup_stm32f10x_hd.o(RESET) refers to port.o(.emb_text) for SVC_Handler
    startup_stm32f10x_hd.o(RESET) refers to delay.o(.text) for SysTick_Handler
    startup_stm32f10x_hd.o(RESET) refers to timer.o(.text) for TIM3_IRQHandler
    startup_stm32f10x_hd.o(RESET) refers to usart.o(.text) for USART1_IRQHandler
    startup_stm32f10x_hd.o(.text) refers to system_stm32f10x.o(.text) for SystemInit
    startup_stm32f10x_hd.o(.text) refers to entry.o(.ARM.Collect$$$$00000000) for __main
    stm32f10x_gpio.o(.text) refers to stm32f10x_rcc.o(.text) for RCC_APB2PeriphResetCmd
    stm32f10x_rcc.o(.text) refers to stm32f10x_rcc.o(.data) for APBAHBPrescTable
    stm32f10x_usart.o(.text) refers to stm32f10x_rcc.o(.text) for RCC_APB2PeriphResetCmd
    stm32f10x_tim.o(.text) refers to stm32f10x_rcc.o(.text) for RCC_APB2PeriphResetCmd
    event_groups.o(.text) refers to heap_4.o(.text) for pvPortMalloc
    event_groups.o(.text) refers to list.o(.text) for vListInitialise
    event_groups.o(.text) refers to printf3.o(i.__0printf$3) for __2printf
    event_groups.o(.text) refers to tasks.o(.text) for vTaskSuspendAll
    event_groups.o(.text) refers to port.o(.text) for vPortEnterCritical
    event_groups.o(.text) refers to timers.o(.text) for xTimerPendFunctionCallFromISR
    queue.o(.text) refers to printf3.o(i.__0printf$3) for __2printf
    queue.o(.text) refers to port.o(.text) for vPortEnterCritical
    queue.o(.text) refers to tasks.o(.text) for xTaskRemoveFromEventList
    queue.o(.text) refers to list.o(.text) for vListInitialise
    queue.o(.text) refers to heap_4.o(.text) for pvPortMalloc
    queue.o(.text) refers to memcpya.o(.text) for __aeabi_memcpy
    queue.o(.text) refers to queue.o(.bss) for xQueueRegistry
    stream_buffer.o(.text) refers to memseta.o(.text) for memset
    stream_buffer.o(.text) refers to printf3.o(i.__0printf$3) for __2printf
    stream_buffer.o(.text) refers to heap_4.o(.text) for pvPortMalloc
    stream_buffer.o(.text) refers to port.o(.text) for vPortEnterCritical
[...]
    printf3.o(i.__0sprintf$3) refers to printf3.o(i._printf_core) for _printf_core
    printf3.o(i.__0sprintf$3) refers to printf3.o(i._sputc) for _sputc
    printf3.o(i.__0vfprintf$3) refers to printf3.o(i._printf_core) for _printf_core
    printf3.o(i.__0vfprintf$3) refers to usart.o(.text) for fputc
    printf3.o(i.__0vprintf$3) refers to printf3.o(i._printf_core) for _printf_core
    printf3.o(i.__0vprintf$3) refers to usart.o(.text) for fputc
    printf3.o(i.__0vprintf$3) refers to usart.o(.data) for __stdout
    printf3.o(i.__0vsnprintf$3) refers to printf3.o(i._printf_core) for _printf_core
    printf3.o(i.__0vsnprintf$3) refers to printf3.o(i._snputc) for _snputc
    printf3.o(i.__0vsprintf$3) refers to printf3.o(i._printf_core) for _printf_core
    printf3.o(i.__0vsprintf$3) refers to printf3.o(i._sputc) for _sputc
    printf3.o(i._printf_core) refers to uidiv.o(.text) for __aeabi_uidivmod
    printf4.o(i.__0fprintf$4) refers to printf4.o(i._printf_core) for _printf_core
    printf4.o(i.__0fprintf$4) refers to usart.o(.text) for fputc
    printf4.o(i.__0printf$4) refers to printf4.o(i._printf_core) for _printf_core
    printf4.o(i.__0printf$4) refers to usart.o(.text) for fputc
    printf4.o(i.__0printf$4) refers to usart.o(.data) for __stdout
    printf4.o(i.__0snprintf$4) refers to printf4.o(i._printf_core) for _printf_core
    printf4.o(i.__0snprintf$4) refers to printf4.o(i._snputc) for _snputc
    printf4.o(i.__0sprintf$4) refers to printf4.o(i._printf_core) for _printf_core
    printf4.o(i.__0sprintf$4) refers to printf4.o(i._sputc) for _sputc
    printf4.o(i.__0vfprintf$4) refers to printf4.o(i._printf_core) for _printf_core
    printf4.o(i.__0vfprintf$4) refers to usart.o(.text) for fputc
    printf4.o(i.__0vprintf$4) refers to printf4.o(i._printf_core) for _printf_core
    printf4.o(i.__0vprintf$4) refers to usart.o(.text) for fputc
    printf4.o(i.__0vprintf$4) refers to usart.o(.data) for __stdout
    printf4.o(i.__0vsnprintf$4) refers to printf4.o(i._printf_core) for _printf_core
    printf4.o(i.__0vsnprintf$4) refers to printf4.o(i._snputc) for _snputc
    printf4.o(i.__0vsprintf$4) refers to printf4.o(i._printf_core) for _printf_core
    printf4.o(i.__0vsprintf$4) refers to printf4.o(i._sputc) for _sputc
    printf4.o(i._printf_core) refers to uldiv.o(.text) for __aeabi_uldivmod
    printf5.o(i.__0fprintf$5) refers to printf5.o(i._printf_core) for _printf_core
    printf5.o(i.__0fprintf$5) refers to usart.o(.text) for fputc
    printf5.o(i.__0printf$5) refers to printf5.o(i._printf_core) for _printf_core
    printf5.o(i.__0printf$5) refers to usart.o(.text) for fputc
    printf5.o(i.__0printf$5) refers to usart.o(.data) for __stdout
    printf5.o(i.__0snprintf$5) refers to printf5.o(i._printf_core) for _printf_core
    printf5.o(i.__0snprintf$5) refers to printf5.o(i._snputc) for _snputc
    printf5.o(i.__0sprintf$5) refers to printf5.o(i._printf_core) for _printf_core
    printf5.o(i.__0sprintf$5) refers to printf5.o(i._sputc) for _sputc
    printf5.o(i.__0vfprintf$5) refers to printf5.o(i._printf_core) for _printf_core
    printf5.o(i.__0vfprintf$5) refers to usart.o(.text) for fputc
    printf5.o(i.__0vprintf$5) refers to printf5.o(i._printf_core) for _printf_core
    printf5.o(i.__0vprintf$5) refers to usart.o(.text) for fputc
    printf5.o(i.__0vprintf$5) refers to usart.o(.data) for __stdout
    printf5.o(i.__0vsnprintf$5) refers to printf5.o(i._printf_core) for _printf_core
    printf5.o(i.__0vsnprintf$5) refers to printf5.o(i._snputc) for _snputc
    printf5.o(i.__0vsprintf$5) refers to printf5.o(i._printf_core) for _printf_core
    printf5.o(i.__0vsprintf$5) refers to printf5.o(i._sputc) for _sputc
    printf5.o(i._printf_core) refers to uldiv.o(.text) for __aeabi_uldivmod
    printf6.o(i.__0fprintf$6) refers to printf6.o(i._printf_core) for _printf_core
    printf6.o(i.__0fprintf$6) refers to usart.o(.text) for fputc
    printf6.o(i.__0printf$6) refers to printf6.o(i._printf_core) for _printf_core
    printf6.o(i.__0printf$6) refers to usart.o(.text) for fputc
    printf6.o(i.__0printf$6) refers to usart.o(.data) for __stdout
    printf6.o(i.__0snprintf$6) refers to printf6.o(i._printf_core) for _printf_core
    printf6.o(i.__0snprintf$6) refers to printf6.o(i._snputc) for _snputc
    printf6.o(i.__0sprintf$6) refers to printf6.o(i._printf_core) for _printf_core
    printf6.o(i.__0sprintf$6) refers to printf6.o(i._sputc) for _sputc
    printf6.o(i.__0vfprintf$6) refers to printf6.o(i._printf_core) for _printf_core
    printf6.o(i.__0vfprintf$6) refers to usart.o(.text) for fputc
    printf6.o(i.__0vprintf$6) refers to printf6.o(i._printf_core) for _printf_core
    printf6.o(i.__0vprintf$6) refers to usart.o(.text) for fputc
    printf6.o(i.__0vprintf$6) refers to usart.o(.data) for __stdout
    printf6.o(i.__0vsnprintf$6) refers to printf6.o(i._printf_core) for _printf_core
    printf6.o(i.__0vsnprintf$6) refers to printf6.o(i._snputc) for _snputc
    printf6.o(i.__0vsprintf$6) refers to printf6.o(i._printf_core) for _printf_core
    printf6.o(i.__0vsprintf$6) refers to printf6.o(i._sputc) for _sputc
    printf6.o(i._printf_core) refers to printf6.o(i._printf_pre_padding) for _printf_pre_padding
    printf6.o(i._printf_core) refers to uidiv.o(.text) for __aeabi_uidivmod
    printf6.o(i._printf_core) refers to printf6.o(i._printf_post_padding) for _printf_post_padding
    printf7.o(i.__0fprintf$7) refers to printf7.o(i._printf_core) for _printf_core
    printf7.o(i.__0fprintf$7) refers to usart.o(.text) for fputc
    printf7.o(i.__0printf$7) refers to printf7.o(i._printf_core) for _printf_core
    printf7.o(i.__0printf$7) refers to usart.o(.text) for fputc
    printf7.o(i.__0printf$7) refers to usart.o(.data) for __stdout
    printf7.o(i.__0snprintf$7) refers to printf7.o(i._printf_core) for _printf_core
    printf7.o(i.__0snprintf$7) refers to printf7.o(i._snputc) for _snputc
    printf7.o(i.__0sprintf$7) refers to printf7.o(i._printf_core) for _printf_core
    printf7.o(i.__0sprintf$7) refers to printf7.o(i._sputc) for _sputc
    printf7.o(i.__0vfprintf$7) refers to printf7.o(i._printf_core) for _printf_core
    printf7.o(i.__0vfprintf$7) refers to usart.o(.text) for fputc
    printf7.o(i.__0vprintf$7) refers to printf7.o(i._printf_core) for _printf_core
    printf7.o(i.__0vprintf$7) refers to usart.o(.text) for fputc
    printf7.o(i.__0vprintf$7) refers to usart.o(.data) for __stdout
    printf7.o(i.__0vsnprintf$7) refers to printf7.o(i._printf_core) for _printf_core
    printf7.o(i.__0vsnprintf$7) refers to printf7.o(i._snputc) for _snputc
    printf7.o(i.__0vsprintf$7) refers to printf7.o(i._printf_core) for _printf_core
    printf7.o(i.__0vsprintf$7) refers to printf7.o(i._sputc) for _sputc
    printf7.o(i._printf_core) refers to printf7.o(i._printf_pre_padding) for _printf_pre_padding
    printf7.o(i._printf_core) refers to uldiv.o(.text) for __aeabi_uldivmod
    printf7.o(i._printf_core) refers to printf7.o(i._printf_post_padding) for _printf_post_padding
    printf8.o(i.__0fprintf$8) refers to printf8.o(i._printf_core) for _printf_core
    printf8.o(i.__0fprintf$8) refers to usart.o(.text) for fputc
    printf8.o(i.__0printf$8) refers to printf8.o(i._printf_core) for _printf_core
    printf8.o(i.__0printf$8) refers to usart.o(.text) for fputc
    printf8.o(i.__0printf$8) refers to usart.o(.data) for __stdout
    printf8.o(i.__0snprintf$8) refers to printf8.o(i._printf_core) for _printf_core
    printf8.o(i.__0snprintf$8) refers to printf8.o(i._snputc) for _snputc
    printf8.o(i.__0sprintf$8) refers to printf8.o(i._printf_core) for _printf_core
    printf8.o(i.__0sprintf$8) refers to printf8.o(i._sputc) for _sputc
    printf8.o(i.__0vfprintf$8) refers to printf8.o(i._printf_core) for _printf_core
    printf8.o(i.__0vfprintf$8) refers to usart.o(.text) for fputc
    printf8.o(i.__0vprintf$8) refers to printf8.o(i._printf_core) for _printf_core
    printf8.o(i.__0vprintf$8) refers to usart.o(.text) for fputc
    printf8.o(i.__0vprintf$8) refers to usart.o(.data) for __stdout
    printf8.o(i.__0vsnprintf$8) refers to printf8.o(i._printf_core) for _printf_core
    printf8.o(i.__0vsnprintf$8) refers to printf8.o(i._snputc) for _snputc
    printf8.o(i.__0vsprintf$8) refers to printf8.o(i._printf_core) for _printf_core
    printf8.o(i.__0vsprintf$8) refers to printf8.o(i._sputc) for _sputc
    printf8.o(i._printf_core) refers to printf8.o(i._printf_pre_padding) for _printf_pre_padding
    printf8.o(i._printf_core) refers to uldiv.o(.text) for __aeabi_uldivmod
    printf8.o(i._printf_core) refers to printf8.o(i._printf_post_padding) for _printf_post_padding
    printfa.o(i.__0fprintf) refers (Special) to iusefp.o(.text) for __I$use$fp
    printfa.o(i.__0fprintf) refers to printfa.o(i._printf_core) for _printf_core
    printfa.o(i.__0fprintf) refers to usart.o(.text) for fputc
    printfa.o(i.__0printf) refers (Special) to iusefp.o(.text) for __I$use$fp
    printfa.o(i.__0printf) refers to printfa.o(i._printf_core) for _printf_core
    printfa.o(i.__0printf) refers to usart.o(.text) for fputc
    printfa.o(i.__0printf) refers to usart.o(.data) for __stdout
    printfa.o(i.__0snprintf) refers (Special) to iusefp.o(.text) for __I$use$fp
    printfa.o(i.__0snprintf) refers to printfa.o(i._printf_core) for _printf_core
    printfa.o(i.__0snprintf) refers to printfa.o(i._snputc) for _snputc
    printfa.o(i.__0sprintf) refers (Special) to iusefp.o(.text) for __I$use$fp
    printfa.o(i.__0sprintf) refers to printfa.o(i._printf_core) for _printf_core
    printfa.o(i.__0sprintf) refers to printfa.o(i._sputc) for _sputc
    printfa.o(i.__0vfprintf) refers (Special) to iusefp.o(.text) for __I$use$fp
    printfa.o(i.__0vfprintf) refers to printfa.o(i._printf_core) for _printf_core
    printfa.o(i.__0vfprintf) refers to usart.o(.text) for fputc
    printfa.o(i.__0vprintf) refers (Special) to iusefp.o(.text) for __I$use$fp
    printfa.o(i.__0vprintf) refers to printfa.o(i._printf_core) for _printf_core
    printfa.o(i.__0vprintf) refers to usart.o(.text) for fputc
    printfa.o(i.__0vprintf) refers to usart.o(.data) for __stdout
    printfa.o(i.__0vsnprintf) refers (Special) to iusefp.o(.text) for __I$use$fp
    printfa.o(i.__0vsnprintf) refers to printfa.o(i._printf_core) for _printf_core
    printfa.o(i.__0vsnprintf) refers to printfa.o(i._snputc) for _snputc
    printfa.o(i.__0vsprintf) refers (Special) to iusefp.o(.text) for __I$use$fp
    printfa.o(i.__0vsprintf) refers to printfa.o(i._printf_core) for _printf_core
    printfa.o(i.__0vsprintf) refers to printfa.o(i._sputc) for _sputc
    printfa.o(i._fp_digits) refers (Special) to iusefp.o(.text) for __I$use$fp
    printfa.o(i._fp_digits) refers to dmul.o(.text) for __aeabi_dmul
    printfa.o(i._fp_digits) refers to ddiv.o(.text) for __aeabi_ddiv
    printfa.o(i._fp_digits) refers to cdrcmple.o(.text) for __aeabi_cdrcmple
    printfa.o(i._fp_digits) refers to dadd.o(.text) for __aeabi_dadd
    printfa.o(i._fp_digits) refers to dfixul.o(.text) for __aeabi_d2ulz
    printfa.o(i._fp_digits) refers to uldiv.o(.text) for __aeabi_uldivmod
    printfa.o(i._printf_core) refers (Special) to iusefp.o(.text) for __I$use$fp
    printfa.o(i._printf_core) refers to printfa.o(i._printf_pre_padding) for _printf_pre_padding
    printfa.o(i._printf_core) refers to uldiv.o(.text) for __aeabi_uldivmod
    printfa.o(i._printf_core) refers to printfa.o(i._printf_post_padding) for _printf_post_padding
    printfa.o(i._printf_core) refers to printfa.o(i._fp_digits) for _fp_digits
    printfa.o(i._printf_core) refers to uidiv.o(.text) for __aeabi_uidivmod
    printfa.o(i._printf_post_padding) refers (Special) to iusefp.o(.text) for __I$use$fp
    printfa.o(i._printf_pre_padding) refers (Special) to iusefp.o(.text) for __I$use$fp
    printfa.o(i._snputc) refers (Special) to iusefp.o(.text) for __I$use$fp
    printfa.o(i._sputc) refers (Special) to iusefp.o(.text) for __I$use$fp
    entry2.o(.ARM.Collect$$$$00000001) refers to entry2.o(.ARM.Collect$$$$00002712) for __lit__00000000
    entry2.o(.ARM.Collect$$$$00002712) refers to startup_stm32f10x_hd.o(STACK) for __initial_sp
    entry2.o(__vectab_stack_and_reset_area) refers to startup_stm32f10x_hd.o(STACK) for __initial_sp
    entry2.o(__vectab_stack_and_reset_area) refers to entry.o(.ARM.Collect$$$$00000000) for __main
    entry5.o(.ARM.Collect$$$$00000004) refers to init.o(.text) for __scatterload
    entry9a.o(.ARM.Collect$$$$0000000B) refers to main.o(.text) for main
    entry9b.o(.ARM.Collect$$$$0000000C) refers to main.o(.text) for main
    uldiv.o(.text) refers to llushr.o(.text) for __aeabi_llsr
    uldiv.o(.text) refers to llshl.o(.text) for __aeabi_llsl
    dadd.o(.text) refers to llshl.o(.text) for __aeabi_llsl
    dadd.o(.text) refers to llsshr.o(.text) for __aeabi_lasr
    dadd.o(.text) refers to depilogue.o(.text) for _double_epilogue
    dmul.o(.text) refers to depilogue.o(.text) for _double_epilogue
    ddiv.o(.text) refers to depilogue.o(.text) for _double_round
    dfixul.o(.text) refers to llushr.o(.text) for __aeabi_llsr
    dfixul.o(.text) refers to llshl.o(.text) for __aeabi_llsl
    init.o(.text) refers to entry5.o(.ARM.Collect$$$$00000004) for __main_after_scatterload
    depilogue.o(.text) refers to llshl.o(.text) for __aeabi_llsl
    depilogue.o(.text) refers to llushr.o(.text) for __aeabi_llsr


==============================================================================

Removing Unused input sections from the image.

    Removing main.o(.data), (2 bytes).
    Removing led.o(.text), (80 bytes).
    Removing sys.o(.emb_text), (6 bytes).
    Removing sys.o(.text), (12 bytes).
    Removing core_cm3.o(.emb_text), (32 bytes).
    Removing startup_stm32f10x_hd.o(HEAP), (0 bytes).
    Removing event_groups.o(.text), (1118 bytes).
    Removing stream_buffer.o(.text), (2358 bytes).
    Removing dadd.o(.text), (334 bytes).
    Removing dmul.o(.text), (228 bytes).
    Removing ddiv.o(.text), (222 bytes).
    Removing dfixul.o(.text), (48 bytes).
    Removing cdrcmple.o(.text), (48 bytes).
    Removing depilogue.o(.text), (186 bytes).

14 unused section(s) (total 4674 bytes) removed from the image.

==============================================================================

Image Symbol Table

    Local Symbols

    Symbol Name                              Value     Ov Type        Size  Object(Section)

    ../clib/microlib/division.c              0x00000000   Number         0  uldiv.o ABSOLUTE
    ../clib/microlib/division.c              0x00000000   Number         0  uidiv.o ABSOLUTE
    ../clib/microlib/init/entry.s            0x00000000   Number         0  entry2.o ABSOLUTE
    ../clib/microlib/init/entry.s            0x00000000   Number         0  entry9a.o ABSOLUTE
    ../clib/microlib/init/entry.s            0x00000000   Number         0  entry5.o ABSOLUTE
    ../clib/microlib/init/entry.s            0x00000000   Number         0  entry9b.o ABSOLUTE
    ../clib/microlib/init/entry.s            0x00000000   Number         0  entry10a.o ABSOLUTE
    ../clib/microlib/init/entry.s            0x00000000   Number         0  entry7b.o ABSOLUTE
    ../clib/microlib/init/entry.s            0x00000000   Number         0  entry11a.o ABSOLUTE
    ../clib/microlib/init/entry.s            0x00000000   Number         0  entry11b.o ABSOLUTE
    ../clib/microlib/init/entry.s            0x00000000   Number         0  entry.o ABSOLUTE
    ../clib/microlib/init/entry.s            0x00000000   Number         0  entry10b.o ABSOLUTE
    ../clib/microlib/init/entry.s            0x00000000   Number         0  entry7a.o ABSOLUTE
    ../clib/microlib/init/entry.s            0x00000000   Number         0  entry8b.o ABSOLUTE
    ../clib/microlib/init/entry.s            0x00000000   Number         0  entry8a.o ABSOLUTE
    ../clib/microlib/longlong.c              0x00000000   Number         0  llushr.o ABSOLUTE
    ../clib/microlib/longlong.c              0x00000000   Number         0  llshl.o ABSOLUTE
    ../clib/microlib/longlong.c              0x00000000   Number         0  llsshr.o ABSOLUTE
    ../clib/microlib/printf/printf.c         0x00000000   Number         0  printf6.o ABSOLUTE
    ../clib/microlib/printf/printf.c         0x00000000   Number         0  printf5.o ABSOLUTE
    ../clib/microlib/printf/printf.c         0x00000000   Number         0  printf4.o ABSOLUTE
    ../clib/microlib/printf/printf.c         0x00000000   Number         0  printf3.o ABSOLUTE
    ../clib/microlib/printf/printf.c         0x00000000   Number         0  printf2.o ABSOLUTE
    ../clib/microlib/printf/printf.c         0x00000000   Number         0  printf1.o ABSOLUTE
    ../clib/microlib/printf/printf.c         0x00000000   Number         0  printf0.o ABSOLUTE
    ../clib/microlib/printf/printf.c         0x00000000   Number         0  printfa.o ABSOLUTE
    ../clib/microlib/printf/printf.c         0x00000000   Number         0  printfb.o ABSOLUTE
    ../clib/microlib/printf/printf.c         0x00000000   Number         0  printf8.o ABSOLUTE
    ../clib/microlib/printf/printf.c         0x00000000   Number         0  printf7.o ABSOLUTE
    ../clib/microlib/printf/stubs.s          0x00000000   Number         0  stubs.o ABSOLUTE
    ../clib/microlib/string/memcpy.c         0x00000000   Number         0  memcpyb.o ABSOLUTE
    ../clib/microlib/string/memcpy.c         0x00000000   Number         0  memcpya.o ABSOLUTE
    ../clib/microlib/string/memset.c         0x00000000   Number         0  memseta.o ABSOLUTE
    ../clib/microlib/string/memset.c         0x00000000   Number         0  memset.o ABSOLUTE
    ../clib/microlib/string/strcpy.c         0x00000000   Number         0  strcpy.o ABSOLUTE
    ../clib/microlib/string/strlen.c         0x00000000   Number         0  strlen.o ABSOLUTE
    ../clib/microlib/stubs.s                 0x00000000   Number         0  useno.o ABSOLUTE
    ../clib/microlib/stubs.s                 0x00000000   Number         0  iusefp.o ABSOLUTE
    ../fplib/microlib/fpadd.c                0x00000000   Number         0  dadd.o ABSOLUTE
    ../fplib/microlib/fpdiv.c                0x00000000   Number         0  ddiv.o ABSOLUTE
    ../fplib/microlib/fpepilogue.c           0x00000000   Number         0  depilogue.o ABSOLUTE
    ../fplib/microlib/fpfix.c                0x00000000   Number         0  dfixul.o ABSOLUTE
    ../fplib/microlib/fpmul.c                0x00000000   Number         0  dmul.o ABSOLUTE
    ..\CORE\core_cm3.c                       0x00000000   Number         0  core_cm3.o ABSOLUTE
    ..\CORE\startup_stm32f10x_hd.s           0x00000000   Number         0  startup_stm32f10x_hd.o ABSOLUTE
    ..\FreeRTOS\croutine.c                   0x00000000   Number         0  croutine.o ABSOLUTE
    ..\FreeRTOS\event_groups.c               0x00000000   Number         0  event_groups.o ABSOLUTE
    ..\FreeRTOS\list.c                       0x00000000   Number         0  list.o ABSOLUTE
    ..\FreeRTOS\portable\MemMang\heap_4.c    0x00000000   Number         0  heap_4.o ABSOLUTE
    ..\FreeRTOS\portable\RVDS\ARM_CM3\port.c 0x00000000   Number         0  port.o ABSOLUTE
    ..\FreeRTOS\queue.c                      0x00000000   Number         0  queue.o ABSOLUTE
    ..\FreeRTOS\stream_buffer.c              0x00000000   Number         0  stream_buffer.o ABSOLUTE
    ..\FreeRTOS\tasks.c                      0x00000000   Number         0  tasks.o ABSOLUTE
    ..\FreeRTOS\timers.c                     0x00000000   Number         0  timers.o ABSOLUTE
    ..\HARDWARE\KEY\key.c                    0x00000000   Number         0  key.o ABSOLUTE
    ..\HARDWARE\LED\led.c                    0x00000000   Number         0  led.o ABSOLUTE
    ..\HARDWARE\TIMER\PWM.c                  0x00000000   Number         0  pwm.o ABSOLUTE
    ..\HARDWARE\TIMER\timer.c                0x00000000   Number         0  timer.o ABSOLUTE
    ..\STM32F10x_FWLib\src\misc.c            0x00000000   Number         0  misc.o ABSOLUTE
    ..\STM32F10x_FWLib\src\stm32f10x_gpio.c  0x00000000   Number         0  stm32f10x_gpio.o ABSOLUTE
    ..\STM32F10x_FWLib\src\stm32f10x_rcc.c   0x00000000   Number         0  stm32f10x_rcc.o ABSOLUTE
    ..\STM32F10x_FWLib\src\stm32f10x_tim.c   0x00000000   Number         0  stm32f10x_tim.o ABSOLUTE
    ..\STM32F10x_FWLib\src\stm32f10x_usart.c 0x00000000   Number         0  stm32f10x_usart.o ABSOLUTE
    ..\SYSTEM\delay\delay.c                  0x00000000   Number         0  delay.o ABSOLUTE
    ..\SYSTEM\sys\sys.c                      0x00000000   Number         0  sys.o ABSOLUTE
    ..\SYSTEM\usart\usart.c                  0x00000000   Number         0  usart.o ABSOLUTE
    ..\\CORE\\core_cm3.c                     0x00000000   Number         0  core_cm3.o ABSOLUTE
    ..\\FreeRTOS\\portable\\RVDS\\ARM_CM3\\port.c 0x00000000   Number         0  port.o ABSOLUTE
    ..\\SYSTEM\\sys\\sys.c                   0x00000000   Number         0  sys.o ABSOLUTE
    cdrcmple.s                               0x00000000   Number         0  cdrcmple.o ABSOLUTE
    dc.s                                     0x00000000   Number         0  dc.o ABSOLUTE
    freertos_demo.c                          0x00000000   Number         0  freertos_demo.o ABSOLUTE
    handlers.s                               0x00000000   Number         0  handlers.o ABSOLUTE
    init.s                                   0x00000000   Number         0  init.o ABSOLUTE
    main.c                                   0x00000000   Number         0  main.o ABSOLUTE
    stm32f10x_it.c                           0x00000000   Number         0  stm32f10x_it.o ABSOLUTE
    system_stm32f10x.c                       0x00000000   Number         0  system_stm32f10x.o ABSOLUTE
    RESET                                    0x08000000   Section      304  startup_stm32f10x_hd.o(RESET)
    .ARM.Collect$$$$00000000                 0x08000130   Section        0  entry.o(.ARM.Collect$$$$00000000)
    .ARM.Collect$$$$00000001                 0x08000130   Section        4  entry2.o(.ARM.Collect$$$$00000001)
    .ARM.Collect$$$$00000004                 0x08000134   Section        4  entry5.o(.ARM.Collect$$$$00000004)
    .ARM.Collect$$$$00000008                 0x08000138   Section        0  entry7b.o(.ARM.Collect$$$$00000008)
    .ARM.Collect$$$$0000000A                 0x08000138   Section        0  entry8b.o(.ARM.Collect$$$$0000000A)
    .ARM.Collect$$$$0000000B                 0x08000138   Section        8  entry9a.o(.ARM.Collect$$$$0000000B)
    .ARM.Collect$$$$0000000D                 0x08000140   Section        0  entry10a.o(.ARM.Collect$$$$0000000D)
    .ARM.Collect$$$$0000000F                 0x08000140   Section        0  entry11a.o(.ARM.Collect$$$$0000000F)
    .ARM.Collect$$$$00002712                 0x08000140   Section        4  entry2.o(.ARM.Collect$$$$00002712)
    __lit__00000000                          0x08000140   Data           4  entry2.o(.ARM.Collect$$$$00002712)
    .emb_text                                0x08000144   Section      150  port.o(.emb_text)
    .text                                    0x080001da   Section        0  main.o(.text)
    .text                                    0x08000206   Section        0  stm32f10x_it.o(.text)
    .text                                    0x0800021c   Section        0  system_stm32f10x.o(.text)
    SetSysClockTo72                          0x0800021d   Thumb Code   214  system_stm32f10x.o(.text)
    SetSysClock                              0x080002f3   Thumb Code     8  system_stm32f10x.o(.text)
    .text                                    0x080003fc   Section        0  freertos_demo.o(.text)
    .text                                    0x08000574   Section        0  key.o(.text)
    .text                                    0x0800068c   Section        0  timer.o(.text)
    .text                                    0x08000700   Section        0  pwm.o(.text)
    .text                                    0x080007ac   Section        0  delay.o(.text)
    .text                                    0x0800086c   Section        0  usart.o(.text)
    .text                                    0x080009b4   Section       36  startup_stm32f10x_hd.o(.text)
    .text                                    0x080009d8   Section        0  stm32f10x_gpio.o(.text)
    .text                                    0x08000d34   Section        0  stm32f10x_rcc.o(.text)
    .text                                    0x080010d8   Section        0  stm32f10x_usart.o(.text)
    .text                                    0x080014e0   Section        0  misc.o(.text)
    .text                                    0x080015bc   Section        0  stm32f10x_tim.o(.text)
    TI4_Config                               0x08001a63   Thumb Code   130  stm32f10x_tim.o(.text)
    TI3_Config                               0x08001af7   Thumb Code   122  stm32f10x_tim.o(.text)
    TI2_Config                               0x08001b8b   Thumb Code   130  stm32f10x_tim.o(.text)
    TI1_Config                               0x08001c1f   Thumb Code   108  stm32f10x_tim.o(.text)
    .text                                    0x080023d6   Section        0  list.o(.text)
    .text                                    0x0800246c   Section        0  queue.o(.text)
    prvInitialiseNewQueue                    0x080024f5   Thumb Code    46  queue.o(.text)
    prvCopyDataToQueue                       0x080025a7   Thumb Code   126  queue.o(.text)
    prvNotifyQueueSetContainer               0x08002625   Thumb Code   142  queue.o(.text)
    prvUnlockQueue                           0x080026b3   Thumb Code   144  queue.o(.text)
    prvIsQueueFull                           0x08002743   Thumb Code    30  queue.o(.text)
    prvInitialiseMutex                       0x08002935   Thumb Code    30  queue.o(.text)
    prvGetDisinheritPriorityAfterTimeout     0x080029b7   Thumb Code    20  queue.o(.text)
    prvIsQueueEmpty                          0x080029cb   Thumb Code    26  queue.o(.text)
    prvCopyDataFromQueue                     0x08002e3b   Thumb Code    42  queue.o(.text)
    .text                                    0x080034e0   Section        0  tasks.o(.text)
    prvInitialiseTaskLists                   0x080034e1   Thumb Code    70  tasks.o(.text)
    prvAddNewTaskToReadyList                 0x08003527   Thumb Code   156  tasks.o(.text)
    prvInitialiseNewTask                     0x080035c3   Thumb Code   180  tasks.o(.text)
    prvResetNextTaskUnblockTime              0x080036d7   Thumb Code    40  tasks.o(.text)
    prvDeleteTCB                             0x080036ff   Thumb Code    18  tasks.o(.text)
    prvAddCurrentTaskToDelayedList           0x08003a2f   Thumb Code   124  tasks.o(.text)
    prvTaskIsTaskSuspended                   0x08003f27   Thumb Code    76  tasks.o(.text)
    prvCheckTasksWaitingTermination          0x0800408b   Thumb Code    60  tasks.o(.text)
    prvIdleTask                              0x080040c7   Thumb Code    32  tasks.o(.text)
    prvTaskCheckFreeStackSpace               0x08004215   Thumb Code    22  tasks.o(.text)
    prvListTasksWithinSingleList             0x080042a9   Thumb Code   106  tasks.o(.text)
    prvWriteNameToBuffer                     0x080048e1   Thumb Code    42  tasks.o(.text)
    .text                                    0x0800500c   Section        0  timers.o(.text)
    prvInsertTimerInActiveList               0x0800500d   Thumb Code    80  timers.o(.text)
    prvSwitchTimerLists                      0x080050d3   Thumb Code   144  timers.o(.text)
    prvSampleTimeNow                         0x08005163   Thumb Code    40  timers.o(.text)
    prvProcessReceivedCommands               0x0800518b   Thumb Code   318  timers.o(.text)
    prvProcessExpiredTimer                   0x080052c9   Thumb Code   100  timers.o(.text)
    prvProcessTimerOrBlockTask               0x0800532d   Thumb Code   102  timers.o(.text)
    prvGetNextExpireTime                     0x08005393   Thumb Code    36  timers.o(.text)
    prvTimerTask                             0x080053b7   Thumb Code    26  timers.o(.text)
    prvCheckForValidListAndQueue             0x080053d1   Thumb Code   148  timers.o(.text)
    prvInitialiseNewTimer                    0x080054a1   Thumb Code    84  timers.o(.text)
    .text                                    0x08005730   Section        0  port.o(.text)
    prvTaskExitError                         0x08005731   Thumb Code    48  port.o(.text)
    .text                                    0x08005a0c   Section        0  heap_4.o(.text)
    prvInsertBlockIntoFreeList               0x08005a0d   Thumb Code    96  heap_4.o(.text)
    prvHeapInit                              0x08005a6d   Thumb Code    98  heap_4.o(.text)
    .text                                    0x08005d4c   Section        0  memcpya.o(.text)
    .text                                    0x08005d70   Section        0  memseta.o(.text)
    .text                                    0x08005d94   Section        0  strlen.o(.text)
    .text                                    0x08005da2   Section        0  strcpy.o(.text)
    .text                                    0x08005db4   Section        0  uidiv.o(.text)
    .text                                    0x08005de0   Section       36  init.o(.text)
    i.__0printf$3                            0x08005e04   Section        0  printf3.o(i.__0printf$3)
    i.__0sprintf$3                           0x08005e24   Section        0  printf3.o(i.__0sprintf$3)
    i.__scatterload_copy                     0x08005e4c   Section       14  handlers.o(i.__scatterload_copy)
    i.__scatterload_null                     0x08005e5a   Section        2  handlers.o(i.__scatterload_null)
    i.__scatterload_zeroinit                 0x08005e5c   Section       14  handlers.o(i.__scatterload_zeroinit)
    i._printf_core                           0x08005e6c   Section        0  printf3.o(i._printf_core)
    _printf_core                             0x08005e6d   Thumb Code   436  printf3.o(i._printf_core)
    i._sputc                                 0x08006024   Section        0  printf3.o(i._sputc)
    _sputc                                   0x08006025   Thumb Code    10  printf3.o(i._sputc)
    .data                                    0x20000000   Section       20  system_stm32f10x.o(.data)
    .data                                    0x20000014   Section       16  freertos_demo.o(.data)
    .data                                    0x20000024   Section        1  key.o(.data)
    key_up                                   0x20000024   Data           1  key.o(.data)
    .data                                    0x20000025   Section        1  delay.o(.data)
    fac_us                                   0x20000025   Data           1  delay.o(.data)
    .data                                    0x20000028   Section        6  usart.o(.data)
    .data                                    0x2000002e   Section       20  stm32f10x_rcc.o(.data)
    APBAHBPrescTable                         0x2000002e   Data          16  stm32f10x_rcc.o(.data)
    ADCPrescTable                            0x2000003e   Data           4  stm32f10x_rcc.o(.data)
    .data                                    0x20000044   Section       68  tasks.o(.data)
    pxDelayedTaskList                        0x20000048   Data           4  tasks.o(.data)
    pxOverflowDelayedTaskList                0x2000004c   Data           4  tasks.o(.data)
    uxDeletedTasksWaitingCleanUp             0x20000050   Data           4  tasks.o(.data)
    uxCurrentNumberOfTasks                   0x20000054   Data           4  tasks.o(.data)
    xTickCount                               0x20000058   Data           4  tasks.o(.data)
    uxTopReadyPriority                       0x2000005c   Data           4  tasks.o(.data)
    xSchedulerRunning                        0x20000060   Data           4  tasks.o(.data)
    xPendedTicks                             0x20000064   Data           4  tasks.o(.data)
    xYieldPending                            0x20000068   Data           4  tasks.o(.data)
    xNumOfOverflows                          0x2000006c   Data           4  tasks.o(.data)
    uxTaskNumber                             0x20000070   Data           4  tasks.o(.data)
    xNextTaskUnblockTime                     0x20000074   Data           4  tasks.o(.data)
    xIdleTaskHandle                          0x20000078   Data           4  tasks.o(.data)
    uxSchedulerSuspended                     0x20000080   Data           4  tasks.o(.data)
    .data                                    0x20000088   Section       20  timers.o(.data)
    pxCurrentTimerList                       0x20000088   Data           4  timers.o(.data)
    pxOverflowTimerList                      0x2000008c   Data           4  timers.o(.data)
    xTimerQueue                              0x20000090   Data           4  timers.o(.data)
    xTimerTaskHandle                         0x20000094   Data           4  timers.o(.data)
    xLastTime                                0x20000098   Data           4  timers.o(.data)
    .data                                    0x2000009c   Section       12  port.o(.data)
    uxCriticalNesting                        0x2000009c   Data           4  port.o(.data)
    ucMaxSysCallPriority                     0x200000a0   Data           1  port.o(.data)
    ulMaxPRIGROUPValue                       0x200000a4   Data           4  port.o(.data)
    .data                                    0x200000a8   Section       32  heap_4.o(.data)
    xStart                                   0x200000a8   Data           8  heap_4.o(.data)
    pxEnd                                    0x200000b0   Data           4  heap_4.o(.data)
    xFreeBytesRemaining                      0x200000b4   Data           4  heap_4.o(.data)
    xMinimumEverFreeBytesRemaining           0x200000b8   Data           4  heap_4.o(.data)
    xNumberOfSuccessfulAllocations           0x200000bc   Data           4  heap_4.o(.data)
    xNumberOfSuccessfulFrees                 0x200000c0   Data           4  heap_4.o(.data)
    xBlockAllocatedBit                       0x200000c4   Data           4  heap_4.o(.data)
    .bss                                     0x200000c8   Section       12  freertos_demo.o(.bss)
    .bss                                     0x200000d4   Section      200  usart.o(.bss)
    .bss                                     0x2000019c   Section       64  queue.o(.bss)
    .bss                                     0x200001dc   Section      740  tasks.o(.bss)
    pxReadyTasksLists                        0x200001dc   Data         640  tasks.o(.bss)
    xDelayedTaskList1                        0x2000045c   Data          20  tasks.o(.bss)
    xDelayedTaskList2                        0x20000470   Data          20  tasks.o(.bss)
    xPendingReadyList                        0x20000484   Data          20  tasks.o(.bss)
    xTasksWaitingTermination                 0x20000498   Data          20  tasks.o(.bss)
    xSuspendedTaskList                       0x200004ac   Data          20  tasks.o(.bss)
    .bss                                     0x200004c0   Section       40  timers.o(.bss)
    xActiveTimerList1                        0x200004c0   Data          20  timers.o(.bss)
    xActiveTimerList2                        0x200004d4   Data          20  timers.o(.bss)
    .bss                                     0x200004e8   Section     4096  heap_4.o(.bss)
    ucHeap                                   0x200004e8   Data        4096  heap_4.o(.bss)
    STACK                                    0x200014e8   Section     1024  startup_stm32f10x_hd.o(STACK)

    Global Symbols

    Symbol Name                              Value     Ov Type        Size  Object(Section)

    BuildAttributes$$THM_ISAv4$P$D$K$B$S$PE$A:L22UL41UL21$X:L11$S22US41US21$IEEE1$IW$USESV6$~STKCKD$USESV7$~SHL$OSPACE$ROPI$EBA8$MICROLIB$REQ8$PRES8$EABIv2 0x00000000   Number         0  anon$$obj.o ABSOLUTE
    __ARM_use_no_argv                        0x00000000   Number         0  main.o ABSOLUTE
    __use_no_errno                           0x00000000   Number         0  useno.o ABSOLUTE
    __use_no_exception_handling              0x00000000   Number         0  useno.o ABSOLUTE
    __use_no_fp                              0x00000000   Number         0  useno.o ABSOLUTE
    __use_no_heap                            0x00000000   Number         0  useno.o ABSOLUTE
    __use_no_heap_region                     0x00000000   Number         0  useno.o ABSOLUTE
    __use_no_semihosting                     0x00000000   Number         0  useno.o ABSOLUTE
    __use_no_semihosting_swi                 0x00000000   Number         0  useno.o ABSOLUTE
    __use_no_signal_handling                 0x00000000   Number         0  useno.o ABSOLUTE
    _printf_a                                0x00000000   Number         0  stubs.o ABSOLUTE
    _printf_c                                0x00000000   Number         0  stubs.o ABSOLUTE
    _printf_charcount                        0x00000000   Number         0  stubs.o ABSOLUTE
    _printf_d                                0x00000000   Number         0  stubs.o ABSOLUTE
    _printf_e                                0x00000000   Number         0  stubs.o ABSOLUTE
    _printf_f                                0x00000000   Number         0  stubs.o ABSOLUTE
    _printf_flags                            0x00000000   Number         0  stubs.o ABSOLUTE
    _printf_fp_dec                           0x00000000   Number         0  stubs.o ABSOLUTE
    _printf_fp_hex                           0x00000000   Number         0  stubs.o ABSOLUTE
    _printf_g                                0x00000000   Number         0  stubs.o ABSOLUTE
    _printf_i                                0x00000000   Number         0  stubs.o ABSOLUTE
    _printf_int_dec                          0x00000000   Number         0  stubs.o ABSOLUTE
    _printf_l                                0x00000000   Number         0  stubs.o ABSOLUTE
    _printf_lc                               0x00000000   Number         0  stubs.o ABSOLUTE
    _printf_ll                               0x00000000   Number         0  stubs.o ABSOLUTE
    _printf_lld                              0x00000000   Number         0  stubs.o ABSOLUTE
    _printf_lli                              0x00000000   Number         0  stubs.o ABSOLUTE
    _printf_llo                              0x00000000   Number         0  stubs.o ABSOLUTE
    _printf_llu                              0x00000000   Number         0  stubs.o ABSOLUTE
    _printf_llx                              0x00000000   Number         0  stubs.o ABSOLUTE
    _printf_longlong_dec                     0x00000000   Number         0  stubs.o ABSOLUTE
    _printf_longlong_hex                     0x00000000   Number         0  stubs.o ABSOLUTE
    _printf_longlong_oct                     0x00000000   Number         0  stubs.o ABSOLUTE
    _printf_ls                               0x00000000   Number         0  stubs.o ABSOLUTE
    _printf_mbtowc                           0x00000000   Number         0  stubs.o ABSOLUTE
    _printf_n                                0x00000000   Number         0  stubs.o ABSOLUTE
    _printf_o                                0x00000000   Number         0  stubs.o ABSOLUTE
    _printf_p                                0x00000000   Number         0  stubs.o ABSOLUTE
    _printf_percent                          0x00000000   Number         0  stubs.o ABSOLUTE
    _printf_pre_padding                      0x00000000   Number         0  stubs.o ABSOLUTE
    _printf_return_value                     0x00000000   Number         0  stubs.o ABSOLUTE
    _printf_s                                0x00000000   Number         0  stubs.o ABSOLUTE
    _printf_sizespec                         0x00000000   Number         0  stubs.o ABSOLUTE
    _printf_str                              0x00000000   Number         0  stubs.o ABSOLUTE
    _printf_truncate_signed                  0x00000000   Number         0  stubs.o ABSOLUTE
    _printf_truncate_unsigned                0x00000000   Number         0  stubs.o ABSOLUTE
    _printf_u                                0x00000000   Number         0  stubs.o ABSOLUTE
    _printf_wc                               0x00000000   Number         0  stubs.o ABSOLUTE
    _printf_wctomb                           0x00000000   Number         0  stubs.o ABSOLUTE
    _printf_widthprec                        0x00000000   Number         0  stubs.o ABSOLUTE
    _printf_x                                0x00000000   Number         0  stubs.o ABSOLUTE
    __cpp_initialize__aeabi_                  - Undefined Weak Reference
    __cxa_finalize                            - Undefined Weak Reference
    __decompress                              - Undefined Weak Reference
    _clock_init                               - Undefined Weak Reference
    _microlib_exit                            - Undefined Weak Reference
    __Vectors_Size                           0x00000130   Number         0  startup_stm32f10x_hd.o ABSOLUTE
    __Vectors                                0x08000000   Data           4  startup_stm32f10x_hd.o(RESET)
    __Vectors_End                            0x08000130   Data           0  startup_stm32f10x_hd.o(RESET)
    __main                                   0x08000131   Thumb Code     0  entry.o(.ARM.Collect$$$$00000000)
    _main_stk                                0x08000131   Thumb Code     0  entry2.o(.ARM.Collect$$$$00000001)
    _main_scatterload                        0x08000135   Thumb Code     0  entry5.o(.ARM.Collect$$$$00000004)
    __main_after_scatterload                 0x08000139   Thumb Code     0  entry5.o(.ARM.Collect$$$$00000004)
    _main_clock                              0x08000139   Thumb Code     0  entry7b.o(.ARM.Collect$$$$00000008)
    _main_cpp_init                           0x08000139   Thumb Code     0  entry8b.o(.ARM.Collect$$$$0000000A)
    _main_init                               0x08000139   Thumb Code     0  entry9a.o(.ARM.Collect$$$$0000000B)
    __rt_final_cpp                           0x08000141   Thumb Code     0  entry10a.o(.ARM.Collect$$$$0000000D)
    __rt_final_exit                          0x08000141   Thumb Code     0  entry11a.o(.ARM.Collect$$$$0000000F)
    SVC_Handler                              0x08000145   Thumb Code    32  port.o(.emb_text)
    __asm___6_port_c_39a90d8d__prvStartFirstTask 0x08000169   Thumb Code    28  port.o(.emb_text)
    PendSV_Handler                           0x08000189   Thumb Code    72  port.o(.emb_text)
    vPortGetIPSR                             0x080001d5   Thumb Code     6  port.o(.emb_text)
    main                                     0x080001db   Thumb Code    44  main.o(.text)
    NMI_Handler                              0x08000207   Thumb Code     2  stm32f10x_it.o(.text)
    HardFault_Handler                        0x08000209   Thumb Code     4  stm32f10x_it.o(.text)
    MemManage_Handler                        0x0800020d   Thumb Code     4  stm32f10x_it.o(.text)
    BusFault_Handler                         0x08000211   Thumb Code     4  stm32f10x_it.o(.text)
    UsageFault_Handler                       0x08000215   Thumb Code     4  stm32f10x_it.o(.text)
    DebugMon_Handler                         0x08000219   Thumb Code     2  stm32f10x_it.o(.text)
    SystemInit                               0x080002fb   Thumb Code    78  system_stm32f10x.o(.text)
    SystemCoreClockUpdate                    0x08000349   Thumb Code   142  system_stm32f10x.o(.text)
    task3                                    0x080003fd   Thumb Code    82  freertos_demo.o(.text)
    task2                                    0x0800044f   Thumb Code    36  freertos_demo.o(.text)
    task1                                    0x08000473   Thumb Code    66  freertos_demo.o(.text)
    start_task                               0x080004b5   Thumb Code    86  freertos_demo.o(.text)
    freertos_demo                            0x0800050b   Thumb Code    30  freertos_demo.o(.text)
    KEY_Init                                 0x08000575   Thumb Code    82  key.o(.text)
    KEY_Scan                                 0x080005c7   Thumb Code   180  key.o(.text)
    TIM3_Int_Init                            0x0800068d   Thumb Code    90  timer.o(.text)
    TIM3_IRQHandler                          0x080006e7   Thumb Code    22  timer.o(.text)
    PWM_Init                                 0x08000701   Thumb Code   150  pwm.o(.text)
    PWM_SetCompare1                          0x08000797   Thumb Code    14  pwm.o(.text)
    SysTick_Handler                          0x080007ad   Thumb Code    16  delay.o(.text)
    delay_init                               0x080007bd   Thumb Code    70  delay.o(.text)
    delay_us                                 0x08000803   Thumb Code    70  delay.o(.text)
    delay_ms                                 0x08000849   Thumb Code    24  delay.o(.text)
    _sys_exit                                0x0800086d   Thumb Code     4  usart.o(.text)
    fputc                                    0x08000871   Thumb Code    24  usart.o(.text)
    uart_init                                0x08000889   Thumb Code   152  usart.o(.text)
    USART1_IRQHandler                        0x08000921   Thumb Code   132  usart.o(.text)
    Reset_Handler                            0x080009b5   Thumb Code     8  startup_stm32f10x_hd.o(.text)
    ADC1_2_IRQHandler                        0x080009cf   Thumb Code     0  startup_stm32f10x_hd.o(.text)
    ADC3_IRQHandler                          0x080009cf   Thumb Code     0  startup_stm32f10x_hd.o(.text)
    CAN1_RX1_IRQHandler                      0x080009cf   Thumb Code     0  startup_stm32f10x_hd.o(.text)
    CAN1_SCE_IRQHandler                      0x080009cf   Thumb Code     0  startup_stm32f10x_hd.o(.text)
    DMA1_Channel1_IRQHandler                 0x080009cf   Thumb Code     0  startup_stm32f10x_hd.o(.text)
    DMA1_Channel2_IRQHandler                 0x080009cf   Thumb Code     0  startup_stm32f10x_hd.o(.text)
    DMA1_Channel3_IRQHandler                 0x080009cf   Thumb Code     0  startup_stm32f10x_hd.o(.text)
    DMA1_Channel4_IRQHandler                 0x080009cf   Thumb Code     0  startup_stm32f10x_hd.o(.text)
    DMA1_Channel5_IRQHandler                 0x080009cf   Thumb Code     0  startup_stm32f10x_hd.o(.text)
    DMA1_Channel6_IRQHandler                 0x080009cf   Thumb Code     0  startup_stm32f10x_hd.o(.text)
    DMA1_Channel7_IRQHandler                 0x080009cf   Thumb Code     0  startup_stm32f10x_hd.o(.text)
    DMA2_Channel1_IRQHandler                 0x080009cf   Thumb Code     0  startup_stm32f10x_hd.o(.text)
    DMA2_Channel2_IRQHandler                 0x080009cf   Thumb Code     0  startup_stm32f10x_hd.o(.text)
    DMA2_Channel3_IRQHandler                 0x080009cf   Thumb Code     0  startup_stm32f10x_hd.o(.text)
    DMA2_Channel4_5_IRQHandler               0x080009cf   Thumb Code     0  startup_stm32f10x_hd.o(.text)
    EXTI0_IRQHandler                         0x080009cf   Thumb Code     0  startup_stm32f10x_hd.o(.text)
    EXTI15_10_IRQHandler                     0x080009cf   Thumb Code     0  startup_stm32f10x_hd.o(.text)
    EXTI1_IRQHandler                         0x080009cf   Thumb Code     0  startup_stm32f10x_hd.o(.text)
    EXTI2_IRQHandler                         0x080009cf   Thumb Code     0  startup_stm32f10x_hd.o(.text)
    EXTI3_IRQHandler                         0x080009cf   Thumb Code     0  startup_stm32f10x_hd.o(.text)
    EXTI4_IRQHandler                         0x080009cf   Thumb Code     0  startup_stm32f10x_hd.o(.text)
    EXTI9_5_IRQHandler                       0x080009cf   Thumb Code     0  startup_stm32f10x_hd.o(.text)
    FLASH_IRQHandler                         0x080009cf   Thumb Code     0  startup_stm32f10x_hd.o(.text)
    FSMC_IRQHandler                          0x080009cf   Thumb Code     0  startup_stm32f10x_hd.o(.text)
    I2C1_ER_IRQHandler                       0x080009cf   Thumb Code     0  startup_stm32f10x_hd.o(.text)
    I2C1_EV_IRQHandler                       0x080009cf   Thumb Code     0  startup_stm32f10x_hd.o(.text)
    I2C2_ER_IRQHandler                       0x080009cf   Thumb Code     0  startup_stm32f10x_hd.o(.text)
    I2C2_EV_IRQHandler                       0x080009cf   Thumb Code     0  startup_stm32f10x_hd.o(.text)
    PVD_IRQHandler                           0x080009cf   Thumb Code     0  startup_stm32f10x_hd.o(.text)
    RCC_IRQHandler                           0x080009cf   Thumb Code     0  startup_stm32f10x_hd.o(.text)
    RTCAlarm_IRQHandler                      0x080009cf   Thumb Code     0  startup_stm32f10x_hd.o(.text)
    RTC_IRQHandler                           0x080009cf   Thumb Code     0  startup_stm32f10x_hd.o(.text)
    SDIO_IRQHandler                          0x080009cf   Thumb Code     0  startup_stm32f10x_hd.o(.text)
    SPI1_IRQHandler                          0x080009cf   Thumb Code     0  startup_stm32f10x_hd.o(.text)
    SPI2_IRQHandler                          0x080009cf   Thumb Code     0  startup_stm32f10x_hd.o(.text)
    SPI3_IRQHandler                          0x080009cf   Thumb Code     0  startup_stm32f10x_hd.o(.text)
    TAMPER_IRQHandler                        0x080009cf   Thumb Code     0  startup_stm32f10x_hd.o(.text)
    TIM1_BRK_IRQHandler                      0x080009cf   Thumb Code     0  startup_stm32f10x_hd.o(.text)
    TIM1_CC_IRQHandler                       0x080009cf   Thumb Code     0  startup_stm32f10x_hd.o(.text)
    TIM1_TRG_COM_IRQHandler                  0x080009cf   Thumb Code     0  startup_stm32f10x_hd.o(.text)
    TIM1_UP_IRQHandler                       0x080009cf   Thumb Code     0  startup_stm32f10x_hd.o(.text)
    TIM2_IRQHandler                          0x080009cf   Thumb Code     0  startup_stm32f10x_hd.o(.text)
    TIM4_IRQHandler                          0x080009cf   Thumb Code     0  startup_stm32f10x_hd.o(.text)
    TIM5_IRQHandler                          0x080009cf   Thumb Code     0  startup_stm32f10x_hd.o(.text)
    TIM6_IRQHandler                          0x080009cf   Thumb Code     0  startup_stm32f10x_hd.o(.text)
    TIM7_IRQHandler                          0x080009cf   Thumb Code     0  startup_stm32f10x_hd.o(.text)
    TIM8_BRK_IRQHandler                      0x080009cf   Thumb Code     0  startup_stm32f10x_hd.o(.text)
    TIM8_CC_IRQHandler                       0x080009cf   Thumb Code     0  startup_stm32f10x_hd.o(.text)
    TIM8_TRG_COM_IRQHandler                  0x080009cf   Thumb Code     0  startup_stm32f10x_hd.o(.text)
    TIM8_UP_IRQHandler                       0x080009cf   Thumb Code     0  startup_stm32f10x_hd.o(.text)
    UART4_IRQHandler                         0x080009cf   Thumb Code     0  startup_stm32f10x_hd.o(.text)
    UART5_IRQHandler                         0x080009cf   Thumb Code     0  startup_stm32f10x_hd.o(.text)
    USART2_IRQHandler                        0x080009cf   Thumb Code     0  startup_stm32f10x_hd.o(.text)
    USART3_IRQHandler                        0x080009cf   Thumb Code     0  startup_stm32f10x_hd.o(.text)
    USBWakeUp_IRQHandler                     0x080009cf   Thumb Code     0  startup_stm32f10x_hd.o(.text)
    USB_HP_CAN1_TX_IRQHandler                0x080009cf   Thumb Code     0  startup_stm32f10x_hd.o(.text)
    USB_LP_CAN1_RX0_IRQHandler               0x080009cf   Thumb Code     0  startup_stm32f10x_hd.o(.text)
    WWDG_IRQHandler                          0x080009cf   Thumb Code     0  startup_stm32f10x_hd.o(.text)
    GPIO_DeInit                              0x080009d9   Thumb Code   172  stm32f10x_gpio.o(.text)
    GPIO_AFIODeInit                          0x08000a85   Thumb Code    20  stm32f10x_gpio.o(.text)
    GPIO_Init                                0x08000a99   Thumb Code   278  stm32f10x_gpio.o(.text)
    GPIO_StructInit                          0x08000baf   Thumb Code    16  stm32f10x_gpio.o(.text)
    GPIO_ReadInputDataBit                    0x08000bbf   Thumb Code    18  stm32f10x_gpio.o(.text)
    GPIO_ReadInputData                       0x08000bd1   Thumb Code     8  stm32f10x_gpio.o(.text)
    GPIO_ReadOutputDataBit                   0x08000bd9   Thumb Code    18  stm32f10x_gpio.o(.text)
    GPIO_ReadOutputData                      0x08000beb   Thumb Code     8  stm32f10x_gpio.o(.text)
    GPIO_SetBits                             0x08000bf3   Thumb Code     4  stm32f10x_gpio.o(.text)
    GPIO_ResetBits                           0x08000bf7   Thumb Code     4  stm32f10x_gpio.o(.text)
    GPIO_WriteBit                            0x08000bfb   Thumb Code    10  stm32f10x_gpio.o(.text)
    GPIO_Write                               0x08000c05   Thumb Code     4  stm32f10x_gpio.o(.text)
    GPIO_PinLockConfig                       0x08000c09   Thumb Code    18  stm32f10x_gpio.o(.text)
    GPIO_EventOutputConfig                   0x08000c1b   Thumb Code    26  stm32f10x_gpio.o(.text)
    GPIO_EventOutputCmd                      0x08000c35   Thumb Code     6  stm32f10x_gpio.o(.text)
    GPIO_PinRemapConfig                      0x08000c3b   Thumb Code   138  stm32f10x_gpio.o(.text)
    GPIO_EXTILineConfig                      0x08000cc5   Thumb Code    66  stm32f10x_gpio.o(.text)
    GPIO_ETH_MediaInterfaceConfig            0x08000d07   Thumb Code     8  stm32f10x_gpio.o(.text)
    RCC_DeInit                               0x08000d35   Thumb Code    64  stm32f10x_rcc.o(.text)
    RCC_HSEConfig                            0x08000d75   Thumb Code    70  stm32f10x_rcc.o(.text)
    RCC_GetFlagStatus                        0x08000dbb   Thumb Code    56  stm32f10x_rcc.o(.text)
    RCC_WaitForHSEStartUp                    0x08000df3   Thumb Code    56  stm32f10x_rcc.o(.text)
    RCC_AdjustHSICalibrationValue            0x08000e2b   Thumb Code    20  stm32f10x_rcc.o(.text)
    RCC_HSICmd                               0x08000e3f   Thumb Code     6  stm32f10x_rcc.o(.text)
    RCC_PLLConfig                            0x08000e45   Thumb Code    24  stm32f10x_rcc.o(.text)
    RCC_PLLCmd                               0x08000e5d   Thumb Code     6  stm32f10x_rcc.o(.text)
    RCC_SYSCLKConfig                         0x08000e63   Thumb Code    18  stm32f10x_rcc.o(.text)
    RCC_GetSYSCLKSource                      0x08000e75   Thumb Code    10  stm32f10x_rcc.o(.text)
    RCC_HCLKConfig                           0x08000e7f   Thumb Code    18  stm32f10x_rcc.o(.text)
    RCC_PCLK1Config                          0x08000e91   Thumb Code    18  stm32f10x_rcc.o(.text)
    RCC_PCLK2Config                          0x08000ea3   Thumb Code    20  stm32f10x_rcc.o(.text)
    RCC_ITConfig                             0x08000eb7   Thumb Code    26  stm32f10x_rcc.o(.text)
    RCC_USBCLKConfig                         0x08000ed1   Thumb Code     8  stm32f10x_rcc.o(.text)
    RCC_ADCCLKConfig                         0x08000ed9   Thumb Code    18  stm32f10x_rcc.o(.text)
    RCC_LSEConfig                            0x08000eeb   Thumb Code    50  stm32f10x_rcc.o(.text)
    RCC_LSICmd                               0x08000f1d   Thumb Code     6  stm32f10x_rcc.o(.text)
    RCC_RTCCLKConfig                         0x08000f23   Thumb Code    12  stm32f10x_rcc.o(.text)
    RCC_RTCCLKCmd                            0x08000f2f   Thumb Code     8  stm32f10x_rcc.o(.text)
    RCC_GetClocksFreq                        0x08000f37   Thumb Code   192  stm32f10x_rcc.o(.text)
    RCC_AHBPeriphClockCmd                    0x08000ff7   Thumb Code    26  stm32f10x_rcc.o(.text)
    RCC_APB2PeriphClockCmd                   0x08001011   Thumb Code    26  stm32f10x_rcc.o(.text)
    RCC_APB1PeriphClockCmd                   0x0800102b   Thumb Code    26  stm32f10x_rcc.o(.text)
    RCC_APB2PeriphResetCmd                   0x08001045   Thumb Code    26  stm32f10x_rcc.o(.text)
    RCC_APB1PeriphResetCmd                   0x0800105f   Thumb Code    26  stm32f10x_rcc.o(.text)
    RCC_BackupResetCmd                       0x08001079   Thumb Code     8  stm32f10x_rcc.o(.text)
    RCC_ClockSecuritySystemCmd               0x08001081   Thumb Code     6  stm32f10x_rcc.o(.text)
    RCC_MCOConfig                            0x08001087   Thumb Code     6  stm32f10x_rcc.o(.text)
    RCC_ClearFlag                            0x0800108d   Thumb Code    14  stm32f10x_rcc.o(.text)
    RCC_GetITStatus                          0x0800109b   Thumb Code    20  stm32f10x_rcc.o(.text)
    RCC_ClearITPendingBit                    0x080010af   Thumb Code     6  stm32f10x_rcc.o(.text)
    USART_DeInit                             0x080010d9   Thumb Code   134  stm32f10x_usart.o(.text)
    USART_Init                               0x0800115f   Thumb Code   210  stm32f10x_usart.o(.text)
    USART_StructInit                         0x08001231   Thumb Code    24  stm32f10x_usart.o(.text)
    USART_ClockInit                          0x08001249   Thumb Code    34  stm32f10x_usart.o(.text)
    USART_ClockStructInit                    0x0800126b   Thumb Code    12  stm32f10x_usart.o(.text)
    USART_Cmd                                0x08001277   Thumb Code    24  stm32f10x_usart.o(.text)
    USART_ITConfig                           0x0800128f   Thumb Code    74  stm32f10x_usart.o(.text)
    USART_DMACmd                             0x080012d9   Thumb Code    18  stm32f10x_usart.o(.text)
    USART_SetAddress                         0x080012eb   Thumb Code    18  stm32f10x_usart.o(.text)
    USART_WakeUpConfig                       0x080012fd   Thumb Code    18  stm32f10x_usart.o(.text)
    USART_ReceiverWakeUpCmd                  0x0800130f   Thumb Code    24  stm32f10x_usart.o(.text)
    USART_LINBreakDetectLengthConfig         0x08001327   Thumb Code    18  stm32f10x_usart.o(.text)
    USART_LINCmd                             0x08001339   Thumb Code    24  stm32f10x_usart.o(.text)
    USART_SendData                           0x08001351   Thumb Code     8  stm32f10x_usart.o(.text)
    USART_ReceiveData                        0x08001359   Thumb Code    10  stm32f10x_usart.o(.text)
    USART_SendBreak                          0x08001363   Thumb Code    10  stm32f10x_usart.o(.text)
    USART_SetGuardTime                       0x0800136d   Thumb Code    16  stm32f10x_usart.o(.text)
    USART_SetPrescaler                       0x0800137d   Thumb Code    16  stm32f10x_usart.o(.text)
    USART_SmartCardCmd                       0x0800138d   Thumb Code    24  stm32f10x_usart.o(.text)
    USART_SmartCardNACKCmd                   0x080013a5   Thumb Code    24  stm32f10x_usart.o(.text)
    USART_HalfDuplexCmd                      0x080013bd   Thumb Code    24  stm32f10x_usart.o(.text)
    USART_OverSampling8Cmd                   0x080013d5   Thumb Code    22  stm32f10x_usart.o(.text)
    USART_OneBitMethodCmd                    0x080013eb   Thumb Code    24  stm32f10x_usart.o(.text)
    USART_IrDAConfig                         0x08001403   Thumb Code    18  stm32f10x_usart.o(.text)
    USART_IrDACmd                            0x08001415   Thumb Code    24  stm32f10x_usart.o(.text)
    USART_GetFlagStatus                      0x0800142d   Thumb Code    26  stm32f10x_usart.o(.text)
    USART_ClearFlag                          0x08001447   Thumb Code    18  stm32f10x_usart.o(.text)
    USART_GetITStatus                        0x08001459   Thumb Code    84  stm32f10x_usart.o(.text)
    USART_ClearITPendingBit                  0x080014ad   Thumb Code    52  stm32f10x_usart.o(.text)
    NVIC_PriorityGroupConfig                 0x080014e1   Thumb Code    10  misc.o(.text)
    NVIC_Init                                0x080014eb   Thumb Code   100  misc.o(.text)
    NVIC_SetVectorTable                      0x0800154f   Thumb Code    14  misc.o(.text)
    NVIC_SystemLPConfig                      0x0800155d   Thumb Code    34  misc.o(.text)
    SysTick_CLKSourceConfig                  0x0800157f   Thumb Code    40  misc.o(.text)
    TIM_DeInit                               0x080015bd   Thumb Code   424  stm32f10x_tim.o(.text)
    TIM_TimeBaseInit                         0x08001765   Thumb Code   122  stm32f10x_tim.o(.text)
    TIM_OC1Init                              0x080017df   Thumb Code   132  stm32f10x_tim.o(.text)
    TIM_OC2Init                              0x08001863   Thumb Code   154  stm32f10x_tim.o(.text)
    TIM_OC3Init                              0x080018fd   Thumb Code   150  stm32f10x_tim.o(.text)
    TIM_OC4Init                              0x08001993   Thumb Code   182  stm32f10x_tim.o(.text)
    TIM_SetIC4Prescaler                      0x08001a49   Thumb Code    26  stm32f10x_tim.o(.text)
    TIM_SetIC3Prescaler                      0x08001ae5   Thumb Code    18  stm32f10x_tim.o(.text)
    TIM_SetIC2Prescaler                      0x08001b71   Thumb Code    26  stm32f10x_tim.o(.text)
    TIM_SetIC1Prescaler                      0x08001c0d   Thumb Code    18  stm32f10x_tim.o(.text)
    TIM_ICInit                               0x08001c8b   Thumb Code   150  stm32f10x_tim.o(.text)
    TIM_PWMIConfig                           0x08001d21   Thumb Code   124  stm32f10x_tim.o(.text)
    TIM_BDTRConfig                           0x08001d9d   Thumb Code    32  stm32f10x_tim.o(.text)
    TIM_TimeBaseStructInit                   0x08001dbd   Thumb Code    18  stm32f10x_tim.o(.text)
    TIM_OCStructInit                         0x08001dcf   Thumb Code    20  stm32f10x_tim.o(.text)
    TIM_ICStructInit                         0x08001de3   Thumb Code    18  stm32f10x_tim.o(.text)
    TIM_BDTRStructInit                       0x08001df5   Thumb Code    40  stm32f10x_tim.o(.text)
    TIM_Cmd                                  0x08001e1d   Thumb Code    24  stm32f10x_tim.o(.text)
    TIM_CtrlPWMOutputs                       0x08001e35   Thumb Code    30  stm32f10x_tim.o(.text)
    TIM_ITConfig                             0x08001e53   Thumb Code    18  stm32f10x_tim.o(.text)
    TIM_GenerateEvent                        0x08001e65   Thumb Code     4  stm32f10x_tim.o(.text)
    TIM_DMAConfig                            0x08001e69   Thumb Code    10  stm32f10x_tim.o(.text)
    TIM_DMACmd                               0x08001e73   Thumb Code    18  stm32f10x_tim.o(.text)
    TIM_InternalClockConfig                  0x08001e85   Thumb Code    12  stm32f10x_tim.o(.text)
    TIM_SelectInputTrigger                   0x08001e91   Thumb Code    18  stm32f10x_tim.o(.text)
    TIM_ITRxExternalClockConfig              0x08001ea3   Thumb Code    24  stm32f10x_tim.o(.text)
    TIM_TIxExternalClockConfig               0x08001ebb   Thumb Code    62  stm32f10x_tim.o(.text)
    TIM_ETRConfig                            0x08001ef9   Thumb Code    28  stm32f10x_tim.o(.text)
    TIM_ETRClockMode1Config                  0x08001f15   Thumb Code    54  stm32f10x_tim.o(.text)
    TIM_ETRClockMode2Config                  0x08001f4b   Thumb Code    32  stm32f10x_tim.o(.text)
    TIM_PrescalerConfig                      0x08001f6b   Thumb Code     6  stm32f10x_tim.o(.text)
    TIM_CounterModeConfig                    0x08001f71   Thumb Code    18  stm32f10x_tim.o(.text)
    TIM_EncoderInterfaceConfig               0x08001f83   Thumb Code    66  stm32f10x_tim.o(.text)
    TIM_ForcedOC1Config                      0x08001fc5   Thumb Code    18  stm32f10x_tim.o(.text)
    TIM_ForcedOC2Config                      0x08001fd7   Thumb Code    26  stm32f10x_tim.o(.text)
    TIM_ForcedOC3Config                      0x08001ff1   Thumb Code    18  stm32f10x_tim.o(.text)
    TIM_ForcedOC4Config                      0x08002003   Thumb Code    26  stm32f10x_tim.o(.text)
    TIM_ARRPreloadConfig                     0x0800201d   Thumb Code    24  stm32f10x_tim.o(.text)
    TIM_SelectCOM                            0x08002035   Thumb Code    24  stm32f10x_tim.o(.text)
    TIM_SelectCCDMA                          0x0800204d   Thumb Code    24  stm32f10x_tim.o(.text)
    TIM_CCPreloadControl                     0x08002065   Thumb Code    24  stm32f10x_tim.o(.text)
    TIM_OC1PreloadConfig                     0x0800207d   Thumb Code    18  stm32f10x_tim.o(.text)
    TIM_OC2PreloadConfig                     0x0800208f   Thumb Code    26  stm32f10x_tim.o(.text)
    TIM_OC3PreloadConfig                     0x080020a9   Thumb Code    18  stm32f10x_tim.o(.text)
    TIM_OC4PreloadConfig                     0x080020bb   Thumb Code    26  stm32f10x_tim.o(.text)
    TIM_OC1FastConfig                        0x080020d5   Thumb Code    18  stm32f10x_tim.o(.text)
    TIM_OC2FastConfig                        0x080020e7   Thumb Code    26  stm32f10x_tim.o(.text)
    TIM_OC3FastConfig                        0x08002101   Thumb Code    18  stm32f10x_tim.o(.text)
    TIM_OC4FastConfig                        0x08002113   Thumb Code    26  stm32f10x_tim.o(.text)
    TIM_ClearOC1Ref                          0x0800212d   Thumb Code    18  stm32f10x_tim.o(.text)
    TIM_ClearOC2Ref                          0x0800213f   Thumb Code    24  stm32f10x_tim.o(.text)
    TIM_ClearOC3Ref                          0x08002157   Thumb Code    18  stm32f10x_tim.o(.text)
    TIM_ClearOC4Ref                          0x08002169   Thumb Code    24  stm32f10x_tim.o(.text)
    TIM_OC1PolarityConfig                    0x08002181   Thumb Code    18  stm32f10x_tim.o(.text)
    TIM_OC1NPolarityConfig                   0x08002193   Thumb Code    18  stm32f10x_tim.o(.text)
    TIM_OC2PolarityConfig                    0x080021a5   Thumb Code    26  stm32f10x_tim.o(.text)
    TIM_OC2NPolarityConfig                   0x080021bf   Thumb Code    26  stm32f10x_tim.o(.text)
    TIM_OC3PolarityConfig                    0x080021d9   Thumb Code    26  stm32f10x_tim.o(.text)
    TIM_OC3NPolarityConfig                   0x080021f3   Thumb Code    26  stm32f10x_tim.o(.text)
    TIM_OC4PolarityConfig                    0x0800220d   Thumb Code    26  stm32f10x_tim.o(.text)
    TIM_CCxCmd                               0x08002227   Thumb Code    30  stm32f10x_tim.o(.text)
    TIM_CCxNCmd                              0x08002245   Thumb Code    30  stm32f10x_tim.o(.text)
    TIM_SelectOCxM                           0x08002263   Thumb Code    82  stm32f10x_tim.o(.text)
    TIM_UpdateDisableConfig                  0x080022b5   Thumb Code    24  stm32f10x_tim.o(.text)
    TIM_UpdateRequestConfig                  0x080022cd   Thumb Code    24  stm32f10x_tim.o(.text)
    TIM_SelectHallSensor                     0x080022e5   Thumb Code    24  stm32f10x_tim.o(.text)
    TIM_SelectOnePulseMode                   0x080022fd   Thumb Code    18  stm32f10x_tim.o(.text)
    TIM_SelectOutputTrigger                  0x0800230f   Thumb Code    18  stm32f10x_tim.o(.text)
    TIM_SelectSlaveMode                      0x08002321   Thumb Code    18  stm32f10x_tim.o(.text)
    TIM_SelectMasterSlaveMode                0x08002333   Thumb Code    18  stm32f10x_tim.o(.text)
    TIM_SetCounter                           0x08002345   Thumb Code     4  stm32f10x_tim.o(.text)
    TIM_SetAutoreload                        0x08002349   Thumb Code     4  stm32f10x_tim.o(.text)
    TIM_SetCompare1                          0x0800234d   Thumb Code     4  stm32f10x_tim.o(.text)
    TIM_SetCompare2                          0x08002351   Thumb Code     4  stm32f10x_tim.o(.text)
    TIM_SetCompare3                          0x08002355   Thumb Code     4  stm32f10x_tim.o(.text)
    TIM_SetCompare4                          0x08002359   Thumb Code     6  stm32f10x_tim.o(.text)
    TIM_SetClockDivision                     0x0800235f   Thumb Code    18  stm32f10x_tim.o(.text)
    TIM_GetCapture1                          0x08002371   Thumb Code     6  stm32f10x_tim.o(.text)
    TIM_GetCapture2                          0x08002377   Thumb Code     6  stm32f10x_tim.o(.text)
    TIM_GetCapture3                          0x0800237d   Thumb Code     6  stm32f10x_tim.o(.text)
    TIM_GetCapture4                          0x08002383   Thumb Code     8  stm32f10x_tim.o(.text)
    TIM_GetCounter                           0x0800238b   Thumb Code     6  stm32f10x_tim.o(.text)
    TIM_GetPrescaler                         0x08002391   Thumb Code     6  stm32f10x_tim.o(.text)
    TIM_GetFlagStatus                        0x08002397   Thumb Code    18  stm32f10x_tim.o(.text)
    TIM_ClearFlag                            0x080023a9   Thumb Code     6  stm32f10x_tim.o(.text)
    TIM_GetITStatus                          0x080023af   Thumb Code    34  stm32f10x_tim.o(.text)
    TIM_ClearITPendingBit                    0x080023d1   Thumb Code     6  stm32f10x_tim.o(.text)
    vListInitialise                          0x080023d7   Thumb Code    26  list.o(.text)
    vListInitialiseItem                      0x080023f1   Thumb Code     6  list.o(.text)
    vListInsertEnd                           0x080023f7   Thumb Code    24  list.o(.text)
    vListInsert                              0x0800240f   Thumb Code    52  list.o(.text)
    uxListRemove                             0x08002443   Thumb Code    40  list.o(.text)
    xQueueGenericReset                       0x0800246d   Thumb Code   136  queue.o(.text)
    xQueueGenericCreate                      0x08002523   Thumb Code   132  queue.o(.text)
    xQueueGenericSend                        0x08002761   Thumb Code   468  queue.o(.text)
    xQueueCreateMutex                        0x08002953   Thumb Code    34  queue.o(.text)
    xQueueGiveMutexRecursive                 0x08002975   Thumb Code    66  queue.o(.text)
    xQueueSemaphoreTake                      0x080029e5   Thumb Code   410  queue.o(.text)
    xQueueTakeMutexRecursive                 0x08002b7f   Thumb Code    72  queue.o(.text)
    xQueueCreateCountingSemaphore            0x08002bc7   Thumb Code    80  queue.o(.text)
    xQueueGenericSendFromISR                 0x08002c17   Thumb Code   292  queue.o(.text)
    xQueueGiveFromISR                        0x08002d3b   Thumb Code   256  queue.o(.text)
    xQueueReceive                            0x08002e65   Thumb Code   338  queue.o(.text)
    xQueuePeek                               0x08002fb7   Thumb Code   344  queue.o(.text)
    xQueueReceiveFromISR                     0x0800310f   Thumb Code   220  queue.o(.text)
    xQueuePeekFromISR                        0x080031eb   Thumb Code   158  queue.o(.text)
    uxQueueMessagesWaiting                   0x08003289   Thumb Code    36  queue.o(.text)
    uxQueueSpacesAvailable                   0x080032ad   Thumb Code    48  queue.o(.text)
    uxQueueMessagesWaitingFromISR            0x080032dd   Thumb Code    30  queue.o(.text)
    vQueueUnregisterQueue                    0x080032fb   Thumb Code    44  queue.o(.text)
    vQueueDelete                             0x08003327   Thumb Code    38  queue.o(.text)
    uxQueueGetQueueNumber                    0x0800334d   Thumb Code     6  queue.o(.text)
    vQueueSetQueueNumber                     0x08003353   Thumb Code     4  queue.o(.text)
    ucQueueGetQueueType                      0x08003357   Thumb Code     8  queue.o(.text)
    xQueueIsQueueEmptyFromISR                0x0800335f   Thumb Code    38  queue.o(.text)
    xQueueIsQueueFullFromISR                 0x08003385   Thumb Code    42  queue.o(.text)
    vQueueAddToRegistry                      0x080033af   Thumb Code    38  queue.o(.text)
    pcQueueGetName                           0x080033d5   Thumb Code    38  queue.o(.text)
    vQueueWaitForMessageRestricted           0x080033fb   Thumb Code    74  queue.o(.text)
    xQueueCreateSet                          0x08003445   Thumb Code    20  queue.o(.text)
    xQueueAddToSet                           0x08003459   Thumb Code    38  queue.o(.text)
    xQueueRemoveFromSet                      0x0800347f   Thumb Code    48  queue.o(.text)
    xQueueSelectFromSet                      0x080034af   Thumb Code    24  queue.o(.text)
    xQueueSelectFromSetFromISR               0x080034c7   Thumb Code    22  queue.o(.text)
    xTaskCreate                              0x08003677   Thumb Code    96  tasks.o(.text)
    vTaskDelete                              0x08003711   Thumb Code   192  tasks.o(.text)
    xTaskIncrementTick                       0x080037d1   Thumb Code   388  tasks.o(.text)
    xTaskResumeAll                           0x08003955   Thumb Code   218  tasks.o(.text)
    vTaskSuspendAll                          0x08003aab   Thumb Code    12  tasks.o(.text)
    xTaskDelayUntil                          0x08003ab7   Thumb Code   184  tasks.o(.text)
    vTaskDelay                               0x08003b6f   Thumb Code    76  tasks.o(.text)
    eTaskGetState                            0x08003bbb   Thumb Code   136  tasks.o(.text)
    uxTaskPriorityGet                        0x08003c43   Thumb Code    30  tasks.o(.text)
    uxTaskPriorityGetFromISR                 0x08003c61   Thumb Code    62  tasks.o(.text)
    vTaskPrioritySet                         0x08003c9f   Thumb Code   316  tasks.o(.text)
    vTaskSwitchContext                       0x08003ddb   Thumb Code   114  tasks.o(.text)
    vTaskSuspend                             0x08003e4d   Thumb Code   218  tasks.o(.text)
    vTaskResume                              0x08003f73   Thumb Code   122  tasks.o(.text)
    xTaskResumeFromISR                       0x08003fed   Thumb Code   158  tasks.o(.text)
    vTaskStartScheduler                      0x080040e7   Thumb Code   120  tasks.o(.text)
    vTaskEndScheduler                        0x0800415f   Thumb Code   114  tasks.o(.text)
    xTaskGetTickCount                        0x080041d1   Thumb Code     6  tasks.o(.text)
    xTaskGetTickCountFromISR                 0x080041d7   Thumb Code    16  tasks.o(.text)
    uxTaskGetNumberOfTasks                   0x080041e7   Thumb Code     6  tasks.o(.text)
    pcTaskGetName                            0x080041ed   Thumb Code    40  tasks.o(.text)
    vTaskGetInfo                             0x0800422b   Thumb Code   126  tasks.o(.text)
    uxTaskGetSystemState                     0x08004313   Thumb Code   152  tasks.o(.text)
    xTaskCatchUpTicks                        0x080043ab   Thumb Code    58  tasks.o(.text)
    vTaskPlaceOnEventList                    0x080043e5   Thumb Code    46  tasks.o(.text)
    vTaskPlaceOnUnorderedEventList           0x08004413   Thumb Code    88  tasks.o(.text)
    vTaskPlaceOnEventListRestricted          0x0800446b   Thumb Code    54  tasks.o(.text)
    xTaskRemoveFromEventList                 0x080044a1   Thumb Code   122  tasks.o(.text)
    vTaskRemoveFromUnorderedEventList        0x0800451b   Thumb Code   130  tasks.o(.text)
    vTaskSetTimeOutState                     0x0800459d   Thumb Code   100  tasks.o(.text)
    vTaskInternalSetTimeOutState             0x08004601   Thumb Code    14  tasks.o(.text)
    xTaskCheckForTimeOut                     0x0800460f   Thumb Code   124  tasks.o(.text)
    vTaskMissedYield                         0x0800468b   Thumb Code     8  tasks.o(.text)
    uxTaskGetTaskNumber                      0x08004693   Thumb Code    14  tasks.o(.text)
    vTaskSetTaskNumber                       0x080046a1   Thumb Code     8  tasks.o(.text)
    xTaskGetCurrentTaskHandle                0x080046a9   Thumb Code     6  tasks.o(.text)
    xTaskGetSchedulerState                   0x080046af   Thumb Code    24  tasks.o(.text)
    xTaskPriorityInherit                     0x080046c7   Thumb Code   172  tasks.o(.text)
    xTaskPriorityDisinherit                  0x08004773   Thumb Code   162  tasks.o(.text)
    vTaskPriorityDisinheritAfterTimeout      0x08004815   Thumb Code   204  tasks.o(.text)
    vTaskList                                0x0800490b   Thumb Code   200  tasks.o(.text)
    uxTaskResetEventItemValue                0x080049d3   Thumb Code    78  tasks.o(.text)
    pvTaskIncrementMutexHeldCount            0x08004a21   Thumb Code    26  tasks.o(.text)
    ulTaskGenericNotifyTake                  0x08004a3b   Thumb Code   152  tasks.o(.text)
    xTaskGenericNotifyWait                   0x08004ad3   Thumb Code   188  tasks.o(.text)
    xTaskGenericNotify                       0x08004b8f   Thumb Code   330  tasks.o(.text)
    xTaskGenericNotifyFromISR                0x08004cd9   Thumb Code   410  tasks.o(.text)
    vTaskGenericNotifyGiveFromISR            0x08004e73   Thumb Code   242  tasks.o(.text)
    xTaskGenericNotifyStateClear             0x08004f65   Thumb Code    82  tasks.o(.text)
    ulTaskGenericNotifyValueClear            0x08004fb7   Thumb Code    58  tasks.o(.text)
    xTimerGenericCommand                     0x0800505d   Thumb Code   118  timers.o(.text)
    xTimerCreateTimerTask                    0x08005465   Thumb Code    60  timers.o(.text)
    xTimerCreate                             0x080054f5   Thumb Code    54  timers.o(.text)
    xTimerGetTimerDaemonTaskHandle           0x0800552b   Thumb Code    38  timers.o(.text)
    xTimerGetPeriod                          0x08005551   Thumb Code    28  timers.o(.text)
    vTimerSetReloadMode                      0x0800556d   Thumb Code    64  timers.o(.text)
    uxTimerGetReloadMode                     0x080055ad   Thumb Code    52  timers.o(.text)
    xTimerGetExpiryTime                      0x080055e1   Thumb Code    30  timers.o(.text)
    pcTimerGetName                           0x080055ff   Thumb Code    28  timers.o(.text)
    xTimerIsTimerActive                      0x0800561b   Thumb Code    52  timers.o(.text)
    pvTimerGetTimerID                        0x0800564f   Thumb Code    38  timers.o(.text)
    vTimerSetTimerID                         0x08005675   Thumb Code    38  timers.o(.text)
    xTimerPendFunctionCallFromISR            0x0800569b   Thumb Code    48  timers.o(.text)
    xTimerPendFunctionCall                   0x080056cb   Thumb Code    70  timers.o(.text)
    uxTimerGetTimerNumber                    0x08005711   Thumb Code     6  timers.o(.text)
    vTimerSetTimerNumber                     0x08005717   Thumb Code     4  timers.o(.text)
    pxPortInitialiseStack                    0x08005761   Thumb Code    30  port.o(.text)
    vPortSetupTimerInterrupt                 0x0800577f   Thumb Code    36  port.o(.text)
    xPortStartScheduler                      0x080057a3   Thumb Code   240  port.o(.text)
    vPortEndScheduler                        0x08005893   Thumb Code    34  port.o(.text)
    vPortEnterCritical                       0x080058b5   Thumb Code    70  port.o(.text)
    vPortExitCritical                        0x080058fb   Thumb Code    48  port.o(.text)
    xPortSysTickHandler                      0x0800592b   Thumb Code    48  port.o(.text)
    vPortValidateInterruptPriority           0x0800595b   Thumb Code    88  port.o(.text)
    pvPortMalloc                             0x08005acf   Thumb Code   302  heap_4.o(.text)
    vPortFree                                0x08005bfd   Thumb Code   130  heap_4.o(.text)
    xPortGetFreeHeapSize                     0x08005c7f   Thumb Code     6  heap_4.o(.text)
    xPortGetMinimumEverFreeHeapSize          0x08005c85   Thumb Code     6  heap_4.o(.text)
    vPortInitialiseBlocks                    0x08005c8b   Thumb Code     2  heap_4.o(.text)
    vPortGetHeapStats                        0x08005c8d   Thumb Code   104  heap_4.o(.text)
    __aeabi_memcpy                           0x08005d4d   Thumb Code    36  memcpya.o(.text)
    __aeabi_memcpy4                          0x08005d4d   Thumb Code     0  memcpya.o(.text)
    __aeabi_memcpy8                          0x08005d4d   Thumb Code     0  memcpya.o(.text)
    __aeabi_memset                           0x08005d71   Thumb Code    14  memseta.o(.text)
    __aeabi_memset4                          0x08005d71   Thumb Code     0  memseta.o(.text)
    __aeabi_memset8                          0x08005d71   Thumb Code     0  memseta.o(.text)
    __aeabi_memclr                           0x08005d7f   Thumb Code     4  memseta.o(.text)
    __aeabi_memclr4                          0x08005d7f   Thumb Code     0  memseta.o(.text)
    __aeabi_memclr8                          0x08005d7f   Thumb Code     0  memseta.o(.text)
    memset                                   0x08005d83   Thumb Code    18  memseta.o(.text)
    strlen                                   0x08005d95   Thumb Code    14  strlen.o(.text)
    strcpy                                   0x08005da3   Thumb Code    18  strcpy.o(.text)
    __aeabi_uidiv                            0x08005db5   Thumb Code     0  uidiv.o(.text)
    __aeabi_uidivmod                         0x08005db5   Thumb Code    44  uidiv.o(.text)
    __scatterload                            0x08005de1   Thumb Code    28  init.o(.text)
    __scatterload_rt2                        0x08005de1   Thumb Code     0  init.o(.text)
    __0printf$3                              0x08005e05   Thumb Code    22  printf3.o(i.__0printf$3)
    __1printf$3                              0x08005e05   Thumb Code     0  printf3.o(i.__0printf$3)
    __2printf                                0x08005e05   Thumb Code     0  printf3.o(i.__0printf$3)
    __0sprintf$3                             0x08005e25   Thumb Code    34  printf3.o(i.__0sprintf$3)
    __1sprintf$3                             0x08005e25   Thumb Code     0  printf3.o(i.__0sprintf$3)
    __2sprintf                               0x08005e25   Thumb Code     0  printf3.o(i.__0sprintf$3)
    __scatterload_copy                       0x08005e4d   Thumb Code    14  handlers.o(i.__scatterload_copy)
    __scatterload_null                       0x08005e5b   Thumb Code     2  handlers.o(i.__scatterload_null)
    __scatterload_zeroinit                   0x08005e5d   Thumb Code    14  handlers.o(i.__scatterload_zeroinit)
    Region$$Table$$Base                      0x08006030   Number         0  anon$$obj.o(Region$$Table)
    Region$$Table$$Limit                     0x08006050   Number         0  anon$$obj.o(Region$$Table)
    SystemCoreClock                          0x20000000   Data           4  system_stm32f10x.o(.data)
    AHBPrescTable                            0x20000004   Data          16  system_stm32f10x.o(.data)
    StartTask_Handler                        0x20000014   Data           4  freertos_demo.o(.data)
    Task1_Handler                            0x20000018   Data           4  freertos_demo.o(.data)
    Task2_Handler                            0x2000001c   Data           4  freertos_demo.o(.data)
    Task3_Handler                            0x20000020   Data           4  freertos_demo.o(.data)
    __stdout                                 0x20000028   Data           4  usart.o(.data)
    USART_RX_STA                             0x2000002c   Data           2  usart.o(.data)
    pxCurrentTCB                             0x20000044   Data           4  tasks.o(.data)
    uxTopUsedPriority                        0x2000007c   Data           4  tasks.o(.data)
    test_444                                 0x20000084   Data           4  tasks.o(.data)
    test                                     0x200000c8   Data          12  freertos_demo.o(.bss)
    USART_RX_BUF                             0x200000d4   Data         200  usart.o(.bss)
    xQueueRegistry                           0x2000019c   Data          64  queue.o(.bss)
    __initial_sp                             0x200018e8   Data           0  startup_stm32f10x_hd.o(STACK)



==============================================================================

Memory Map of the image

  Image Entry point : 0x08000131

  Load Region LR_IROM1 (Base: 0x08000000, Size: 0x00006118, Max: 0x00040000, ABSOLUTE)

    Execution Region ER_IROM1 (Base: 0x08000000, Size: 0x00006050, Max: 0x00040000, ABSOLUTE)

    Base Addr    Size         Type   Attr      Idx    E Section Name        Object

    0x08000000   0x00000130   Data   RO          366    RESET               startup_stm32f10x_hd.o
    0x08000130   0x00000000   Code   RO          649  * .ARM.Collect$$$$00000000  mc_w.l(entry.o)
    0x08000130   0x00000004   Code   RO          925    .ARM.Collect$$$$00000001  mc_w.l(entry2.o)
    0x08000134   0x00000004   Code   RO          928    .ARM.Collect$$$$00000004  mc_w.l(entry5.o)
    0x08000138   0x00000000   Code   RO          930    .ARM.Collect$$$$00000008  mc_w.l(entry7b.o)
    0x08000138   0x00000000   Code   RO          932    .ARM.Collect$$$$0000000A  mc_w.l(entry8b.o)
    0x08000138   0x00000008   Code   RO          933    .ARM.Collect$$$$0000000B  mc_w.l(entry9a.o)
    0x08000140   0x00000000   Code   RO          935    .ARM.Collect$$$$0000000D  mc_w.l(entry10a.o)
    0x08000140   0x00000000   Code   RO          937    .ARM.Collect$$$$0000000F  mc_w.l(entry11a.o)
    0x08000140   0x00000004   Code   RO          926    .ARM.Collect$$$$00002712  mc_w.l(entry2.o)
    0x08000144   0x00000096   Code   RO          604    .emb_text           port.o
    0x080001da   0x0000002c   Code   RO            1    .text               main.o
    0x08000206   0x00000014   Code   RO          133    .text               stm32f10x_it.o
    0x0800021a   0x00000002   PAD
    0x0800021c   0x000001e0   Code   RO          174    .text               system_stm32f10x.o
    0x080003fc   0x00000178   Code   RO          192    .text               freertos_demo.o
    0x08000574   0x00000118   Code   RO          250    .text               key.o
    0x0800068c   0x00000074   Code   RO          263    .text               timer.o
    0x08000700   0x000000ac   Code   RO          275    .text               pwm.o
    0x080007ac   0x000000c0   Code   RO          287    .text               delay.o
    0x0800086c   0x00000148   Code   RO          331    .text               usart.o
    0x080009b4   0x00000024   Code   RO          367    .text               startup_stm32f10x_hd.o
    0x080009d8   0x0000035c   Code   RO          371    .text               stm32f10x_gpio.o
    0x08000d34   0x000003a4   Code   RO          383    .text               stm32f10x_rcc.o
    0x080010d8   0x00000408   Code   RO          397    .text               stm32f10x_usart.o
    0x080014e0   0x000000dc   Code   RO          409    .text               misc.o
    0x080015bc   0x00000e1a   Code   RO          421    .text               stm32f10x_tim.o
    0x080023d6   0x00000094   Code   RO          485    .text               list.o
    0x0800246a   0x00000002   PAD
    0x0800246c   0x00001074   Code   RO          500    .text               queue.o
    0x080034e0   0x00001b2c   Code   RO          552    .text               tasks.o
    0x0800500c   0x00000724   Code   RO          583    .text               timers.o
    0x08005730   0x000002dc   Code   RO          605    .text               port.o
    0x08005a0c   0x00000340   Code   RO          634    .text               heap_4.o
    0x08005d4c   0x00000024   Code   RO          652    .text               mc_w.l(memcpya.o)
    0x08005d70   0x00000024   Code   RO          656    .text               mc_w.l(memseta.o)
    0x08005d94   0x0000000e   Code   RO          658    .text               mc_w.l(strlen.o)
    0x08005da2   0x00000012   Code   RO          660    .text               mc_w.l(strcpy.o)
    0x08005db4   0x0000002c   Code   RO          939    .text               mc_w.l(uidiv.o)
    0x08005de0   0x00000024   Code   RO          954    .text               mc_w.l(init.o)
    0x08005e04   0x00000020   Code   RO          753    i.__0printf$3       mc_w.l(printf3.o)
    0x08005e24   0x00000028   Code   RO          755    i.__0sprintf$3      mc_w.l(printf3.o)
    0x08005e4c   0x0000000e   Code   RO          966    i.__scatterload_copy  mc_w.l(handlers.o)
    0x08005e5a   0x00000002   Code   RO          967    i.__scatterload_null  mc_w.l(handlers.o)
    0x08005e5c   0x0000000e   Code   RO          968    i.__scatterload_zeroinit  mc_w.l(handlers.o)
    0x08005e6a   0x00000002   PAD
    0x08005e6c   0x000001b8   Code   RO          760    i._printf_core      mc_w.l(printf3.o)
    0x08006024   0x0000000a   Code   RO          762    i._sputc            mc_w.l(printf3.o)
    0x0800602e   0x00000002   PAD
    0x08006030   0x00000020   Data   RO          964    Region$$Table       anon$$obj.o


    Execution Region RW_IRAM1 (Base: 0x20000000, Size: 0x000018e8, Max: 0x0000c000, ABSOLUTE)

    Base Addr    Size         Type   Attr      Idx    E Section Name        Object

    0x20000000   0x00000014   Data   RW          175    .data               system_stm32f10x.o
    0x20000014   0x00000010   Data   RW          194    .data               freertos_demo.o
    0x20000024   0x00000001   Data   RW          251    .data               key.o
    0x20000025   0x00000001   Data   RW          288    .data               delay.o
    0x20000026   0x00000002   PAD
    0x20000028   0x00000006   Data   RW          333    .data               usart.o
    0x2000002e   0x00000014   Data   RW          384    .data               stm32f10x_rcc.o
    0x20000042   0x00000002   PAD
    0x20000044   0x00000044   Data   RW          554    .data               tasks.o
    0x20000088   0x00000014   Data   RW          585    .data               timers.o
    0x2000009c   0x0000000c   Data   RW          606    .data               port.o
    0x200000a8   0x00000020   Data   RW          636    .data               heap_4.o
    0x200000c8   0x0000000c   Zero   RW          193    .bss                freertos_demo.o
    0x200000d4   0x000000c8   Zero   RW          332    .bss                usart.o
    0x2000019c   0x00000040   Zero   RW          501    .bss                queue.o
    0x200001dc   0x000002e4   Zero   RW          553    .bss                tasks.o
    0x200004c0   0x00000028   Zero   RW          584    .bss                timers.o
    0x200004e8   0x00001000   Zero   RW          635    .bss                heap_4.o
    0x200014e8   0x00000400   Zero   RW          364    STACK               startup_stm32f10x_hd.o


==============================================================================

Image component sizes


      Code (inc. data)   RO Data    RW Data    ZI Data      Debug   Object Name

       192         12          0          1          0       1307   delay.o
         0          0          0          0          0      13664   event_groups.o
       376         76          0         16         12      15588   freertos_demo.o
       832         88          0         32       4096       3786   heap_4.o
       280         18          0          1          0        844   key.o
       148          0          0          0          0       1950   list.o
        44          0          0          0          0     253867   main.o
       220         22          0          0          0       1813   misc.o
       882        102          0         12          0       7695   port.o
       172          8          0          0          0        827   pwm.o
      4212         56          0          0         64      20826   queue.o
        36          8        304          0       1024        800   startup_stm32f10x_hd.o
       860         38          0          0          0       5745   stm32f10x_gpio.o
        20          0          0          0          0        915   stm32f10x_it.o
       932         36          0         20          0       8932   stm32f10x_rcc.o
      3610         88          0          0          0      22856   stm32f10x_tim.o
      1032         22          0          0          0       8472   stm32f10x_usart.o
         0          0          0          0          0         32   sys.o
       480         38          0         20          0       1755   system_stm32f10x.o
      6956        444          0         68        740      37692   tasks.o
       116          4          0          0          0        792   timer.o
      1828        108          0         20         40      14784   timers.o
       328         16          0          6        200       3190   usart.o

    ----------------------------------------------------------------------
     23560       1184        336        200       6176     428132   Object Totals
         0          0         32          0          0          0   (incl. Generated)
         4          0          0          4          0          0   (incl. Padding)

    ----------------------------------------------------------------------

      Code (inc. data)   RO Data    RW Data    ZI Data      Debug   Library Member Name

         0          0          0          0          0          0   entry.o
         0          0          0          0          0          0   entry10a.o
         0          0          0          0          0          0   entry11a.o
         8          4          0          0          0          0   entry2.o
         4          0          0          0          0          0   entry5.o
         0          0          0          0          0          0   entry7b.o
         0          0          0          0          0          0   entry8b.o
         8          4          0          0          0          0   entry9a.o
        30          0          0          0          0          0   handlers.o
        36          8          0          0          0         68   init.o
        36          0          0          0          0         68   memcpya.o
        36          0          0          0          0        108   memseta.o
       522         20          0          0          0        336   printf3.o
        18          0          0          0          0         68   strcpy.o
        14          0          0          0          0         68   strlen.o
        44          0          0          0          0         80   uidiv.o

    ----------------------------------------------------------------------
       760         36          0          0          0        796   Library Totals
         4          0          0          0          0          0   (incl. Padding)

    ----------------------------------------------------------------------

      Code (inc. data)   RO Data    RW Data    ZI Data      Debug   Library Name

       756         36          0          0          0        796   mc_w.l

    ----------------------------------------------------------------------
       760         36          0          0          0        796   Library Totals

    ----------------------------------------------------------------------

==============================================================================


      Code (inc. data)   RO Data    RW Data    ZI Data      Debug   

     24320       1220        336        200       6176     426844   Grand Totals
     24320       1220        336        200       6176     426844   ELF Image Totals
     24320       1220        336        200          0          0   ROM Totals

==============================================================================

    Total RO  Size (Code + RO Data)                24656 (  24.08kB)
    Total RW  Size (RW Data + ZI Data)              6376 (   6.23kB)
    Total ROM Size (Code + RO Data + RW Data)      24856 (  24.27kB)

==============================================================================

