Component: ARM Compiler 5.06 update 1 (build 61) Tool: armlink [4d35a8]

==============================================================================

Section Cross References

    main.o(.text) refers to misc.o(.text) for NVIC_PriorityGroupConfig
    main.o(.text) refers to delay.o(.text) for delay_init
    main.o(.text) refers to usart.o(.text) for uart_init
    main.o(.text) refers to pwm.o(.text) for PWM_Init
    main.o(.text) refers to key.o(.text) for KEY_Init
    main.o(.text) refers to myi2c.o(.text) for IIC_init
    main.o(.text) refers to printf8.o(i.__0printf$8) for __2printf
    main.o(.text) refers to dht20.o(.text) for DHT20_W_Reg
    main.o(.text) refers to main.o(.data) for data
    system_stm32f10x.o(.text) refers to system_stm32f10x.o(.data) for SystemCoreClock
    freertos_demo.o(.text) refers to stm32f10x_gpio.o(.text) for GPIO_ReadInputDataBit
    freertos_demo.o(.text) refers to usart.o(.text) for SendPack
    freertos_demo.o(.text) refers to tasks.o(.text) for vTaskDelay
    freertos_demo.o(.text) refers to pwm.o(.text) for PWM_SetCompare1
    freertos_demo.o(.text) refers to port.o(.text) for vPortEnterCritical
    freertos_demo.o(.text) refers to freertos_demo.o(.bss) for test111
    freertos_demo.o(.text) refers to freertos_demo.o(.data) for key0_out
    freertos_demo.o(.text) refers to usart.o(.data) for TxData
    led.o(.text) refers to stm32f10x_rcc.o(.text) for RCC_APB2PeriphClockCmd
    led.o(.text) refers to stm32f10x_gpio.o(.text) for GPIO_Init
    key.o(.text) refers to stm32f10x_rcc.o(.text) for RCC_APB2PeriphClockCmd
    key.o(.text) refers to stm32f10x_gpio.o(.text) for GPIO_PinRemapConfig
    key.o(.text) refers to delay.o(.text) for delay_ms
    key.o(.text) refers to key.o(.data) for key_up
    timer.o(.text) refers to stm32f10x_rcc.o(.text) for RCC_APB1PeriphClockCmd
    timer.o(.text) refers to stm32f10x_tim.o(.text) for TIM_TimeBaseInit
    timer.o(.text) refers to misc.o(.text) for NVIC_Init
    pwm.o(.text) refers to stm32f10x_rcc.o(.text) for RCC_APB2PeriphClockCmd
    pwm.o(.text) refers to stm32f10x_gpio.o(.text) for GPIO_Init
    pwm.o(.text) refers to stm32f10x_tim.o(.text) for TIM_InternalClockConfig
    myi2c.o(.text) refers to stm32f10x_rcc.o(.text) for RCC_APB1PeriphClockCmd
    myi2c.o(.text) refers to stm32f10x_gpio.o(.text) for GPIO_Init
    myi2c.o(.text) refers to stm32f10x_i2c.o(.text) for I2C_Init
    dht20.o(.text) refers to stm32f10x_i2c.o(.text) for I2C_GenerateSTART
    dht20.o(.text) refers to printf8.o(i.__0printf$8) for __2printf
    dht20.o(.text) refers to delay.o(.text) for delay_ms
    delay.o(.text) refers to tasks.o(.text) for xTaskGetSchedulerState
    delay.o(.text) refers to port.o(.text) for xPortSysTickHandler
    delay.o(.text) refers to misc.o(.text) for SysTick_CLKSourceConfig
    delay.o(.text) refers to system_stm32f10x.o(.data) for SystemCoreClock
    delay.o(.text) refers to delay.o(.data) for fac_us
    usart.o(.text) refers to stm32f10x_rcc.o(.text) for RCC_APB2PeriphClockCmd
    usart.o(.text) refers to stm32f10x_gpio.o(.text) for GPIO_Init
    usart.o(.text) refers to misc.o(.text) for NVIC_Init
    usart.o(.text) refers to stm32f10x_usart.o(.text) for USART_Init
    usart.o(.text) refers to freertos_demo.o(.bss) for test111
    usart.o(.text) refers to usart.o(.data) for Res
    startup_stm32f10x_hd.o(RESET) refers to startup_stm32f10x_hd.o(STACK) for __initial_sp
    startup_stm32f10x_hd.o(RESET) refers to startup_stm32f10x_hd.o(.text) for Reset_Handler
    startup_stm32f10x_hd.o(RESET) refers to stm32f10x_it.o(.text) for NMI_Handler
    startup_stm32f10x_hd.o(RESET) refers to port.o(.emb_text) for SVC_Handler
    startup_stm32f10x_hd.o(RESET) refers to delay.o(.text) for SysTick_Handler
    startup_stm32f10x_hd.o(RESET) refers to timer.o(.text) for TIM3_IRQHandler
    startup_stm32f10x_hd.o(RESET) refers to usart.o(.text) for USART1_IRQHandler
    startup_stm32f10x_hd.o(.text) refers to system_stm32f10x.o(.text) for SystemInit
    startup_stm32f10x_hd.o(.text) refers to entry.o(.ARM.Collect$$$$00000000) for __main
    stm32f10x_gpio.o(.text) refers to stm32f10x_rcc.o(.text) for RCC_APB2PeriphResetCmd
    stm32f10x_rcc.o(.text) refers to stm32f10x_rcc.o(.data) for APBAHBPrescTable
    stm32f10x_usart.o(.text) refers to stm32f10x_rcc.o(.text) for RCC_APB2PeriphResetCmd
    stm32f10x_tim.o(.text) refers to stm32f10x_rcc.o(.text) for RCC_APB2PeriphResetCmd
    stm32f10x_i2c.o(.text) refers to stm32f10x_rcc.o(.text) for RCC_APB1PeriphResetCmd
    event_groups.o(.text) refers to heap_4.o(.text) for pvPortMalloc
    event_groups.o(.text) refers to list.o(.text) for vListInitialise
    event_groups.o(.text) refers to printf8.o(i.__0printf$8) for __2printf
    event_groups.o(.text) refers to tasks.o(.text) for vTaskSuspendAll
    event_groups.o(.text) refers to port.o(.text) for vPortEnterCritical
    event_groups.o(.text) refers to timers.o(.text) for xTimerPendFunctionCallFromISR
[...]
    printf7.o(i.__0sprintf$7) refers to printf7.o(i._sputc) for _sputc
    printf7.o(i.__0vfprintf$7) refers to printf7.o(i._printf_core) for _printf_core
    printf7.o(i.__0vfprintf$7) refers to usart.o(.text) for fputc
    printf7.o(i.__0vprintf$7) refers to printf7.o(i._printf_core) for _printf_core
    printf7.o(i.__0vprintf$7) refers to usart.o(.text) for fputc
    printf7.o(i.__0vprintf$7) refers to usart.o(.data) for __stdout
    printf7.o(i.__0vsnprintf$7) refers to printf7.o(i._printf_core) for _printf_core
    printf7.o(i.__0vsnprintf$7) refers to printf7.o(i._snputc) for _snputc
    printf7.o(i.__0vsprintf$7) refers to printf7.o(i._printf_core) for _printf_core
    printf7.o(i.__0vsprintf$7) refers to printf7.o(i._sputc) for _sputc
    printf7.o(i._printf_core) refers to printf7.o(i._printf_pre_padding) for _printf_pre_padding
    printf7.o(i._printf_core) refers to uldiv.o(.text) for __aeabi_uldivmod
    printf7.o(i._printf_core) refers to printf7.o(i._printf_post_padding) for _printf_post_padding
    printf8.o(i.__0fprintf$8) refers to printf8.o(i._printf_core) for _printf_core
    printf8.o(i.__0fprintf$8) refers to usart.o(.text) for fputc
    printf8.o(i.__0printf$8) refers to printf8.o(i._printf_core) for _printf_core
    printf8.o(i.__0printf$8) refers to usart.o(.text) for fputc
    printf8.o(i.__0printf$8) refers to usart.o(.data) for __stdout
    printf8.o(i.__0snprintf$8) refers to printf8.o(i._printf_core) for _printf_core
    printf8.o(i.__0snprintf$8) refers to printf8.o(i._snputc) for _snputc
    printf8.o(i.__0sprintf$8) refers to printf8.o(i._printf_core) for _printf_core
    printf8.o(i.__0sprintf$8) refers to printf8.o(i._sputc) for _sputc
    printf8.o(i.__0vfprintf$8) refers to printf8.o(i._printf_core) for _printf_core
    printf8.o(i.__0vfprintf$8) refers to usart.o(.text) for fputc
    printf8.o(i.__0vprintf$8) refers to printf8.o(i._printf_core) for _printf_core
    printf8.o(i.__0vprintf$8) refers to usart.o(.text) for fputc
    printf8.o(i.__0vprintf$8) refers to usart.o(.data) for __stdout
    printf8.o(i.__0vsnprintf$8) refers to printf8.o(i._printf_core) for _printf_core
    printf8.o(i.__0vsnprintf$8) refers to printf8.o(i._snputc) for _snputc
    printf8.o(i.__0vsprintf$8) refers to printf8.o(i._printf_core) for _printf_core
    printf8.o(i.__0vsprintf$8) refers to printf8.o(i._sputc) for _sputc
    printf8.o(i._printf_core) refers to printf8.o(i._printf_pre_padding) for _printf_pre_padding
    printf8.o(i._printf_core) refers to uldiv.o(.text) for __aeabi_uldivmod
    printf8.o(i._printf_core) refers to printf8.o(i._printf_post_padding) for _printf_post_padding
    printfa.o(i.__0fprintf) refers (Special) to iusefp.o(.text) for __I$use$fp
    printfa.o(i.__0fprintf) refers to printfa.o(i._printf_core) for _printf_core
    printfa.o(i.__0fprintf) refers to usart.o(.text) for fputc
    printfa.o(i.__0printf) refers (Special) to iusefp.o(.text) for __I$use$fp
    printfa.o(i.__0printf) refers to printfa.o(i._printf_core) for _printf_core
    printfa.o(i.__0printf) refers to usart.o(.text) for fputc
    printfa.o(i.__0printf) refers to usart.o(.data) for __stdout
    printfa.o(i.__0snprintf) refers (Special) to iusefp.o(.text) for __I$use$fp
    printfa.o(i.__0snprintf) refers to printfa.o(i._printf_core) for _printf_core
    printfa.o(i.__0snprintf) refers to printfa.o(i._snputc) for _snputc
    printfa.o(i.__0sprintf) refers (Special) to iusefp.o(.text) for __I$use$fp
    printfa.o(i.__0sprintf) refers to printfa.o(i._printf_core) for _printf_core
    printfa.o(i.__0sprintf) refers to printfa.o(i._sputc) for _sputc
    printfa.o(i.__0vfprintf) refers (Special) to iusefp.o(.text) for __I$use$fp
    printfa.o(i.__0vfprintf) refers to printfa.o(i._printf_core) for _printf_core
    printfa.o(i.__0vfprintf) refers to usart.o(.text) for fputc
    printfa.o(i.__0vprintf) refers (Special) to iusefp.o(.text) for __I$use$fp
    printfa.o(i.__0vprintf) refers to printfa.o(i._printf_core) for _printf_core
    printfa.o(i.__0vprintf) refers to usart.o(.text) for fputc
    printfa.o(i.__0vprintf) refers to usart.o(.data) for __stdout
    printfa.o(i.__0vsnprintf) refers (Special) to iusefp.o(.text) for __I$use$fp
    printfa.o(i.__0vsnprintf) refers to printfa.o(i._printf_core) for _printf_core
    printfa.o(i.__0vsnprintf) refers to printfa.o(i._snputc) for _snputc
    printfa.o(i.__0vsprintf) refers (Special) to iusefp.o(.text) for __I$use$fp
    printfa.o(i.__0vsprintf) refers to printfa.o(i._printf_core) for _printf_core
    printfa.o(i.__0vsprintf) refers to printfa.o(i._sputc) for _sputc
    printfa.o(i._fp_digits) refers (Special) to iusefp.o(.text) for __I$use$fp
    printfa.o(i._fp_digits) refers to dmul.o(.text) for __aeabi_dmul
    printfa.o(i._fp_digits) refers to ddiv.o(.text) for __aeabi_ddiv
    printfa.o(i._fp_digits) refers to cdrcmple.o(.text) for __aeabi_cdrcmple
    printfa.o(i._fp_digits) refers to dadd.o(.text) for __aeabi_dadd
    printfa.o(i._fp_digits) refers to dfixul.o(.text) for __aeabi_d2ulz
    printfa.o(i._fp_digits) refers to uldiv.o(.text) for __aeabi_uldivmod
    printfa.o(i._printf_core) refers (Special) to iusefp.o(.text) for __I$use$fp
    printfa.o(i._printf_core) refers to printfa.o(i._printf_pre_padding) for _printf_pre_padding
    printfa.o(i._printf_core) refers to uldiv.o(.text) for __aeabi_uldivmod
    printfa.o(i._printf_core) refers to printfa.o(i._printf_post_padding) for _printf_post_padding
    printfa.o(i._printf_core) refers to printfa.o(i._fp_digits) for _fp_digits
    printfa.o(i._printf_core) refers to uidiv.o(.text) for __aeabi_uidivmod
    printfa.o(i._printf_post_padding) refers (Special) to iusefp.o(.text) for __I$use$fp
    printfa.o(i._printf_pre_padding) refers (Special) to iusefp.o(.text) for __I$use$fp
    printfa.o(i._snputc) refers (Special) to iusefp.o(.text) for __I$use$fp
    printfa.o(i._sputc) refers (Special) to iusefp.o(.text) for __I$use$fp
    entry2.o(.ARM.Collect$$$$00000001) refers to entry2.o(.ARM.Collect$$$$00002712) for __lit__00000000
    entry2.o(.ARM.Collect$$$$00002712) refers to startup_stm32f10x_hd.o(STACK) for __initial_sp
    entry2.o(__vectab_stack_and_reset_area) refers to startup_stm32f10x_hd.o(STACK) for __initial_sp
    entry2.o(__vectab_stack_and_reset_area) refers to entry.o(.ARM.Collect$$$$00000000) for __main
    entry5.o(.ARM.Collect$$$$00000004) refers to init.o(.text) for __scatterload
    entry9a.o(.ARM.Collect$$$$0000000B) refers to main.o(.text) for main
    entry9b.o(.ARM.Collect$$$$0000000C) refers to main.o(.text) for main
    uldiv.o(.text) refers to llushr.o(.text) for __aeabi_llsr
    uldiv.o(.text) refers to llshl.o(.text) for __aeabi_llsl
    dadd.o(.text) refers to llshl.o(.text) for __aeabi_llsl
    dadd.o(.text) refers to llsshr.o(.text) for __aeabi_lasr
    dadd.o(.text) refers to depilogue.o(.text) for _double_epilogue
    dmul.o(.text) refers to depilogue.o(.text) for _double_epilogue
    ddiv.o(.text) refers to depilogue.o(.text) for _double_round
    dfixul.o(.text) refers to llushr.o(.text) for __aeabi_llsr
    dfixul.o(.text) refers to llshl.o(.text) for __aeabi_llsl
    init.o(.text) refers to entry5.o(.ARM.Collect$$$$00000004) for __main_after_scatterload
    depilogue.o(.text) refers to llshl.o(.text) for __aeabi_llsl
    depilogue.o(.text) refers to llushr.o(.text) for __aeabi_llsr


==============================================================================

Removing Unused input sections from the image.

    Removing freertos_demo.o(.text), (468 bytes).
    Removing freertos_demo.o(.data), (17 bytes).
    Removing led.o(.text), (80 bytes).
    Removing sys.o(.emb_text), (6 bytes).
    Removing sys.o(.text), (12 bytes).
    Removing usart.o(.bss), (200 bytes).
    Removing core_cm3.o(.emb_text), (32 bytes).
    Removing startup_stm32f10x_hd.o(HEAP), (0 bytes).
    Removing event_groups.o(.text), (1118 bytes).
    Removing stream_buffer.o(.text), (2358 bytes).
    Removing dadd.o(.text), (334 bytes).
    Removing dmul.o(.text), (228 bytes).
    Removing ddiv.o(.text), (222 bytes).
    Removing dfixul.o(.text), (48 bytes).
    Removing cdrcmple.o(.text), (48 bytes).
    Removing depilogue.o(.text), (186 bytes).

16 unused section(s) (total 5357 bytes) removed from the image.

==============================================================================

Image Symbol Table

    Local Symbols

    Symbol Name                              Value     Ov Type        Size  Object(Section)

    ../clib/microlib/division.c              0x00000000   Number         0  uldiv.o ABSOLUTE
    ../clib/microlib/division.c              0x00000000   Number         0  uidiv.o ABSOLUTE
    ../clib/microlib/init/entry.s            0x00000000   Number         0  entry9b.o ABSOLUTE
    ../clib/microlib/init/entry.s            0x00000000   Number         0  entry11b.o ABSOLUTE
    ../clib/microlib/init/entry.s            0x00000000   Number         0  entry11a.o ABSOLUTE
    ../clib/microlib/init/entry.s            0x00000000   Number         0  entry10b.o ABSOLUTE
    ../clib/microlib/init/entry.s            0x00000000   Number         0  entry10a.o ABSOLUTE
    ../clib/microlib/init/entry.s            0x00000000   Number         0  entry5.o ABSOLUTE
    ../clib/microlib/init/entry.s            0x00000000   Number         0  entry2.o ABSOLUTE
    ../clib/microlib/init/entry.s            0x00000000   Number         0  entry8b.o ABSOLUTE
    ../clib/microlib/init/entry.s            0x00000000   Number         0  entry.o ABSOLUTE
    ../clib/microlib/init/entry.s            0x00000000   Number         0  entry8a.o ABSOLUTE
    ../clib/microlib/init/entry.s            0x00000000   Number         0  entry7b.o ABSOLUTE
    ../clib/microlib/init/entry.s            0x00000000   Number         0  entry7a.o ABSOLUTE
    ../clib/microlib/init/entry.s            0x00000000   Number         0  entry9a.o ABSOLUTE
    ../clib/microlib/longlong.c              0x00000000   Number         0  llushr.o ABSOLUTE
    ../clib/microlib/longlong.c              0x00000000   Number         0  llsshr.o ABSOLUTE
    ../clib/microlib/longlong.c              0x00000000   Number         0  llshl.o ABSOLUTE
    ../clib/microlib/printf/printf.c         0x00000000   Number         0  printf1.o ABSOLUTE
    ../clib/microlib/printf/printf.c         0x00000000   Number         0  printf0.o ABSOLUTE
    ../clib/microlib/printf/printf.c         0x00000000   Number         0  printfa.o ABSOLUTE
    ../clib/microlib/printf/printf.c         0x00000000   Number         0  printf8.o ABSOLUTE
    ../clib/microlib/printf/printf.c         0x00000000   Number         0  printf7.o ABSOLUTE
    ../clib/microlib/printf/printf.c         0x00000000   Number         0  printf5.o ABSOLUTE
    ../clib/microlib/printf/printf.c         0x00000000   Number         0  printfb.o ABSOLUTE
    ../clib/microlib/printf/printf.c         0x00000000   Number         0  printf6.o ABSOLUTE
    ../clib/microlib/printf/printf.c         0x00000000   Number         0  printf4.o ABSOLUTE
    ../clib/microlib/printf/printf.c         0x00000000   Number         0  printf3.o ABSOLUTE
    ../clib/microlib/printf/printf.c         0x00000000   Number         0  printf2.o ABSOLUTE
    ../clib/microlib/printf/stubs.s          0x00000000   Number         0  stubs.o ABSOLUTE
    ../clib/microlib/string/memcpy.c         0x00000000   Number         0  memcpya.o ABSOLUTE
    ../clib/microlib/string/memcpy.c         0x00000000   Number         0  memcpyb.o ABSOLUTE
    ../clib/microlib/string/memset.c         0x00000000   Number         0  memset.o ABSOLUTE
    ../clib/microlib/string/memset.c         0x00000000   Number         0  memseta.o ABSOLUTE
    ../clib/microlib/string/strcpy.c         0x00000000   Number         0  strcpy.o ABSOLUTE
    ../clib/microlib/string/strlen.c         0x00000000   Number         0  strlen.o ABSOLUTE
    ../clib/microlib/stubs.s                 0x00000000   Number         0  iusefp.o ABSOLUTE
    ../clib/microlib/stubs.s                 0x00000000   Number         0  useno.o ABSOLUTE
    ../fplib/microlib/fpadd.c                0x00000000   Number         0  dadd.o ABSOLUTE
    ../fplib/microlib/fpdiv.c                0x00000000   Number         0  ddiv.o ABSOLUTE
    ../fplib/microlib/fpepilogue.c           0x00000000   Number         0  depilogue.o ABSOLUTE
    ../fplib/microlib/fpfix.c                0x00000000   Number         0  dfixul.o ABSOLUTE
    ../fplib/microlib/fpmul.c                0x00000000   Number         0  dmul.o ABSOLUTE
    ..\CORE\core_cm3.c                       0x00000000   Number         0  core_cm3.o ABSOLUTE
    ..\CORE\startup_stm32f10x_hd.s           0x00000000   Number         0  startup_stm32f10x_hd.o ABSOLUTE
    ..\FreeRTOS\croutine.c                   0x00000000   Number         0  croutine.o ABSOLUTE
    ..\FreeRTOS\event_groups.c               0x00000000   Number         0  event_groups.o ABSOLUTE
    ..\FreeRTOS\list.c                       0x00000000   Number         0  list.o ABSOLUTE
    ..\FreeRTOS\portable\MemMang\heap_4.c    0x00000000   Number         0  heap_4.o ABSOLUTE
    ..\FreeRTOS\portable\RVDS\ARM_CM3\port.c 0x00000000   Number         0  port.o ABSOLUTE
    ..\FreeRTOS\queue.c                      0x00000000   Number         0  queue.o ABSOLUTE
    ..\FreeRTOS\stream_buffer.c              0x00000000   Number         0  stream_buffer.o ABSOLUTE
    ..\FreeRTOS\tasks.c                      0x00000000   Number         0  tasks.o ABSOLUTE
    ..\FreeRTOS\timers.c                     0x00000000   Number         0  timers.o ABSOLUTE
    ..\HARDWARE\I2C\dht20.c                  0x00000000   Number         0  dht20.o ABSOLUTE
    ..\HARDWARE\I2C\myI2C.c                  0x00000000   Number         0  myi2c.o ABSOLUTE
    ..\HARDWARE\KEY\key.c                    0x00000000   Number         0  key.o ABSOLUTE
    ..\HARDWARE\LED\led.c                    0x00000000   Number         0  led.o ABSOLUTE
    ..\HARDWARE\TIMER\PWM.c                  0x00000000   Number         0  pwm.o ABSOLUTE
    ..\HARDWARE\TIMER\timer.c                0x00000000   Number         0  timer.o ABSOLUTE
    ..\STM32F10x_FWLib\src\misc.c            0x00000000   Number         0  misc.o ABSOLUTE
    ..\STM32F10x_FWLib\src\stm32f10x_gpio.c  0x00000000   Number         0  stm32f10x_gpio.o ABSOLUTE
    ..\STM32F10x_FWLib\src\stm32f10x_i2c.c   0x00000000   Number         0  stm32f10x_i2c.o ABSOLUTE
    ..\STM32F10x_FWLib\src\stm32f10x_rcc.c   0x00000000   Number         0  stm32f10x_rcc.o ABSOLUTE
    ..\STM32F10x_FWLib\src\stm32f10x_tim.c   0x00000000   Number         0  stm32f10x_tim.o ABSOLUTE
    ..\STM32F10x_FWLib\src\stm32f10x_usart.c 0x00000000   Number         0  stm32f10x_usart.o ABSOLUTE
    ..\SYSTEM\delay\delay.c                  0x00000000   Number         0  delay.o ABSOLUTE
    ..\SYSTEM\sys\sys.c                      0x00000000   Number         0  sys.o ABSOLUTE
    ..\SYSTEM\usart\usart.c                  0x00000000   Number         0  usart.o ABSOLUTE
    ..\\CORE\\core_cm3.c                     0x00000000   Number         0  core_cm3.o ABSOLUTE
    ..\\FreeRTOS\\portable\\RVDS\\ARM_CM3\\port.c 0x00000000   Number         0  port.o ABSOLUTE
    ..\\SYSTEM\\sys\\sys.c                   0x00000000   Number         0  sys.o ABSOLUTE
    cdrcmple.s                               0x00000000   Number         0  cdrcmple.o ABSOLUTE
    dc.s                                     0x00000000   Number         0  dc.o ABSOLUTE
    freertos_demo.c                          0x00000000   Number         0  freertos_demo.o ABSOLUTE
    handlers.s                               0x00000000   Number         0  handlers.o ABSOLUTE
    init.s                                   0x00000000   Number         0  init.o ABSOLUTE
    main.c                                   0x00000000   Number         0  main.o ABSOLUTE
    stm32f10x_it.c                           0x00000000   Number         0  stm32f10x_it.o ABSOLUTE
    system_stm32f10x.c                       0x00000000   Number         0  system_stm32f10x.o ABSOLUTE
    RESET                                    0x08000000   Section      304  startup_stm32f10x_hd.o(RESET)
    .ARM.Collect$$$$00000000                 0x08000130   Section        0  entry.o(.ARM.Collect$$$$00000000)
    .ARM.Collect$$$$00000001                 0x08000130   Section        4  entry2.o(.ARM.Collect$$$$00000001)
    .ARM.Collect$$$$00000004                 0x08000134   Section        4  entry5.o(.ARM.Collect$$$$00000004)
    .ARM.Collect$$$$00000008                 0x08000138   Section        0  entry7b.o(.ARM.Collect$$$$00000008)
    .ARM.Collect$$$$0000000A                 0x08000138   Section        0  entry8b.o(.ARM.Collect$$$$0000000A)
    .ARM.Collect$$$$0000000B                 0x08000138   Section        8  entry9a.o(.ARM.Collect$$$$0000000B)
    .ARM.Collect$$$$0000000D                 0x08000140   Section        0  entry10a.o(.ARM.Collect$$$$0000000D)
    .ARM.Collect$$$$0000000F                 0x08000140   Section        0  entry11a.o(.ARM.Collect$$$$0000000F)
    .ARM.Collect$$$$00002712                 0x08000140   Section        4  entry2.o(.ARM.Collect$$$$00002712)
    __lit__00000000                          0x08000140   Data           4  entry2.o(.ARM.Collect$$$$00002712)
    .emb_text                                0x08000144   Section      150  port.o(.emb_text)
    .text                                    0x080001dc   Section        0  main.o(.text)
    .text                                    0x08000260   Section        0  stm32f10x_it.o(.text)
    .text                                    0x08000274   Section        0  system_stm32f10x.o(.text)
    SetSysClockTo72                          0x08000275   Thumb Code   214  system_stm32f10x.o(.text)
    SetSysClock                              0x0800034b   Thumb Code     8  system_stm32f10x.o(.text)
    .text                                    0x08000454   Section        0  key.o(.text)
    .text                                    0x0800056c   Section        0  timer.o(.text)
    .text                                    0x080005e0   Section        0  pwm.o(.text)
    .text                                    0x0800068c   Section        0  myi2c.o(.text)
    .text                                    0x08000700   Section        0  dht20.o(.text)
    .text                                    0x08000b40   Section        0  delay.o(.text)
    .text                                    0x08000c00   Section        0  usart.o(.text)
    .text                                    0x08000df0   Section       36  startup_stm32f10x_hd.o(.text)
    .text                                    0x08000e14   Section        0  stm32f10x_gpio.o(.text)
    .text                                    0x08001170   Section        0  stm32f10x_rcc.o(.text)
    .text                                    0x08001514   Section        0  stm32f10x_usart.o(.text)
    .text                                    0x0800191c   Section        0  misc.o(.text)
    .text                                    0x080019f8   Section        0  stm32f10x_tim.o(.text)
    TI4_Config                               0x08001e9f   Thumb Code   130  stm32f10x_tim.o(.text)
    TI3_Config                               0x08001f33   Thumb Code   122  stm32f10x_tim.o(.text)
    TI2_Config                               0x08001fc7   Thumb Code   130  stm32f10x_tim.o(.text)
    TI1_Config                               0x0800205b   Thumb Code   108  stm32f10x_tim.o(.text)
    .text                                    0x08002814   Section        0  stm32f10x_i2c.o(.text)
    .text                                    0x08002c18   Section        0  list.o(.text)
    .text                                    0x08002cac   Section        0  queue.o(.text)
    prvInitialiseNewQueue                    0x08002d35   Thumb Code    46  queue.o(.text)
    prvCopyDataToQueue                       0x08002de7   Thumb Code   126  queue.o(.text)
    prvNotifyQueueSetContainer               0x08002e65   Thumb Code   142  queue.o(.text)
    prvUnlockQueue                           0x08002ef3   Thumb Code   144  queue.o(.text)
    prvIsQueueFull                           0x08002f83   Thumb Code    30  queue.o(.text)
    prvInitialiseMutex                       0x08003175   Thumb Code    30  queue.o(.text)
    prvGetDisinheritPriorityAfterTimeout     0x080031f7   Thumb Code    20  queue.o(.text)
    prvIsQueueEmpty                          0x0800320b   Thumb Code    26  queue.o(.text)
    prvCopyDataFromQueue                     0x0800367b   Thumb Code    42  queue.o(.text)
    .text                                    0x08003d20   Section        0  tasks.o(.text)
    prvInitialiseTaskLists                   0x08003d21   Thumb Code    70  tasks.o(.text)
    prvAddNewTaskToReadyList                 0x08003d67   Thumb Code   156  tasks.o(.text)
    prvInitialiseNewTask                     0x08003e03   Thumb Code   180  tasks.o(.text)
    prvResetNextTaskUnblockTime              0x08003f17   Thumb Code    40  tasks.o(.text)
    prvDeleteTCB                             0x08003f3f   Thumb Code    18  tasks.o(.text)
    prvAddCurrentTaskToDelayedList           0x0800426f   Thumb Code   124  tasks.o(.text)
    prvTaskIsTaskSuspended                   0x08004767   Thumb Code    76  tasks.o(.text)
    prvCheckTasksWaitingTermination          0x080048cb   Thumb Code    60  tasks.o(.text)
    prvIdleTask                              0x08004907   Thumb Code    32  tasks.o(.text)
    prvTaskCheckFreeStackSpace               0x08004a55   Thumb Code    22  tasks.o(.text)
    prvListTasksWithinSingleList             0x08004ae9   Thumb Code   106  tasks.o(.text)
    prvWriteNameToBuffer                     0x08005121   Thumb Code    42  tasks.o(.text)
    .text                                    0x0800584c   Section        0  timers.o(.text)
    prvInsertTimerInActiveList               0x0800584d   Thumb Code    80  timers.o(.text)
    prvSwitchTimerLists                      0x08005913   Thumb Code   144  timers.o(.text)
    prvSampleTimeNow                         0x080059a3   Thumb Code    40  timers.o(.text)
    prvProcessReceivedCommands               0x080059cb   Thumb Code   318  timers.o(.text)
    prvProcessExpiredTimer                   0x08005b09   Thumb Code   100  timers.o(.text)
    prvProcessTimerOrBlockTask               0x08005b6d   Thumb Code   102  timers.o(.text)
    prvGetNextExpireTime                     0x08005bd3   Thumb Code    36  timers.o(.text)
    prvTimerTask                             0x08005bf7   Thumb Code    26  timers.o(.text)
    prvCheckForValidListAndQueue             0x08005c11   Thumb Code   148  timers.o(.text)
    prvInitialiseNewTimer                    0x08005ce1   Thumb Code    84  timers.o(.text)
    .text                                    0x08005f70   Section        0  port.o(.text)
    prvTaskExitError                         0x08005f71   Thumb Code    48  port.o(.text)
    .text                                    0x0800624c   Section        0  heap_4.o(.text)
    prvInsertBlockIntoFreeList               0x0800624d   Thumb Code    96  heap_4.o(.text)
    prvHeapInit                              0x080062ad   Thumb Code    98  heap_4.o(.text)
    .text                                    0x0800658c   Section        0  memcpya.o(.text)
    .text                                    0x080065b0   Section        0  memseta.o(.text)
    .text                                    0x080065d4   Section        0  strlen.o(.text)
    .text                                    0x080065e2   Section        0  strcpy.o(.text)
    .text                                    0x080065f4   Section        0  uldiv.o(.text)
    .text                                    0x08006658   Section       36  init.o(.text)
    .text                                    0x0800667c   Section        0  llshl.o(.text)
    .text                                    0x0800669a   Section        0  llushr.o(.text)
    i.__0printf$8                            0x080066bc   Section        0  printf8.o(i.__0printf$8)
    i.__0sprintf$8                           0x080066dc   Section        0  printf8.o(i.__0sprintf$8)
    i.__scatterload_copy                     0x08006704   Section       14  handlers.o(i.__scatterload_copy)
    i.__scatterload_null                     0x08006712   Section        2  handlers.o(i.__scatterload_null)
    i.__scatterload_zeroinit                 0x08006714   Section       14  handlers.o(i.__scatterload_zeroinit)
    i._printf_core                           0x08006724   Section        0  printf8.o(i._printf_core)
    _printf_core                             0x08006725   Thumb Code   996  printf8.o(i._printf_core)
    i._printf_post_padding                   0x08006b34   Section        0  printf8.o(i._printf_post_padding)
    _printf_post_padding                     0x08006b35   Thumb Code    36  printf8.o(i._printf_post_padding)
    i._printf_pre_padding                    0x08006b58   Section        0  printf8.o(i._printf_pre_padding)
    _printf_pre_padding                      0x08006b59   Thumb Code    46  printf8.o(i._printf_pre_padding)
    i._sputc                                 0x08006b86   Section        0  printf8.o(i._sputc)
    _sputc                                   0x08006b87   Thumb Code    10  printf8.o(i._sputc)
    .data                                    0x20000000   Section       10  main.o(.data)
    .data                                    0x2000000c   Section       20  system_stm32f10x.o(.data)
    .data                                    0x20000020   Section        1  key.o(.data)
    key_up                                   0x20000020   Data           1  key.o(.data)
    .data                                    0x20000021   Section        1  delay.o(.data)
    fac_us                                   0x20000021   Data           1  delay.o(.data)
    .data                                    0x20000024   Section       16  usart.o(.data)
    .data                                    0x20000034   Section       20  stm32f10x_rcc.o(.data)
    APBAHBPrescTable                         0x20000034   Data          16  stm32f10x_rcc.o(.data)
    ADCPrescTable                            0x20000044   Data           4  stm32f10x_rcc.o(.data)
    .data                                    0x20000048   Section       68  tasks.o(.data)
    pxDelayedTaskList                        0x2000004c   Data           4  tasks.o(.data)
    pxOverflowDelayedTaskList                0x20000050   Data           4  tasks.o(.data)
    uxDeletedTasksWaitingCleanUp             0x20000054   Data           4  tasks.o(.data)
    uxCurrentNumberOfTasks                   0x20000058   Data           4  tasks.o(.data)
    xTickCount                               0x2000005c   Data           4  tasks.o(.data)
    uxTopReadyPriority                       0x20000060   Data           4  tasks.o(.data)
    xSchedulerRunning                        0x20000064   Data           4  tasks.o(.data)
    xPendedTicks                             0x20000068   Data           4  tasks.o(.data)
    xYieldPending                            0x2000006c   Data           4  tasks.o(.data)
    xNumOfOverflows                          0x20000070   Data           4  tasks.o(.data)
    uxTaskNumber                             0x20000074   Data           4  tasks.o(.data)
    xNextTaskUnblockTime                     0x20000078   Data           4  tasks.o(.data)
    xIdleTaskHandle                          0x2000007c   Data           4  tasks.o(.data)
    uxSchedulerSuspended                     0x20000084   Data           4  tasks.o(.data)
    .data                                    0x2000008c   Section       20  timers.o(.data)
    pxCurrentTimerList                       0x2000008c   Data           4  timers.o(.data)
    pxOverflowTimerList                      0x20000090   Data           4  timers.o(.data)
    xTimerQueue                              0x20000094   Data           4  timers.o(.data)
    xTimerTaskHandle                         0x20000098   Data           4  timers.o(.data)
    xLastTime                                0x2000009c   Data           4  timers.o(.data)
    .data                                    0x200000a0   Section       12  port.o(.data)
    uxCriticalNesting                        0x200000a0   Data           4  port.o(.data)
    ucMaxSysCallPriority                     0x200000a4   Data           1  port.o(.data)
    ulMaxPRIGROUPValue                       0x200000a8   Data           4  port.o(.data)
    .data                                    0x200000ac   Section       32  heap_4.o(.data)
    xStart                                   0x200000ac   Data           8  heap_4.o(.data)
    pxEnd                                    0x200000b4   Data           4  heap_4.o(.data)
    xFreeBytesRemaining                      0x200000b8   Data           4  heap_4.o(.data)
    xMinimumEverFreeBytesRemaining           0x200000bc   Data           4  heap_4.o(.data)
    xNumberOfSuccessfulAllocations           0x200000c0   Data           4  heap_4.o(.data)
    xNumberOfSuccessfulFrees                 0x200000c4   Data           4  heap_4.o(.data)
    xBlockAllocatedBit                       0x200000c8   Data           4  heap_4.o(.data)
    .bss                                     0x200000cc   Section       12  freertos_demo.o(.bss)
    .bss                                     0x200000d8   Section       64  queue.o(.bss)
    .bss                                     0x20000118   Section      740  tasks.o(.bss)
    pxReadyTasksLists                        0x20000118   Data         640  tasks.o(.bss)
    xDelayedTaskList1                        0x20000398   Data          20  tasks.o(.bss)
    xDelayedTaskList2                        0x200003ac   Data          20  tasks.o(.bss)
    xPendingReadyList                        0x200003c0   Data          20  tasks.o(.bss)
    xTasksWaitingTermination                 0x200003d4   Data          20  tasks.o(.bss)
    xSuspendedTaskList                       0x200003e8   Data          20  tasks.o(.bss)
    .bss                                     0x200003fc   Section       40  timers.o(.bss)
    xActiveTimerList1                        0x200003fc   Data          20  timers.o(.bss)
    xActiveTimerList2                        0x20000410   Data          20  timers.o(.bss)
    .bss                                     0x20000424   Section     4096  heap_4.o(.bss)
    ucHeap                                   0x20000424   Data        4096  heap_4.o(.bss)
    STACK                                    0x20001428   Section     1024  startup_stm32f10x_hd.o(STACK)

    Global Symbols

    Symbol Name                              Value     Ov Type        Size  Object(Section)

    BuildAttributes$$THM_ISAv4$P$D$K$B$S$PE$A:L22UL41UL21$X:L11$S22US41US21$IEEE1$IW$USESV6$~STKCKD$USESV7$~SHL$OSPACE$ROPI$EBA8$MICROLIB$REQ8$PRES8$EABIv2 0x00000000   Number         0  anon$$obj.o ABSOLUTE
    __ARM_use_no_argv                        0x00000000   Number         0  main.o ABSOLUTE
    __use_no_errno                           0x00000000   Number         0  useno.o ABSOLUTE
    __use_no_exception_handling              0x00000000   Number         0  useno.o ABSOLUTE
    __use_no_fp                              0x00000000   Number         0  useno.o ABSOLUTE
    __use_no_heap                            0x00000000   Number         0  useno.o ABSOLUTE
    __use_no_heap_region                     0x00000000   Number         0  useno.o ABSOLUTE
    __use_no_semihosting                     0x00000000   Number         0  useno.o ABSOLUTE
    __use_no_semihosting_swi                 0x00000000   Number         0  useno.o ABSOLUTE
    __use_no_signal_handling                 0x00000000   Number         0  useno.o ABSOLUTE
    _printf_a                                0x00000000   Number         0  stubs.o ABSOLUTE
    _printf_c                                0x00000000   Number         0  stubs.o ABSOLUTE
    _printf_charcount                        0x00000000   Number         0  stubs.o ABSOLUTE
    _printf_d                                0x00000000   Number         0  stubs.o ABSOLUTE
    _printf_e                                0x00000000   Number         0  stubs.o ABSOLUTE
    _printf_f                                0x00000000   Number         0  stubs.o ABSOLUTE
    _printf_flags                            0x00000000   Number         0  stubs.o ABSOLUTE
    _printf_fp_dec                           0x00000000   Number         0  stubs.o ABSOLUTE
    _printf_fp_hex                           0x00000000   Number         0  stubs.o ABSOLUTE
    _printf_g                                0x00000000   Number         0  stubs.o ABSOLUTE
    _printf_i                                0x00000000   Number         0  stubs.o ABSOLUTE
    _printf_int_dec                          0x00000000   Number         0  stubs.o ABSOLUTE
    _printf_l                                0x00000000   Number         0  stubs.o ABSOLUTE
    _printf_lc                               0x00000000   Number         0  stubs.o ABSOLUTE
    _printf_ll                               0x00000000   Number         0  stubs.o ABSOLUTE
    _printf_lld                              0x00000000   Number         0  stubs.o ABSOLUTE
    _printf_lli                              0x00000000   Number         0  stubs.o ABSOLUTE
    _printf_llo                              0x00000000   Number         0  stubs.o ABSOLUTE
    _printf_llu                              0x00000000   Number         0  stubs.o ABSOLUTE
    _printf_llx                              0x00000000   Number         0  stubs.o ABSOLUTE
    _printf_longlong_dec                     0x00000000   Number         0  stubs.o ABSOLUTE
    _printf_longlong_hex                     0x00000000   Number         0  stubs.o ABSOLUTE
    _printf_longlong_oct                     0x00000000   Number         0  stubs.o ABSOLUTE
    _printf_ls                               0x00000000   Number         0  stubs.o ABSOLUTE
    _printf_mbtowc                           0x00000000   Number         0  stubs.o ABSOLUTE
    _printf_n                                0x00000000   Number         0  stubs.o ABSOLUTE
    _printf_o                                0x00000000   Number         0  stubs.o ABSOLUTE
    _printf_p                                0x00000000   Number         0  stubs.o ABSOLUTE
    _printf_percent                          0x00000000   Number         0  stubs.o ABSOLUTE
    _printf_pre_padding                      0x00000000   Number         0  stubs.o ABSOLUTE
    _printf_return_value                     0x00000000   Number         0  stubs.o ABSOLUTE
    _printf_s                                0x00000000   Number         0  stubs.o ABSOLUTE
    _printf_sizespec                         0x00000000   Number         0  stubs.o ABSOLUTE
    _printf_str                              0x00000000   Number         0  stubs.o ABSOLUTE
    _printf_truncate_signed                  0x00000000   Number         0  stubs.o ABSOLUTE
    _printf_truncate_unsigned                0x00000000   Number         0  stubs.o ABSOLUTE
    _printf_u                                0x00000000   Number         0  stubs.o ABSOLUTE
    _printf_wc                               0x00000000   Number         0  stubs.o ABSOLUTE
    _printf_wctomb                           0x00000000   Number         0  stubs.o ABSOLUTE
    _printf_widthprec                        0x00000000   Number         0  stubs.o ABSOLUTE
    _printf_x                                0x00000000   Number         0  stubs.o ABSOLUTE
    __cpp_initialize__aeabi_                  - Undefined Weak Reference
    __cxa_finalize                            - Undefined Weak Reference
    __decompress                              - Undefined Weak Reference
    _clock_init                               - Undefined Weak Reference
    _microlib_exit                            - Undefined Weak Reference
    __Vectors_Size                           0x00000130   Number         0  startup_stm32f10x_hd.o ABSOLUTE
    __Vectors                                0x08000000   Data           4  startup_stm32f10x_hd.o(RESET)
    __Vectors_End                            0x08000130   Data           0  startup_stm32f10x_hd.o(RESET)
    __main                                   0x08000131   Thumb Code     0  entry.o(.ARM.Collect$$$$00000000)
    _main_stk                                0x08000131   Thumb Code     0  entry2.o(.ARM.Collect$$$$00000001)
    _main_scatterload                        0x08000135   Thumb Code     0  entry5.o(.ARM.Collect$$$$00000004)
    __main_after_scatterload                 0x08000139   Thumb Code     0  entry5.o(.ARM.Collect$$$$00000004)
    _main_clock                              0x08000139   Thumb Code     0  entry7b.o(.ARM.Collect$$$$00000008)
    _main_cpp_init                           0x08000139   Thumb Code     0  entry8b.o(.ARM.Collect$$$$0000000A)
    _main_init                               0x08000139   Thumb Code     0  entry9a.o(.ARM.Collect$$$$0000000B)
    __rt_final_cpp                           0x08000141   Thumb Code     0  entry10a.o(.ARM.Collect$$$$0000000D)
    __rt_final_exit                          0x08000141   Thumb Code     0  entry11a.o(.ARM.Collect$$$$0000000F)
    SVC_Handler                              0x08000145   Thumb Code    32  port.o(.emb_text)
    __asm___6_port_c_39a90d8d__prvStartFirstTask 0x08000169   Thumb Code    28  port.o(.emb_text)
    PendSV_Handler                           0x08000189   Thumb Code    72  port.o(.emb_text)
    vPortGetIPSR                             0x080001d5   Thumb Code     6  port.o(.emb_text)
    main                                     0x080001dd   Thumb Code    94  main.o(.text)
    NMI_Handler                              0x08000261   Thumb Code     2  stm32f10x_it.o(.text)
    HardFault_Handler                        0x08000263   Thumb Code     4  stm32f10x_it.o(.text)
    MemManage_Handler                        0x08000267   Thumb Code     4  stm32f10x_it.o(.text)
    BusFault_Handler                         0x0800026b   Thumb Code     4  stm32f10x_it.o(.text)
    UsageFault_Handler                       0x0800026f   Thumb Code     4  stm32f10x_it.o(.text)
    DebugMon_Handler                         0x08000273   Thumb Code     2  stm32f10x_it.o(.text)
    SystemInit                               0x08000353   Thumb Code    78  system_stm32f10x.o(.text)
    SystemCoreClockUpdate                    0x080003a1   Thumb Code   142  system_stm32f10x.o(.text)
    KEY_Init                                 0x08000455   Thumb Code    82  key.o(.text)
    KEY_Scan                                 0x080004a7   Thumb Code   180  key.o(.text)
    TIM3_Int_Init                            0x0800056d   Thumb Code    90  timer.o(.text)
    TIM3_IRQHandler                          0x080005c7   Thumb Code    22  timer.o(.text)
    PWM_Init                                 0x080005e1   Thumb Code   150  pwm.o(.text)
    PWM_SetCompare1                          0x08000677   Thumb Code    14  pwm.o(.text)
    IIC_init                                 0x0800068d   Thumb Code   104  myi2c.o(.text)
    DHT20_W_Reg                              0x08000701   Thumb Code   168  dht20.o(.text)
    DHT20_R_Reg                              0x080007a9   Thumb Code   212  dht20.o(.text)
    DHT20_S_Reg                              0x0800087d   Thumb Code   140  dht20.o(.text)
    DHT20_Init                               0x08000909   Thumb Code   176  dht20.o(.text)
    SysTick_Handler                          0x08000b41   Thumb Code    16  delay.o(.text)
    delay_init                               0x08000b51   Thumb Code    70  delay.o(.text)
    delay_us                                 0x08000b97   Thumb Code    70  delay.o(.text)
    delay_ms                                 0x08000bdd   Thumb Code    24  delay.o(.text)
    _sys_exit                                0x08000c01   Thumb Code     4  usart.o(.text)
    fputc                                    0x08000c05   Thumb Code    24  usart.o(.text)
    uart_init                                0x08000c1d   Thumb Code   152  usart.o(.text)
    USART1_IRQHandler                        0x08000cb5   Thumb Code   156  usart.o(.text)
    SendByte                                 0x08000d51   Thumb Code    30  usart.o(.text)
    SendArray                                0x08000d6f   Thumb Code    36  usart.o(.text)
    SendString                               0x08000d93   Thumb Code    32  usart.o(.text)
    SendPack                                 0x08000db3   Thumb Code    34  usart.o(.text)
    Reset_Handler                            0x08000df1   Thumb Code     8  startup_stm32f10x_hd.o(.text)
    ADC1_2_IRQHandler                        0x08000e0b   Thumb Code     0  startup_stm32f10x_hd.o(.text)
    ADC3_IRQHandler                          0x08000e0b   Thumb Code     0  startup_stm32f10x_hd.o(.text)
    CAN1_RX1_IRQHandler                      0x08000e0b   Thumb Code     0  startup_stm32f10x_hd.o(.text)
    CAN1_SCE_IRQHandler                      0x08000e0b   Thumb Code     0  startup_stm32f10x_hd.o(.text)
    DMA1_Channel1_IRQHandler                 0x08000e0b   Thumb Code     0  startup_stm32f10x_hd.o(.text)
    DMA1_Channel2_IRQHandler                 0x08000e0b   Thumb Code     0  startup_stm32f10x_hd.o(.text)
    DMA1_Channel3_IRQHandler                 0x08000e0b   Thumb Code     0  startup_stm32f10x_hd.o(.text)
    DMA1_Channel4_IRQHandler                 0x08000e0b   Thumb Code     0  startup_stm32f10x_hd.o(.text)
    DMA1_Channel5_IRQHandler                 0x08000e0b   Thumb Code     0  startup_stm32f10x_hd.o(.text)
    DMA1_Channel6_IRQHandler                 0x08000e0b   Thumb Code     0  startup_stm32f10x_hd.o(.text)
    DMA1_Channel7_IRQHandler                 0x08000e0b   Thumb Code     0  startup_stm32f10x_hd.o(.text)
    DMA2_Channel1_IRQHandler                 0x08000e0b   Thumb Code     0  startup_stm32f10x_hd.o(.text)
    DMA2_Channel2_IRQHandler                 0x08000e0b   Thumb Code     0  startup_stm32f10x_hd.o(.text)
    DMA2_Channel3_IRQHandler                 0x08000e0b   Thumb Code     0  startup_stm32f10x_hd.o(.text)
    DMA2_Channel4_5_IRQHandler               0x08000e0b   Thumb Code     0  startup_stm32f10x_hd.o(.text)
    EXTI0_IRQHandler                         0x08000e0b   Thumb Code     0  startup_stm32f10x_hd.o(.text)
    EXTI15_10_IRQHandler                     0x08000e0b   Thumb Code     0  startup_stm32f10x_hd.o(.text)
    EXTI1_IRQHandler                         0x08000e0b   Thumb Code     0  startup_stm32f10x_hd.o(.text)
    EXTI2_IRQHandler                         0x08000e0b   Thumb Code     0  startup_stm32f10x_hd.o(.text)
    EXTI3_IRQHandler                         0x08000e0b   Thumb Code     0  startup_stm32f10x_hd.o(.text)
    EXTI4_IRQHandler                         0x08000e0b   Thumb Code     0  startup_stm32f10x_hd.o(.text)
    EXTI9_5_IRQHandler                       0x08000e0b   Thumb Code     0  startup_stm32f10x_hd.o(.text)
    FLASH_IRQHandler                         0x08000e0b   Thumb Code     0  startup_stm32f10x_hd.o(.text)
    FSMC_IRQHandler                          0x08000e0b   Thumb Code     0  startup_stm32f10x_hd.o(.text)
    I2C1_ER_IRQHandler                       0x08000e0b   Thumb Code     0  startup_stm32f10x_hd.o(.text)
    I2C1_EV_IRQHandler                       0x08000e0b   Thumb Code     0  startup_stm32f10x_hd.o(.text)
    I2C2_ER_IRQHandler                       0x08000e0b   Thumb Code     0  startup_stm32f10x_hd.o(.text)
    I2C2_EV_IRQHandler                       0x08000e0b   Thumb Code     0  startup_stm32f10x_hd.o(.text)
    PVD_IRQHandler                           0x08000e0b   Thumb Code     0  startup_stm32f10x_hd.o(.text)
    RCC_IRQHandler                           0x08000e0b   Thumb Code     0  startup_stm32f10x_hd.o(.text)
    RTCAlarm_IRQHandler                      0x08000e0b   Thumb Code     0  startup_stm32f10x_hd.o(.text)
    RTC_IRQHandler                           0x08000e0b   Thumb Code     0  startup_stm32f10x_hd.o(.text)
    SDIO_IRQHandler                          0x08000e0b   Thumb Code     0  startup_stm32f10x_hd.o(.text)
    SPI1_IRQHandler                          0x08000e0b   Thumb Code     0  startup_stm32f10x_hd.o(.text)
    SPI2_IRQHandler                          0x08000e0b   Thumb Code     0  startup_stm32f10x_hd.o(.text)
    SPI3_IRQHandler                          0x08000e0b   Thumb Code     0  startup_stm32f10x_hd.o(.text)
    TAMPER_IRQHandler                        0x08000e0b   Thumb Code     0  startup_stm32f10x_hd.o(.text)
    TIM1_BRK_IRQHandler                      0x08000e0b   Thumb Code     0  startup_stm32f10x_hd.o(.text)
    TIM1_CC_IRQHandler                       0x08000e0b   Thumb Code     0  startup_stm32f10x_hd.o(.text)
    TIM1_TRG_COM_IRQHandler                  0x08000e0b   Thumb Code     0  startup_stm32f10x_hd.o(.text)
    TIM1_UP_IRQHandler                       0x08000e0b   Thumb Code     0  startup_stm32f10x_hd.o(.text)
    TIM2_IRQHandler                          0x08000e0b   Thumb Code     0  startup_stm32f10x_hd.o(.text)
    TIM4_IRQHandler                          0x08000e0b   Thumb Code     0  startup_stm32f10x_hd.o(.text)
    TIM5_IRQHandler                          0x08000e0b   Thumb Code     0  startup_stm32f10x_hd.o(.text)
    TIM6_IRQHandler                          0x08000e0b   Thumb Code     0  startup_stm32f10x_hd.o(.text)
    TIM7_IRQHandler                          0x08000e0b   Thumb Code     0  startup_stm32f10x_hd.o(.text)
    TIM8_BRK_IRQHandler                      0x08000e0b   Thumb Code     0  startup_stm32f10x_hd.o(.text)
    TIM8_CC_IRQHandler                       0x08000e0b   Thumb Code     0  startup_stm32f10x_hd.o(.text)
    TIM8_TRG_COM_IRQHandler                  0x08000e0b   Thumb Code     0  startup_stm32f10x_hd.o(.text)
    TIM8_UP_IRQHandler                       0x08000e0b   Thumb Code     0  startup_stm32f10x_hd.o(.text)
    UART4_IRQHandler                         0x08000e0b   Thumb Code     0  startup_stm32f10x_hd.o(.text)
    UART5_IRQHandler                         0x08000e0b   Thumb Code     0  startup_stm32f10x_hd.o(.text)
    USART2_IRQHandler                        0x08000e0b   Thumb Code     0  startup_stm32f10x_hd.o(.text)
    USART3_IRQHandler                        0x08000e0b   Thumb Code     0  startup_stm32f10x_hd.o(.text)
    USBWakeUp_IRQHandler                     0x08000e0b   Thumb Code     0  startup_stm32f10x_hd.o(.text)
    USB_HP_CAN1_TX_IRQHandler                0x08000e0b   Thumb Code     0  startup_stm32f10x_hd.o(.text)
    USB_LP_CAN1_RX0_IRQHandler               0x08000e0b   Thumb Code     0  startup_stm32f10x_hd.o(.text)
    WWDG_IRQHandler                          0x08000e0b   Thumb Code     0  startup_stm32f10x_hd.o(.text)
    GPIO_DeInit                              0x08000e15   Thumb Code   172  stm32f10x_gpio.o(.text)
    GPIO_AFIODeInit                          0x08000ec1   Thumb Code    20  stm32f10x_gpio.o(.text)
    GPIO_Init                                0x08000ed5   Thumb Code   278  stm32f10x_gpio.o(.text)
    GPIO_StructInit                          0x08000feb   Thumb Code    16  stm32f10x_gpio.o(.text)
    GPIO_ReadInputDataBit                    0x08000ffb   Thumb Code    18  stm32f10x_gpio.o(.text)
    GPIO_ReadInputData                       0x0800100d   Thumb Code     8  stm32f10x_gpio.o(.text)
    GPIO_ReadOutputDataBit                   0x08001015   Thumb Code    18  stm32f10x_gpio.o(.text)
    GPIO_ReadOutputData                      0x08001027   Thumb Code     8  stm32f10x_gpio.o(.text)
    GPIO_SetBits                             0x0800102f   Thumb Code     4  stm32f10x_gpio.o(.text)
    GPIO_ResetBits                           0x08001033   Thumb Code     4  stm32f10x_gpio.o(.text)
    GPIO_WriteBit                            0x08001037   Thumb Code    10  stm32f10x_gpio.o(.text)
    GPIO_Write                               0x08001041   Thumb Code     4  stm32f10x_gpio.o(.text)
    GPIO_PinLockConfig                       0x08001045   Thumb Code    18  stm32f10x_gpio.o(.text)
    GPIO_EventOutputConfig                   0x08001057   Thumb Code    26  stm32f10x_gpio.o(.text)
    GPIO_EventOutputCmd                      0x08001071   Thumb Code     6  stm32f10x_gpio.o(.text)
    GPIO_PinRemapConfig                      0x08001077   Thumb Code   138  stm32f10x_gpio.o(.text)
    GPIO_EXTILineConfig                      0x08001101   Thumb Code    66  stm32f10x_gpio.o(.text)
    GPIO_ETH_MediaInterfaceConfig            0x08001143   Thumb Code     8  stm32f10x_gpio.o(.text)
    RCC_DeInit                               0x08001171   Thumb Code    64  stm32f10x_rcc.o(.text)
    RCC_HSEConfig                            0x080011b1   Thumb Code    70  stm32f10x_rcc.o(.text)
    RCC_GetFlagStatus                        0x080011f7   Thumb Code    56  stm32f10x_rcc.o(.text)
    RCC_WaitForHSEStartUp                    0x0800122f   Thumb Code    56  stm32f10x_rcc.o(.text)
    RCC_AdjustHSICalibrationValue            0x08001267   Thumb Code    20  stm32f10x_rcc.o(.text)
    RCC_HSICmd                               0x0800127b   Thumb Code     6  stm32f10x_rcc.o(.text)
    RCC_PLLConfig                            0x08001281   Thumb Code    24  stm32f10x_rcc.o(.text)
    RCC_PLLCmd                               0x08001299   Thumb Code     6  stm32f10x_rcc.o(.text)
    RCC_SYSCLKConfig                         0x0800129f   Thumb Code    18  stm32f10x_rcc.o(.text)
    RCC_GetSYSCLKSource                      0x080012b1   Thumb Code    10  stm32f10x_rcc.o(.text)
    RCC_HCLKConfig                           0x080012bb   Thumb Code    18  stm32f10x_rcc.o(.text)
    RCC_PCLK1Config                          0x080012cd   Thumb Code    18  stm32f10x_rcc.o(.text)
    RCC_PCLK2Config                          0x080012df   Thumb Code    20  stm32f10x_rcc.o(.text)
    RCC_ITConfig                             0x080012f3   Thumb Code    26  stm32f10x_rcc.o(.text)
    RCC_USBCLKConfig                         0x0800130d   Thumb Code     8  stm32f10x_rcc.o(.text)
    RCC_ADCCLKConfig                         0x08001315   Thumb Code    18  stm32f10x_rcc.o(.text)
    RCC_LSEConfig                            0x08001327   Thumb Code    50  stm32f10x_rcc.o(.text)
    RCC_LSICmd                               0x08001359   Thumb Code     6  stm32f10x_rcc.o(.text)
    RCC_RTCCLKConfig                         0x0800135f   Thumb Code    12  stm32f10x_rcc.o(.text)
    RCC_RTCCLKCmd                            0x0800136b   Thumb Code     8  stm32f10x_rcc.o(.text)
    RCC_GetClocksFreq                        0x08001373   Thumb Code   192  stm32f10x_rcc.o(.text)
    RCC_AHBPeriphClockCmd                    0x08001433   Thumb Code    26  stm32f10x_rcc.o(.text)
    RCC_APB2PeriphClockCmd                   0x0800144d   Thumb Code    26  stm32f10x_rcc.o(.text)
    RCC_APB1PeriphClockCmd                   0x08001467   Thumb Code    26  stm32f10x_rcc.o(.text)
    RCC_APB2PeriphResetCmd                   0x08001481   Thumb Code    26  stm32f10x_rcc.o(.text)
    RCC_APB1PeriphResetCmd                   0x0800149b   Thumb Code    26  stm32f10x_rcc.o(.text)
    RCC_BackupResetCmd                       0x080014b5   Thumb Code     8  stm32f10x_rcc.o(.text)
    RCC_ClockSecuritySystemCmd               0x080014bd   Thumb Code     6  stm32f10x_rcc.o(.text)
    RCC_MCOConfig                            0x080014c3   Thumb Code     6  stm32f10x_rcc.o(.text)
    RCC_ClearFlag                            0x080014c9   Thumb Code    14  stm32f10x_rcc.o(.text)
    RCC_GetITStatus                          0x080014d7   Thumb Code    20  stm32f10x_rcc.o(.text)
    RCC_ClearITPendingBit                    0x080014eb   Thumb Code     6  stm32f10x_rcc.o(.text)
    USART_DeInit                             0x08001515   Thumb Code   134  stm32f10x_usart.o(.text)
    USART_Init                               0x0800159b   Thumb Code   210  stm32f10x_usart.o(.text)
    USART_StructInit                         0x0800166d   Thumb Code    24  stm32f10x_usart.o(.text)
    USART_ClockInit                          0x08001685   Thumb Code    34  stm32f10x_usart.o(.text)
    USART_ClockStructInit                    0x080016a7   Thumb Code    12  stm32f10x_usart.o(.text)
    USART_Cmd                                0x080016b3   Thumb Code    24  stm32f10x_usart.o(.text)
    USART_ITConfig                           0x080016cb   Thumb Code    74  stm32f10x_usart.o(.text)
    USART_DMACmd                             0x08001715   Thumb Code    18  stm32f10x_usart.o(.text)
    USART_SetAddress                         0x08001727   Thumb Code    18  stm32f10x_usart.o(.text)
    USART_WakeUpConfig                       0x08001739   Thumb Code    18  stm32f10x_usart.o(.text)
    USART_ReceiverWakeUpCmd                  0x0800174b   Thumb Code    24  stm32f10x_usart.o(.text)
    USART_LINBreakDetectLengthConfig         0x08001763   Thumb Code    18  stm32f10x_usart.o(.text)
    USART_LINCmd                             0x08001775   Thumb Code    24  stm32f10x_usart.o(.text)
    USART_SendData                           0x0800178d   Thumb Code     8  stm32f10x_usart.o(.text)
    USART_ReceiveData                        0x08001795   Thumb Code    10  stm32f10x_usart.o(.text)
    USART_SendBreak                          0x0800179f   Thumb Code    10  stm32f10x_usart.o(.text)
    USART_SetGuardTime                       0x080017a9   Thumb Code    16  stm32f10x_usart.o(.text)
    USART_SetPrescaler                       0x080017b9   Thumb Code    16  stm32f10x_usart.o(.text)
    USART_SmartCardCmd                       0x080017c9   Thumb Code    24  stm32f10x_usart.o(.text)
    USART_SmartCardNACKCmd                   0x080017e1   Thumb Code    24  stm32f10x_usart.o(.text)
    USART_HalfDuplexCmd                      0x080017f9   Thumb Code    24  stm32f10x_usart.o(.text)
    USART_OverSampling8Cmd                   0x08001811   Thumb Code    22  stm32f10x_usart.o(.text)
    USART_OneBitMethodCmd                    0x08001827   Thumb Code    24  stm32f10x_usart.o(.text)
    USART_IrDAConfig                         0x0800183f   Thumb Code    18  stm32f10x_usart.o(.text)
    USART_IrDACmd                            0x08001851   Thumb Code    24  stm32f10x_usart.o(.text)
    USART_GetFlagStatus                      0x08001869   Thumb Code    26  stm32f10x_usart.o(.text)
    USART_ClearFlag                          0x08001883   Thumb Code    18  stm32f10x_usart.o(.text)
    USART_GetITStatus                        0x08001895   Thumb Code    84  stm32f10x_usart.o(.text)
    USART_ClearITPendingBit                  0x080018e9   Thumb Code    52  stm32f10x_usart.o(.text)
    NVIC_PriorityGroupConfig                 0x0800191d   Thumb Code    10  misc.o(.text)
    NVIC_Init                                0x08001927   Thumb Code   100  misc.o(.text)
    NVIC_SetVectorTable                      0x0800198b   Thumb Code    14  misc.o(.text)
    NVIC_SystemLPConfig                      0x08001999   Thumb Code    34  misc.o(.text)
    SysTick_CLKSourceConfig                  0x080019bb   Thumb Code    40  misc.o(.text)
    TIM_DeInit                               0x080019f9   Thumb Code   424  stm32f10x_tim.o(.text)
    TIM_TimeBaseInit                         0x08001ba1   Thumb Code   122  stm32f10x_tim.o(.text)
    TIM_OC1Init                              0x08001c1b   Thumb Code   132  stm32f10x_tim.o(.text)
    TIM_OC2Init                              0x08001c9f   Thumb Code   154  stm32f10x_tim.o(.text)
    TIM_OC3Init                              0x08001d39   Thumb Code   150  stm32f10x_tim.o(.text)
    TIM_OC4Init                              0x08001dcf   Thumb Code   182  stm32f10x_tim.o(.text)
    TIM_SetIC4Prescaler                      0x08001e85   Thumb Code    26  stm32f10x_tim.o(.text)
    TIM_SetIC3Prescaler                      0x08001f21   Thumb Code    18  stm32f10x_tim.o(.text)
    TIM_SetIC2Prescaler                      0x08001fad   Thumb Code    26  stm32f10x_tim.o(.text)
    TIM_SetIC1Prescaler                      0x08002049   Thumb Code    18  stm32f10x_tim.o(.text)
    TIM_ICInit                               0x080020c7   Thumb Code   150  stm32f10x_tim.o(.text)
    TIM_PWMIConfig                           0x0800215d   Thumb Code   124  stm32f10x_tim.o(.text)
    TIM_BDTRConfig                           0x080021d9   Thumb Code    32  stm32f10x_tim.o(.text)
    TIM_TimeBaseStructInit                   0x080021f9   Thumb Code    18  stm32f10x_tim.o(.text)
    TIM_OCStructInit                         0x0800220b   Thumb Code    20  stm32f10x_tim.o(.text)
    TIM_ICStructInit                         0x0800221f   Thumb Code    18  stm32f10x_tim.o(.text)
    TIM_BDTRStructInit                       0x08002231   Thumb Code    40  stm32f10x_tim.o(.text)
    TIM_Cmd                                  0x08002259   Thumb Code    24  stm32f10x_tim.o(.text)
    TIM_CtrlPWMOutputs                       0x08002271   Thumb Code    30  stm32f10x_tim.o(.text)
    TIM_ITConfig                             0x0800228f   Thumb Code    18  stm32f10x_tim.o(.text)
    TIM_GenerateEvent                        0x080022a1   Thumb Code     4  stm32f10x_tim.o(.text)
    TIM_DMAConfig                            0x080022a5   Thumb Code    10  stm32f10x_tim.o(.text)
    TIM_DMACmd                               0x080022af   Thumb Code    18  stm32f10x_tim.o(.text)
    TIM_InternalClockConfig                  0x080022c1   Thumb Code    12  stm32f10x_tim.o(.text)
    TIM_SelectInputTrigger                   0x080022cd   Thumb Code    18  stm32f10x_tim.o(.text)
    TIM_ITRxExternalClockConfig              0x080022df   Thumb Code    24  stm32f10x_tim.o(.text)
    TIM_TIxExternalClockConfig               0x080022f7   Thumb Code    62  stm32f10x_tim.o(.text)
    TIM_ETRConfig                            0x08002335   Thumb Code    28  stm32f10x_tim.o(.text)
    TIM_ETRClockMode1Config                  0x08002351   Thumb Code    54  stm32f10x_tim.o(.text)
    TIM_ETRClockMode2Config                  0x08002387   Thumb Code    32  stm32f10x_tim.o(.text)
    TIM_PrescalerConfig                      0x080023a7   Thumb Code     6  stm32f10x_tim.o(.text)
    TIM_CounterModeConfig                    0x080023ad   Thumb Code    18  stm32f10x_tim.o(.text)
    TIM_EncoderInterfaceConfig               0x080023bf   Thumb Code    66  stm32f10x_tim.o(.text)
    TIM_ForcedOC1Config                      0x08002401   Thumb Code    18  stm32f10x_tim.o(.text)
    TIM_ForcedOC2Config                      0x08002413   Thumb Code    26  stm32f10x_tim.o(.text)
    TIM_ForcedOC3Config                      0x0800242d   Thumb Code    18  stm32f10x_tim.o(.text)
    TIM_ForcedOC4Config                      0x0800243f   Thumb Code    26  stm32f10x_tim.o(.text)
    TIM_ARRPreloadConfig                     0x08002459   Thumb Code    24  stm32f10x_tim.o(.text)
    TIM_SelectCOM                            0x08002471   Thumb Code    24  stm32f10x_tim.o(.text)
    TIM_SelectCCDMA                          0x08002489   Thumb Code    24  stm32f10x_tim.o(.text)
    TIM_CCPreloadControl                     0x080024a1   Thumb Code    24  stm32f10x_tim.o(.text)
    TIM_OC1PreloadConfig                     0x080024b9   Thumb Code    18  stm32f10x_tim.o(.text)
    TIM_OC2PreloadConfig                     0x080024cb   Thumb Code    26  stm32f10x_tim.o(.text)
    TIM_OC3PreloadConfig                     0x080024e5   Thumb Code    18  stm32f10x_tim.o(.text)
    TIM_OC4PreloadConfig                     0x080024f7   Thumb Code    26  stm32f10x_tim.o(.text)
    TIM_OC1FastConfig                        0x08002511   Thumb Code    18  stm32f10x_tim.o(.text)
    TIM_OC2FastConfig                        0x08002523   Thumb Code    26  stm32f10x_tim.o(.text)
    TIM_OC3FastConfig                        0x0800253d   Thumb Code    18  stm32f10x_tim.o(.text)
    TIM_OC4FastConfig                        0x0800254f   Thumb Code    26  stm32f10x_tim.o(.text)
    TIM_ClearOC1Ref                          0x08002569   Thumb Code    18  stm32f10x_tim.o(.text)
    TIM_ClearOC2Ref                          0x0800257b   Thumb Code    24  stm32f10x_tim.o(.text)
    TIM_ClearOC3Ref                          0x08002593   Thumb Code    18  stm32f10x_tim.o(.text)
    TIM_ClearOC4Ref                          0x080025a5   Thumb Code    24  stm32f10x_tim.o(.text)
    TIM_OC1PolarityConfig                    0x080025bd   Thumb Code    18  stm32f10x_tim.o(.text)
    TIM_OC1NPolarityConfig                   0x080025cf   Thumb Code    18  stm32f10x_tim.o(.text)
    TIM_OC2PolarityConfig                    0x080025e1   Thumb Code    26  stm32f10x_tim.o(.text)
    TIM_OC2NPolarityConfig                   0x080025fb   Thumb Code    26  stm32f10x_tim.o(.text)
    TIM_OC3PolarityConfig                    0x08002615   Thumb Code    26  stm32f10x_tim.o(.text)
    TIM_OC3NPolarityConfig                   0x0800262f   Thumb Code    26  stm32f10x_tim.o(.text)
    TIM_OC4PolarityConfig                    0x08002649   Thumb Code    26  stm32f10x_tim.o(.text)
    TIM_CCxCmd                               0x08002663   Thumb Code    30  stm32f10x_tim.o(.text)
    TIM_CCxNCmd                              0x08002681   Thumb Code    30  stm32f10x_tim.o(.text)
    TIM_SelectOCxM                           0x0800269f   Thumb Code    82  stm32f10x_tim.o(.text)
    TIM_UpdateDisableConfig                  0x080026f1   Thumb Code    24  stm32f10x_tim.o(.text)
    TIM_UpdateRequestConfig                  0x08002709   Thumb Code    24  stm32f10x_tim.o(.text)
    TIM_SelectHallSensor                     0x08002721   Thumb Code    24  stm32f10x_tim.o(.text)
    TIM_SelectOnePulseMode                   0x08002739   Thumb Code    18  stm32f10x_tim.o(.text)
    TIM_SelectOutputTrigger                  0x0800274b   Thumb Code    18  stm32f10x_tim.o(.text)
    TIM_SelectSlaveMode                      0x0800275d   Thumb Code    18  stm32f10x_tim.o(.text)
    TIM_SelectMasterSlaveMode                0x0800276f   Thumb Code    18  stm32f10x_tim.o(.text)
    TIM_SetCounter                           0x08002781   Thumb Code     4  stm32f10x_tim.o(.text)
    TIM_SetAutoreload                        0x08002785   Thumb Code     4  stm32f10x_tim.o(.text)
    TIM_SetCompare1                          0x08002789   Thumb Code     4  stm32f10x_tim.o(.text)
    TIM_SetCompare2                          0x0800278d   Thumb Code     4  stm32f10x_tim.o(.text)
    TIM_SetCompare3                          0x08002791   Thumb Code     4  stm32f10x_tim.o(.text)
    TIM_SetCompare4                          0x08002795   Thumb Code     6  stm32f10x_tim.o(.text)
    TIM_SetClockDivision                     0x0800279b   Thumb Code    18  stm32f10x_tim.o(.text)
    TIM_GetCapture1                          0x080027ad   Thumb Code     6  stm32f10x_tim.o(.text)
    TIM_GetCapture2                          0x080027b3   Thumb Code     6  stm32f10x_tim.o(.text)
    TIM_GetCapture3                          0x080027b9   Thumb Code     6  stm32f10x_tim.o(.text)
    TIM_GetCapture4                          0x080027bf   Thumb Code     8  stm32f10x_tim.o(.text)
    TIM_GetCounter                           0x080027c7   Thumb Code     6  stm32f10x_tim.o(.text)
    TIM_GetPrescaler                         0x080027cd   Thumb Code     6  stm32f10x_tim.o(.text)
    TIM_GetFlagStatus                        0x080027d3   Thumb Code    18  stm32f10x_tim.o(.text)
    TIM_ClearFlag                            0x080027e5   Thumb Code     6  stm32f10x_tim.o(.text)
    TIM_GetITStatus                          0x080027eb   Thumb Code    34  stm32f10x_tim.o(.text)
    TIM_ClearITPendingBit                    0x0800280d   Thumb Code     6  stm32f10x_tim.o(.text)
    I2C_DeInit                               0x08002815   Thumb Code    50  stm32f10x_i2c.o(.text)
    I2C_Init                                 0x08002847   Thumb Code   222  stm32f10x_i2c.o(.text)
    I2C_StructInit                           0x08002925   Thumb Code    30  stm32f10x_i2c.o(.text)
    I2C_Cmd                                  0x08002943   Thumb Code    24  stm32f10x_i2c.o(.text)
    I2C_DMACmd                               0x0800295b   Thumb Code    24  stm32f10x_i2c.o(.text)
    I2C_DMALastTransferCmd                   0x08002973   Thumb Code    24  stm32f10x_i2c.o(.text)
    I2C_GenerateSTART                        0x0800298b   Thumb Code    24  stm32f10x_i2c.o(.text)
    I2C_GenerateSTOP                         0x080029a3   Thumb Code    24  stm32f10x_i2c.o(.text)
    I2C_AcknowledgeConfig                    0x080029bb   Thumb Code    24  stm32f10x_i2c.o(.text)
    I2C_OwnAddress2Config                    0x080029d3   Thumb Code    22  stm32f10x_i2c.o(.text)
    I2C_DualAddressCmd                       0x080029e9   Thumb Code    24  stm32f10x_i2c.o(.text)
    I2C_GeneralCallCmd                       0x08002a01   Thumb Code    24  stm32f10x_i2c.o(.text)
    I2C_ITConfig                             0x08002a19   Thumb Code    18  stm32f10x_i2c.o(.text)
    I2C_SendData                             0x08002a2b   Thumb Code     4  stm32f10x_i2c.o(.text)
    I2C_ReceiveData                          0x08002a2f   Thumb Code     8  stm32f10x_i2c.o(.text)
    I2C_Send7bitAddress                      0x08002a37   Thumb Code    18  stm32f10x_i2c.o(.text)
    I2C_ReadRegister                         0x08002a49   Thumb Code    22  stm32f10x_i2c.o(.text)
    I2C_SoftwareResetCmd                     0x08002a5f   Thumb Code    22  stm32f10x_i2c.o(.text)
    I2C_NACKPositionConfig                   0x08002a75   Thumb Code    28  stm32f10x_i2c.o(.text)
    I2C_SMBusAlertConfig                     0x08002a91   Thumb Code    28  stm32f10x_i2c.o(.text)
    I2C_TransmitPEC                          0x08002aad   Thumb Code    24  stm32f10x_i2c.o(.text)
    I2C_PECPositionConfig                    0x08002ac5   Thumb Code    28  stm32f10x_i2c.o(.text)
    I2C_CalculatePEC                         0x08002ae1   Thumb Code    24  stm32f10x_i2c.o(.text)
    I2C_GetPEC                               0x08002af9   Thumb Code     8  stm32f10x_i2c.o(.text)
    I2C_ARPCmd                               0x08002b01   Thumb Code    24  stm32f10x_i2c.o(.text)
    I2C_StretchClockCmd                      0x08002b19   Thumb Code    24  stm32f10x_i2c.o(.text)
    I2C_FastModeDutyCycleConfig              0x08002b31   Thumb Code    28  stm32f10x_i2c.o(.text)
    I2C_CheckEvent                           0x08002b4d   Thumb Code    42  stm32f10x_i2c.o(.text)
    I2C_GetLastEvent                         0x08002b77   Thumb Code    26  stm32f10x_i2c.o(.text)
    I2C_GetFlagStatus                        0x08002b91   Thumb Code    58  stm32f10x_i2c.o(.text)
    I2C_ClearFlag                            0x08002bcb   Thumb Code    12  stm32f10x_i2c.o(.text)
    I2C_GetITStatus                          0x08002bd7   Thumb Code    54  stm32f10x_i2c.o(.text)
    I2C_ClearITPendingBit                    0x08002c0d   Thumb Code    12  stm32f10x_i2c.o(.text)
    vListInitialise                          0x08002c19   Thumb Code    26  list.o(.text)
    vListInitialiseItem                      0x08002c33   Thumb Code     6  list.o(.text)
    vListInsertEnd                           0x08002c39   Thumb Code    24  list.o(.text)
    vListInsert                              0x08002c51   Thumb Code    52  list.o(.text)
    uxListRemove                             0x08002c85   Thumb Code    40  list.o(.text)
    xQueueGenericReset                       0x08002cad   Thumb Code   136  queue.o(.text)
    xQueueGenericCreate                      0x08002d63   Thumb Code   132  queue.o(.text)
    xQueueGenericSend                        0x08002fa1   Thumb Code   468  queue.o(.text)
    xQueueCreateMutex                        0x08003193   Thumb Code    34  queue.o(.text)
    xQueueGiveMutexRecursive                 0x080031b5   Thumb Code    66  queue.o(.text)
    xQueueSemaphoreTake                      0x08003225   Thumb Code   410  queue.o(.text)
    xQueueTakeMutexRecursive                 0x080033bf   Thumb Code    72  queue.o(.text)
    xQueueCreateCountingSemaphore            0x08003407   Thumb Code    80  queue.o(.text)
    xQueueGenericSendFromISR                 0x08003457   Thumb Code   292  queue.o(.text)
    xQueueGiveFromISR                        0x0800357b   Thumb Code   256  queue.o(.text)
    xQueueReceive                            0x080036a5   Thumb Code   338  queue.o(.text)
    xQueuePeek                               0x080037f7   Thumb Code   344  queue.o(.text)
    xQueueReceiveFromISR                     0x0800394f   Thumb Code   220  queue.o(.text)
    xQueuePeekFromISR                        0x08003a2b   Thumb Code   158  queue.o(.text)
    uxQueueMessagesWaiting                   0x08003ac9   Thumb Code    36  queue.o(.text)
    uxQueueSpacesAvailable                   0x08003aed   Thumb Code    48  queue.o(.text)
    uxQueueMessagesWaitingFromISR            0x08003b1d   Thumb Code    30  queue.o(.text)
    vQueueUnregisterQueue                    0x08003b3b   Thumb Code    44  queue.o(.text)
    vQueueDelete                             0x08003b67   Thumb Code    38  queue.o(.text)
    uxQueueGetQueueNumber                    0x08003b8d   Thumb Code     6  queue.o(.text)
    vQueueSetQueueNumber                     0x08003b93   Thumb Code     4  queue.o(.text)
    ucQueueGetQueueType                      0x08003b97   Thumb Code     8  queue.o(.text)
    xQueueIsQueueEmptyFromISR                0x08003b9f   Thumb Code    38  queue.o(.text)
    xQueueIsQueueFullFromISR                 0x08003bc5   Thumb Code    42  queue.o(.text)
    vQueueAddToRegistry                      0x08003bef   Thumb Code    38  queue.o(.text)
    pcQueueGetName                           0x08003c15   Thumb Code    38  queue.o(.text)
    vQueueWaitForMessageRestricted           0x08003c3b   Thumb Code    74  queue.o(.text)
    xQueueCreateSet                          0x08003c85   Thumb Code    20  queue.o(.text)
    xQueueAddToSet                           0x08003c99   Thumb Code    38  queue.o(.text)
    xQueueRemoveFromSet                      0x08003cbf   Thumb Code    48  queue.o(.text)
    xQueueSelectFromSet                      0x08003cef   Thumb Code    24  queue.o(.text)
    xQueueSelectFromSetFromISR               0x08003d07   Thumb Code    22  queue.o(.text)
    xTaskCreate                              0x08003eb7   Thumb Code    96  tasks.o(.text)
    vTaskDelete                              0x08003f51   Thumb Code   192  tasks.o(.text)
    xTaskIncrementTick                       0x08004011   Thumb Code   388  tasks.o(.text)
    xTaskResumeAll                           0x08004195   Thumb Code   218  tasks.o(.text)
    vTaskSuspendAll                          0x080042eb   Thumb Code    12  tasks.o(.text)
    xTaskDelayUntil                          0x080042f7   Thumb Code   184  tasks.o(.text)
    vTaskDelay                               0x080043af   Thumb Code    76  tasks.o(.text)
    eTaskGetState                            0x080043fb   Thumb Code   136  tasks.o(.text)
    uxTaskPriorityGet                        0x08004483   Thumb Code    30  tasks.o(.text)
    uxTaskPriorityGetFromISR                 0x080044a1   Thumb Code    62  tasks.o(.text)
    vTaskPrioritySet                         0x080044df   Thumb Code   316  tasks.o(.text)
    vTaskSwitchContext                       0x0800461b   Thumb Code   114  tasks.o(.text)
    vTaskSuspend                             0x0800468d   Thumb Code   218  tasks.o(.text)
    vTaskResume                              0x080047b3   Thumb Code   122  tasks.o(.text)
    xTaskResumeFromISR                       0x0800482d   Thumb Code   158  tasks.o(.text)
    vTaskStartScheduler                      0x08004927   Thumb Code   120  tasks.o(.text)
    vTaskEndScheduler                        0x0800499f   Thumb Code   114  tasks.o(.text)
    xTaskGetTickCount                        0x08004a11   Thumb Code     6  tasks.o(.text)
    xTaskGetTickCountFromISR                 0x08004a17   Thumb Code    16  tasks.o(.text)
    uxTaskGetNumberOfTasks                   0x08004a27   Thumb Code     6  tasks.o(.text)
    pcTaskGetName                            0x08004a2d   Thumb Code    40  tasks.o(.text)
    vTaskGetInfo                             0x08004a6b   Thumb Code   126  tasks.o(.text)
    uxTaskGetSystemState                     0x08004b53   Thumb Code   152  tasks.o(.text)
    xTaskCatchUpTicks                        0x08004beb   Thumb Code    58  tasks.o(.text)
    vTaskPlaceOnEventList                    0x08004c25   Thumb Code    46  tasks.o(.text)
    vTaskPlaceOnUnorderedEventList           0x08004c53   Thumb Code    88  tasks.o(.text)
    vTaskPlaceOnEventListRestricted          0x08004cab   Thumb Code    54  tasks.o(.text)
    xTaskRemoveFromEventList                 0x08004ce1   Thumb Code   122  tasks.o(.text)
    vTaskRemoveFromUnorderedEventList        0x08004d5b   Thumb Code   130  tasks.o(.text)
    vTaskSetTimeOutState                     0x08004ddd   Thumb Code   100  tasks.o(.text)
    vTaskInternalSetTimeOutState             0x08004e41   Thumb Code    14  tasks.o(.text)
    xTaskCheckForTimeOut                     0x08004e4f   Thumb Code   124  tasks.o(.text)
    vTaskMissedYield                         0x08004ecb   Thumb Code     8  tasks.o(.text)
    uxTaskGetTaskNumber                      0x08004ed3   Thumb Code    14  tasks.o(.text)
    vTaskSetTaskNumber                       0x08004ee1   Thumb Code     8  tasks.o(.text)
    xTaskGetCurrentTaskHandle                0x08004ee9   Thumb Code     6  tasks.o(.text)
    xTaskGetSchedulerState                   0x08004eef   Thumb Code    24  tasks.o(.text)
    xTaskPriorityInherit                     0x08004f07   Thumb Code   172  tasks.o(.text)
    xTaskPriorityDisinherit                  0x08004fb3   Thumb Code   162  tasks.o(.text)
    vTaskPriorityDisinheritAfterTimeout      0x08005055   Thumb Code   204  tasks.o(.text)
    vTaskList                                0x0800514b   Thumb Code   200  tasks.o(.text)
    uxTaskResetEventItemValue                0x08005213   Thumb Code    78  tasks.o(.text)
    pvTaskIncrementMutexHeldCount            0x08005261   Thumb Code    26  tasks.o(.text)
    ulTaskGenericNotifyTake                  0x0800527b   Thumb Code   152  tasks.o(.text)
    xTaskGenericNotifyWait                   0x08005313   Thumb Code   188  tasks.o(.text)
    xTaskGenericNotify                       0x080053cf   Thumb Code   330  tasks.o(.text)
    xTaskGenericNotifyFromISR                0x08005519   Thumb Code   410  tasks.o(.text)
    vTaskGenericNotifyGiveFromISR            0x080056b3   Thumb Code   242  tasks.o(.text)
    xTaskGenericNotifyStateClear             0x080057a5   Thumb Code    82  tasks.o(.text)
    ulTaskGenericNotifyValueClear            0x080057f7   Thumb Code    58  tasks.o(.text)
    xTimerGenericCommand                     0x0800589d   Thumb Code   118  timers.o(.text)
    xTimerCreateTimerTask                    0x08005ca5   Thumb Code    60  timers.o(.text)
    xTimerCreate                             0x08005d35   Thumb Code    54  timers.o(.text)
    xTimerGetTimerDaemonTaskHandle           0x08005d6b   Thumb Code    38  timers.o(.text)
    xTimerGetPeriod                          0x08005d91   Thumb Code    28  timers.o(.text)
    vTimerSetReloadMode                      0x08005dad   Thumb Code    64  timers.o(.text)
    uxTimerGetReloadMode                     0x08005ded   Thumb Code    52  timers.o(.text)
    xTimerGetExpiryTime                      0x08005e21   Thumb Code    30  timers.o(.text)
    pcTimerGetName                           0x08005e3f   Thumb Code    28  timers.o(.text)
    xTimerIsTimerActive                      0x08005e5b   Thumb Code    52  timers.o(.text)
    pvTimerGetTimerID                        0x08005e8f   Thumb Code    38  timers.o(.text)
    vTimerSetTimerID                         0x08005eb5   Thumb Code    38  timers.o(.text)
    xTimerPendFunctionCallFromISR            0x08005edb   Thumb Code    48  timers.o(.text)
    xTimerPendFunctionCall                   0x08005f0b   Thumb Code    70  timers.o(.text)
    uxTimerGetTimerNumber                    0x08005f51   Thumb Code     6  timers.o(.text)
    vTimerSetTimerNumber                     0x08005f57   Thumb Code     4  timers.o(.text)
    pxPortInitialiseStack                    0x08005fa1   Thumb Code    30  port.o(.text)
    vPortSetupTimerInterrupt                 0x08005fbf   Thumb Code    36  port.o(.text)
    xPortStartScheduler                      0x08005fe3   Thumb Code   240  port.o(.text)
    vPortEndScheduler                        0x080060d3   Thumb Code    34  port.o(.text)
    vPortEnterCritical                       0x080060f5   Thumb Code    70  port.o(.text)
    vPortExitCritical                        0x0800613b   Thumb Code    48  port.o(.text)
    xPortSysTickHandler                      0x0800616b   Thumb Code    48  port.o(.text)
    vPortValidateInterruptPriority           0x0800619b   Thumb Code    88  port.o(.text)
    pvPortMalloc                             0x0800630f   Thumb Code   302  heap_4.o(.text)
    vPortFree                                0x0800643d   Thumb Code   130  heap_4.o(.text)
    xPortGetFreeHeapSize                     0x080064bf   Thumb Code     6  heap_4.o(.text)
    xPortGetMinimumEverFreeHeapSize          0x080064c5   Thumb Code     6  heap_4.o(.text)
    vPortInitialiseBlocks                    0x080064cb   Thumb Code     2  heap_4.o(.text)
    vPortGetHeapStats                        0x080064cd   Thumb Code   104  heap_4.o(.text)
    __aeabi_memcpy                           0x0800658d   Thumb Code    36  memcpya.o(.text)
    __aeabi_memcpy4                          0x0800658d   Thumb Code     0  memcpya.o(.text)
    __aeabi_memcpy8                          0x0800658d   Thumb Code     0  memcpya.o(.text)
    __aeabi_memset                           0x080065b1   Thumb Code    14  memseta.o(.text)
    __aeabi_memset4                          0x080065b1   Thumb Code     0  memseta.o(.text)
    __aeabi_memset8                          0x080065b1   Thumb Code     0  memseta.o(.text)
    __aeabi_memclr                           0x080065bf   Thumb Code     4  memseta.o(.text)
    __aeabi_memclr4                          0x080065bf   Thumb Code     0  memseta.o(.text)
    __aeabi_memclr8                          0x080065bf   Thumb Code     0  memseta.o(.text)
    memset                                   0x080065c3   Thumb Code    18  memseta.o(.text)
    strlen                                   0x080065d5   Thumb Code    14  strlen.o(.text)
    strcpy                                   0x080065e3   Thumb Code    18  strcpy.o(.text)
    __aeabi_uldivmod                         0x080065f5   Thumb Code    98  uldiv.o(.text)
    __scatterload                            0x08006659   Thumb Code    28  init.o(.text)
    __scatterload_rt2                        0x08006659   Thumb Code     0  init.o(.text)
    __aeabi_llsl                             0x0800667d   Thumb Code    30  llshl.o(.text)
    _ll_shift_l                              0x0800667d   Thumb Code     0  llshl.o(.text)
    __aeabi_llsr                             0x0800669b   Thumb Code    32  llushr.o(.text)
    _ll_ushift_r                             0x0800669b   Thumb Code     0  llushr.o(.text)
    __0printf$8                              0x080066bd   Thumb Code    22  printf8.o(i.__0printf$8)
    __1printf$8                              0x080066bd   Thumb Code     0  printf8.o(i.__0printf$8)
    __2printf                                0x080066bd   Thumb Code     0  printf8.o(i.__0printf$8)
    __0sprintf$8                             0x080066dd   Thumb Code    34  printf8.o(i.__0sprintf$8)
    __1sprintf$8                             0x080066dd   Thumb Code     0  printf8.o(i.__0sprintf$8)
    __2sprintf                               0x080066dd   Thumb Code     0  printf8.o(i.__0sprintf$8)
    __scatterload_copy                       0x08006705   Thumb Code    14  handlers.o(i.__scatterload_copy)
    __scatterload_null                       0x08006713   Thumb Code     2  handlers.o(i.__scatterload_null)
    __scatterload_zeroinit                   0x08006715   Thumb Code    14  handlers.o(i.__scatterload_zeroinit)
    Region$$Table$$Base                      0x08006b90   Number         0  anon$$obj.o(Region$$Table)
    Region$$Table$$Limit                     0x08006bb0   Number         0  anon$$obj.o(Region$$Table)
    key                                      0x20000000   Data           2  main.o(.data)
    status                                   0x20000002   Data           2  main.o(.data)
    data                                     0x20000004   Data           6  main.o(.data)
    SystemCoreClock                          0x2000000c   Data           4  system_stm32f10x.o(.data)
    AHBPrescTable                            0x20000010   Data          16  system_stm32f10x.o(.data)
    __stdout                                 0x20000024   Data           4  usart.o(.data)
    USART_RX_STA                             0x20000028   Data           2  usart.o(.data)
    Res                                      0x2000002a   Data           1  usart.o(.data)
    RxData                                   0x2000002b   Data           4  usart.o(.data)
    pRxData                                  0x2000002f   Data           1  usart.o(.data)
    TxData                                   0x20000030   Data           4  usart.o(.data)
    pxCurrentTCB                             0x20000048   Data           4  tasks.o(.data)
    uxTopUsedPriority                        0x20000080   Data           4  tasks.o(.data)
    test_444                                 0x20000088   Data           4  tasks.o(.data)
    test111                                  0x200000cc   Data          12  freertos_demo.o(.bss)
    xQueueRegistry                           0x200000d8   Data          64  queue.o(.bss)
    __initial_sp                             0x20001828   Data           0  startup_stm32f10x_hd.o(STACK)



==============================================================================

Memory Map of the image

  Image Entry point : 0x08000131

  Load Region LR_IROM1 (Base: 0x08000000, Size: 0x00006c7c, Max: 0x00040000, ABSOLUTE)

    Execution Region ER_IROM1 (Base: 0x08000000, Size: 0x00006bb0, Max: 0x00040000, ABSOLUTE)

    Base Addr    Size         Type   Attr      Idx    E Section Name        Object

    0x08000000   0x00000130   Data   RO          404    RESET               startup_stm32f10x_hd.o
    0x08000130   0x00000000   Code   RO          699  * .ARM.Collect$$$$00000000  mc_w.l(entry.o)
    0x08000130   0x00000004   Code   RO          975    .ARM.Collect$$$$00000001  mc_w.l(entry2.o)
    0x08000134   0x00000004   Code   RO          978    .ARM.Collect$$$$00000004  mc_w.l(entry5.o)
    0x08000138   0x00000000   Code   RO          980    .ARM.Collect$$$$00000008  mc_w.l(entry7b.o)
    0x08000138   0x00000000   Code   RO          982    .ARM.Collect$$$$0000000A  mc_w.l(entry8b.o)
    0x08000138   0x00000008   Code   RO          983    .ARM.Collect$$$$0000000B  mc_w.l(entry9a.o)
    0x08000140   0x00000000   Code   RO          985    .ARM.Collect$$$$0000000D  mc_w.l(entry10a.o)
    0x08000140   0x00000000   Code   RO          987    .ARM.Collect$$$$0000000F  mc_w.l(entry11a.o)
    0x08000140   0x00000004   Code   RO          976    .ARM.Collect$$$$00002712  mc_w.l(entry2.o)
    0x08000144   0x00000096   Code   RO          654    .emb_text           port.o
    0x080001da   0x00000002   PAD
    0x080001dc   0x00000084   Code   RO            1    .text               main.o
    0x08000260   0x00000014   Code   RO          140    .text               stm32f10x_it.o
    0x08000274   0x000001e0   Code   RO          181    .text               system_stm32f10x.o
    0x08000454   0x00000118   Code   RO          264    .text               key.o
    0x0800056c   0x00000074   Code   RO          277    .text               timer.o
    0x080005e0   0x000000ac   Code   RO          289    .text               pwm.o
    0x0800068c   0x00000074   Code   RO          301    .text               myi2c.o
    0x08000700   0x00000440   Code   RO          313    .text               dht20.o
    0x08000b40   0x000000c0   Code   RO          325    .text               delay.o
    0x08000c00   0x000001f0   Code   RO          369    .text               usart.o
    0x08000df0   0x00000024   Code   RO          405    .text               startup_stm32f10x_hd.o
    0x08000e14   0x0000035c   Code   RO          409    .text               stm32f10x_gpio.o
    0x08001170   0x000003a4   Code   RO          421    .text               stm32f10x_rcc.o
    0x08001514   0x00000408   Code   RO          435    .text               stm32f10x_usart.o
    0x0800191c   0x000000dc   Code   RO          447    .text               misc.o
    0x080019f8   0x00000e1a   Code   RO          459    .text               stm32f10x_tim.o
    0x08002812   0x00000002   PAD
    0x08002814   0x00000404   Code   RO          471    .text               stm32f10x_i2c.o
    0x08002c18   0x00000094   Code   RO          535    .text               list.o
    0x08002cac   0x00001074   Code   RO          550    .text               queue.o
    0x08003d20   0x00001b2c   Code   RO          602    .text               tasks.o
    0x0800584c   0x00000724   Code   RO          633    .text               timers.o
    0x08005f70   0x000002dc   Code   RO          655    .text               port.o
    0x0800624c   0x00000340   Code   RO          684    .text               heap_4.o
    0x0800658c   0x00000024   Code   RO          702    .text               mc_w.l(memcpya.o)
    0x080065b0   0x00000024   Code   RO          706    .text               mc_w.l(memseta.o)
    0x080065d4   0x0000000e   Code   RO          708    .text               mc_w.l(strlen.o)
    0x080065e2   0x00000012   Code   RO          710    .text               mc_w.l(strcpy.o)
    0x080065f4   0x00000062   Code   RO          991    .text               mc_w.l(uldiv.o)
    0x08006656   0x00000002   PAD
    0x08006658   0x00000024   Code   RO         1004    .text               mc_w.l(init.o)
    0x0800667c   0x0000001e   Code   RO         1006    .text               mc_w.l(llshl.o)
    0x0800669a   0x00000020   Code   RO         1008    .text               mc_w.l(llushr.o)
    0x080066ba   0x00000002   PAD
    0x080066bc   0x00000020   Code   RO          921    i.__0printf$8       mc_w.l(printf8.o)
    0x080066dc   0x00000028   Code   RO          923    i.__0sprintf$8      mc_w.l(printf8.o)
    0x08006704   0x0000000e   Code   RO         1016    i.__scatterload_copy  mc_w.l(handlers.o)
    0x08006712   0x00000002   Code   RO         1017    i.__scatterload_null  mc_w.l(handlers.o)
    0x08006714   0x0000000e   Code   RO         1018    i.__scatterload_zeroinit  mc_w.l(handlers.o)
    0x08006722   0x00000002   PAD
    0x08006724   0x00000410   Code   RO          928    i._printf_core      mc_w.l(printf8.o)
    0x08006b34   0x00000024   Code   RO          929    i._printf_post_padding  mc_w.l(printf8.o)
    0x08006b58   0x0000002e   Code   RO          930    i._printf_pre_padding  mc_w.l(printf8.o)
    0x08006b86   0x0000000a   Code   RO          932    i._sputc            mc_w.l(printf8.o)
    0x08006b90   0x00000020   Data   RO         1014    Region$$Table       anon$$obj.o


    Execution Region RW_IRAM1 (Base: 0x20000000, Size: 0x00001828, Max: 0x0000c000, ABSOLUTE)

    Base Addr    Size         Type   Attr      Idx    E Section Name        Object

    0x20000000   0x0000000a   Data   RW            2    .data               main.o
    0x2000000a   0x00000002   PAD
    0x2000000c   0x00000014   Data   RW          182    .data               system_stm32f10x.o
    0x20000020   0x00000001   Data   RW          265    .data               key.o
    0x20000021   0x00000001   Data   RW          326    .data               delay.o
    0x20000022   0x00000002   PAD
    0x20000024   0x00000010   Data   RW          371    .data               usart.o
    0x20000034   0x00000014   Data   RW          422    .data               stm32f10x_rcc.o
    0x20000048   0x00000044   Data   RW          604    .data               tasks.o
    0x2000008c   0x00000014   Data   RW          635    .data               timers.o
    0x200000a0   0x0000000c   Data   RW          656    .data               port.o
    0x200000ac   0x00000020   Data   RW          686    .data               heap_4.o
    0x200000cc   0x0000000c   Zero   RW          200    .bss                freertos_demo.o
    0x200000d8   0x00000040   Zero   RW          551    .bss                queue.o
    0x20000118   0x000002e4   Zero   RW          603    .bss                tasks.o
    0x200003fc   0x00000028   Zero   RW          634    .bss                timers.o
    0x20000424   0x00001000   Zero   RW          685    .bss                heap_4.o
    0x20001424   0x00000004   PAD
    0x20001428   0x00000400   Zero   RW          402    STACK               startup_stm32f10x_hd.o


==============================================================================

Image component sizes


      Code (inc. data)   RO Data    RW Data    ZI Data      Debug   Object Name

       192         12          0          1          0       1287   delay.o
      1088        392          0          0          0       2021   dht20.o
         0          0          0          0          0      13628   event_groups.o
         0          0          0          0         12      14538   freertos_demo.o
       832         88          0         32       4096       3762   heap_4.o
       280         18          0          1          0        836   key.o
       148          0          0          0          0       1926   list.o
       132         38          0         10          0     262065   main.o
       220         22          0          0          0       1793   misc.o
       116         12          0          0          0        575   myi2c.o
       882        102          0         12          0       7643   port.o
       172          8          0          0          0        819   pwm.o
      4212         56          0          0         64      20782   queue.o
        36          8        304          0       1024        792   startup_stm32f10x_hd.o
       860         38          0          0          0       5725   stm32f10x_gpio.o
      1028         16          0          0          0       9219   stm32f10x_i2c.o
        20          0          0          0          0        907   stm32f10x_it.o
       932         36          0         20          0       8900   stm32f10x_rcc.o
      3610         88          0          0          0      22832   stm32f10x_tim.o
      1032         22          0          0          0       8452   stm32f10x_usart.o
         0          0          0          0          0         32   sys.o
       480         38          0         20          0       1731   system_stm32f10x.o
      6956        444          0         68        740      37624   tasks.o
       116          4          0          0          0        784   timer.o
      1828        108          0         20         40      14732   timers.o
       496         28          0         16          0       4299   usart.o

    ----------------------------------------------------------------------
     25672       1578        336        204       5980     447704   Object Totals
         0          0         32          0          0          0   (incl. Generated)
         4          0          0          4          4          0   (incl. Padding)

    ----------------------------------------------------------------------

      Code (inc. data)   RO Data    RW Data    ZI Data      Debug   Library Member Name

         0          0          0          0          0          0   entry.o
         0          0          0          0          0          0   entry10a.o
         0          0          0          0          0          0   entry11a.o
         8          4          0          0          0          0   entry2.o
         4          0          0          0          0          0   entry5.o
         0          0          0          0          0          0   entry7b.o
         0          0          0          0          0          0   entry8b.o
         8          4          0          0          0          0   entry9a.o
        30          0          0          0          0          0   handlers.o
        36          8          0          0          0         68   init.o
        30          0          0          0          0         68   llshl.o
        32          0          0          0          0         68   llushr.o
        36          0          0          0          0         68   memcpya.o
        36          0          0          0          0        108   memseta.o
      1204         60          0          0          0        504   printf8.o
        18          0          0          0          0         68   strcpy.o
        14          0          0          0          0         68   strlen.o
        98          0          0          0          0         92   uldiv.o

    ----------------------------------------------------------------------
      1560         76          0          0          0       1112   Library Totals
         6          0          0          0          0          0   (incl. Padding)

    ----------------------------------------------------------------------

      Code (inc. data)   RO Data    RW Data    ZI Data      Debug   Library Name

      1554         76          0          0          0       1112   mc_w.l

    ----------------------------------------------------------------------
      1560         76          0          0          0       1112   Library Totals

    ----------------------------------------------------------------------

==============================================================================


      Code (inc. data)   RO Data    RW Data    ZI Data      Debug   

     27232       1654        336        204       5980     446316   Grand Totals
     27232       1654        336        204       5980     446316   ELF Image Totals
     27232       1654        336        204          0          0   ROM Totals

==============================================================================

    Total RO  Size (Code + RO Data)                27568 (  26.92kB)
    Total RW  Size (RW Data + ZI Data)              6184 (   6.04kB)
    Total ROM Size (Code + RO Data + RW Data)      27772 (  27.12kB)

==============================================================================

