Component: ARM Compiler 5.06 update 1 (build 61) Tool: armlink [4d35a8]

==============================================================================

Section Cross References

    main.o(.text) refers to misc.o(.text) for NVIC_PriorityGroupConfig
    main.o(.text) refers to delay.o(.text) for delay_init
    main.o(.text) refers to usart.o(.text) for uart_init
    main.o(.text) refers to pwm.o(.text) for PWM_Init
    main.o(.text) refers to key.o(.text) for KEY_Init
    main.o(.text) refers to myi2c.o(.text) for IIC_init
    main.o(.text) refers to printfa.o(i.__0printf) for __2printf
    main.o(.text) refers to dht20.o(.text) for DHT20_W_Reg
    main.o(.text) refers to mymath.o(.text) for get_hum_temp
    main.o(.text) refers to f2d.o(.text) for __aeabi_f2d
    main.o(.text) refers to main.o(.data) for data
    system_stm32f10x.o(.text) refers to system_stm32f10x.o(.data) for SystemCoreClock
    freertos_demo.o(.text) refers to stm32f10x_gpio.o(.text) for GPIO_ReadInputDataBit
    freertos_demo.o(.text) refers to usart.o(.text) for SendPack
    freertos_demo.o(.text) refers to tasks.o(.text) for vTaskDelay
    freertos_demo.o(.text) refers to pwm.o(.text) for PWM_SetCompare1
    freertos_demo.o(.text) refers to port.o(.text) for vPortEnterCritical
    freertos_demo.o(.text) refers to freertos_demo.o(.bss) for test111
    freertos_demo.o(.text) refers to freertos_demo.o(.data) for key0_out
    freertos_demo.o(.text) refers to usart.o(.data) for TxData
    led.o(.text) refers to stm32f10x_rcc.o(.text) for RCC_APB2PeriphClockCmd
    led.o(.text) refers to stm32f10x_gpio.o(.text) for GPIO_Init
    key.o(.text) refers to stm32f10x_rcc.o(.text) for RCC_APB2PeriphClockCmd
    key.o(.text) refers to stm32f10x_gpio.o(.text) for GPIO_PinRemapConfig
    key.o(.text) refers to delay.o(.text) for delay_ms
    key.o(.text) refers to key.o(.data) for key_up
    timer.o(.text) refers to stm32f10x_rcc.o(.text) for RCC_APB1PeriphClockCmd
    timer.o(.text) refers to stm32f10x_tim.o(.text) for TIM_TimeBaseInit
    timer.o(.text) refers to misc.o(.text) for NVIC_Init
    pwm.o(.text) refers to stm32f10x_rcc.o(.text) for RCC_APB2PeriphClockCmd
    pwm.o(.text) refers to stm32f10x_gpio.o(.text) for GPIO_Init
    pwm.o(.text) refers to stm32f10x_tim.o(.text) for TIM_InternalClockConfig
    myi2c.o(.text) refers to stm32f10x_rcc.o(.text) for RCC_APB1PeriphClockCmd
    myi2c.o(.text) refers to stm32f10x_gpio.o(.text) for GPIO_Init
    myi2c.o(.text) refers to stm32f10x_i2c.o(.text) for I2C_Init
    dht20.o(.text) refers to stm32f10x_i2c.o(.text) for I2C_GenerateSTART
    dht20.o(.text) refers to delay.o(.text) for delay_ms
    dht20.o(.text) refers to printfa.o(i.__0printf) for __2printf
    mymath.o(.text) refers to ffltui.o(.text) for __aeabi_ui2f
    mymath.o(.text) refers to fdiv.o(.text) for __aeabi_fdiv
    mymath.o(.text) refers to fmul.o(.text) for __aeabi_fmul
    mymath.o(.text) refers to fadd.o(.text) for __aeabi_fsub
    delay.o(.text) refers to tasks.o(.text) for xTaskGetSchedulerState
    delay.o(.text) refers to port.o(.text) for xPortSysTickHandler
    delay.o(.text) refers to misc.o(.text) for SysTick_CLKSourceConfig
    delay.o(.text) refers to system_stm32f10x.o(.data) for SystemCoreClock
    delay.o(.text) refers to delay.o(.data) for fac_us
    usart.o(.text) refers to stm32f10x_rcc.o(.text) for RCC_APB2PeriphClockCmd
    usart.o(.text) refers to stm32f10x_gpio.o(.text) for GPIO_Init
    usart.o(.text) refers to misc.o(.text) for NVIC_Init
    usart.o(.text) refers to stm32f10x_usart.o(.text) for USART_Init
    usart.o(.text) refers to freertos_demo.o(.bss) for test111
    usart.o(.text) refers to usart.o(.data) for Res
    startup_stm32f10x_hd.o(RESET) refers to startup_stm32f10x_hd.o(STACK) for __initial_sp
    startup_stm32f10x_hd.o(RESET) refers to startup_stm32f10x_hd.o(.text) for Reset_Handler
    startup_stm32f10x_hd.o(RESET) refers to stm32f10x_it.o(.text) for NMI_Handler
    startup_stm32f10x_hd.o(RESET) refers to port.o(.emb_text) for SVC_Handler
    startup_stm32f10x_hd.o(RESET) refers to delay.o(.text) for SysTick_Handler
    startup_stm32f10x_hd.o(RESET) refers to timer.o(.text) for TIM3_IRQHandler
    startup_stm32f10x_hd.o(RESET) refers to usart.o(.text) for USART1_IRQHandler
    startup_stm32f10x_hd.o(.text) refers to system_stm32f10x.o(.text) for SystemInit
    startup_stm32f10x_hd.o(.text) refers to entry.o(.ARM.Collect$$$$00000000) for __main
    stm32f10x_gpio.o(.text) refers to stm32f10x_rcc.o(.text) for RCC_APB2PeriphResetCmd
    stm32f10x_rcc.o(.text) refers to stm32f10x_rcc.o(.data) for APBAHBPrescTable
    stm32f10x_usart.o(.text) refers to stm32f10x_rcc.o(.text) for RCC_APB2PeriphResetCmd
    stm32f10x_tim.o(.text) refers to stm32f10x_rcc.o(.text) for RCC_APB2PeriphResetCmd
    stm32f10x_i2c.o(.text) refers to stm32f10x_rcc.o(.text) for RCC_APB1PeriphResetCmd
    event_groups.o(.text) refers to heap_4.o(.text) for pvPortMalloc
[...]
    Removing led.o(.text), (80 bytes).
    Removing sys.o(.emb_text), (6 bytes).
    Removing sys.o(.text), (12 bytes).
    Removing usart.o(.bss), (200 bytes).
    Removing core_cm3.o(.emb_text), (32 bytes).
    Removing startup_stm32f10x_hd.o(HEAP), (0 bytes).
    Removing event_groups.o(.text), (1118 bytes).
    Removing stream_buffer.o(.text), (2358 bytes).

10 unused section(s) (total 4291 bytes) removed from the image.

==============================================================================

Image Symbol Table

    Local Symbols

    Symbol Name                              Value     Ov Type        Size  Object(Section)

    ../clib/microlib/division.c              0x00000000   Number         0  uidiv.o ABSOLUTE
    ../clib/microlib/division.c              0x00000000   Number         0  uldiv.o ABSOLUTE
    ../clib/microlib/init/entry.s            0x00000000   Number         0  entry5.o ABSOLUTE
    ../clib/microlib/init/entry.s            0x00000000   Number         0  entry7b.o ABSOLUTE
    ../clib/microlib/init/entry.s            0x00000000   Number         0  entry7a.o ABSOLUTE
    ../clib/microlib/init/entry.s            0x00000000   Number         0  entry11a.o ABSOLUTE
    ../clib/microlib/init/entry.s            0x00000000   Number         0  entry10b.o ABSOLUTE
    ../clib/microlib/init/entry.s            0x00000000   Number         0  entry10a.o ABSOLUTE
    ../clib/microlib/init/entry.s            0x00000000   Number         0  entry9b.o ABSOLUTE
    ../clib/microlib/init/entry.s            0x00000000   Number         0  entry9a.o ABSOLUTE
    ../clib/microlib/init/entry.s            0x00000000   Number         0  entry2.o ABSOLUTE
    ../clib/microlib/init/entry.s            0x00000000   Number         0  entry8b.o ABSOLUTE
    ../clib/microlib/init/entry.s            0x00000000   Number         0  entry11b.o ABSOLUTE
    ../clib/microlib/init/entry.s            0x00000000   Number         0  entry.o ABSOLUTE
    ../clib/microlib/init/entry.s            0x00000000   Number         0  entry8a.o ABSOLUTE
    ../clib/microlib/longlong.c              0x00000000   Number         0  llshl.o ABSOLUTE
    ../clib/microlib/longlong.c              0x00000000   Number         0  llushr.o ABSOLUTE
    ../clib/microlib/longlong.c              0x00000000   Number         0  llsshr.o ABSOLUTE
    ../clib/microlib/printf/printf.c         0x00000000   Number         0  printfa.o ABSOLUTE
    ../clib/microlib/printf/printf.c         0x00000000   Number         0  printf8.o ABSOLUTE
    ../clib/microlib/printf/printf.c         0x00000000   Number         0  printfb.o ABSOLUTE
    ../clib/microlib/printf/printf.c         0x00000000   Number         0  printf0.o ABSOLUTE
    ../clib/microlib/printf/printf.c         0x00000000   Number         0  printf7.o ABSOLUTE
    ../clib/microlib/printf/printf.c         0x00000000   Number         0  printf2.o ABSOLUTE
    ../clib/microlib/printf/printf.c         0x00000000   Number         0  printf1.o ABSOLUTE
    ../clib/microlib/printf/printf.c         0x00000000   Number         0  printf3.o ABSOLUTE
    ../clib/microlib/printf/printf.c         0x00000000   Number         0  printf4.o ABSOLUTE
    ../clib/microlib/printf/printf.c         0x00000000   Number         0  printf5.o ABSOLUTE
    ../clib/microlib/printf/printf.c         0x00000000   Number         0  printf6.o ABSOLUTE
    ../clib/microlib/printf/stubs.s          0x00000000   Number         0  stubs.o ABSOLUTE
    ../clib/microlib/string/memcpy.c         0x00000000   Number         0  memcpya.o ABSOLUTE
    ../clib/microlib/string/memcpy.c         0x00000000   Number         0  memcpyb.o ABSOLUTE
    ../clib/microlib/string/memset.c         0x00000000   Number         0  memset.o ABSOLUTE
    ../clib/microlib/string/memset.c         0x00000000   Number         0  memseta.o ABSOLUTE
    ../clib/microlib/string/strcpy.c         0x00000000   Number         0  strcpy.o ABSOLUTE
    ../clib/microlib/string/strlen.c         0x00000000   Number         0  strlen.o ABSOLUTE
    ../clib/microlib/stubs.s                 0x00000000   Number         0  iusefp.o ABSOLUTE
    ../clib/microlib/stubs.s                 0x00000000   Number         0  useno.o ABSOLUTE
    ../fplib/microlib/f2d.c                  0x00000000   Number         0  f2d.o ABSOLUTE
    ../fplib/microlib/fpadd.c                0x00000000   Number         0  fadd.o ABSOLUTE
    ../fplib/microlib/fpadd.c                0x00000000   Number         0  dadd.o ABSOLUTE
    ../fplib/microlib/fpdiv.c                0x00000000   Number         0  ddiv.o ABSOLUTE
    ../fplib/microlib/fpdiv.c                0x00000000   Number         0  fdiv.o ABSOLUTE
    ../fplib/microlib/fpepilogue.c           0x00000000   Number         0  fepilogue.o ABSOLUTE
    ../fplib/microlib/fpepilogue.c           0x00000000   Number         0  depilogue.o ABSOLUTE
    ../fplib/microlib/fpfix.c                0x00000000   Number         0  dfixul.o ABSOLUTE
    ../fplib/microlib/fpflt.c                0x00000000   Number         0  ffltui.o ABSOLUTE
    ../fplib/microlib/fpmul.c                0x00000000   Number         0  dmul.o ABSOLUTE
    ../fplib/microlib/fpmul.c                0x00000000   Number         0  fmul.o ABSOLUTE
    ..\CORE\core_cm3.c                       0x00000000   Number         0  core_cm3.o ABSOLUTE
    ..\CORE\startup_stm32f10x_hd.s           0x00000000   Number         0  startup_stm32f10x_hd.o ABSOLUTE
    ..\FreeRTOS\croutine.c                   0x00000000   Number         0  croutine.o ABSOLUTE
    ..\FreeRTOS\event_groups.c               0x00000000   Number         0  event_groups.o ABSOLUTE
    ..\FreeRTOS\list.c                       0x00000000   Number         0  list.o ABSOLUTE
    ..\FreeRTOS\portable\MemMang\heap_4.c    0x00000000   Number         0  heap_4.o ABSOLUTE
    ..\FreeRTOS\portable\RVDS\ARM_CM3\port.c 0x00000000   Number         0  port.o ABSOLUTE
    ..\FreeRTOS\queue.c                      0x00000000   Number         0  queue.o ABSOLUTE
    ..\FreeRTOS\stream_buffer.c              0x00000000   Number         0  stream_buffer.o ABSOLUTE
    ..\FreeRTOS\tasks.c                      0x00000000   Number         0  tasks.o ABSOLUTE
    ..\FreeRTOS\timers.c                     0x00000000   Number         0  timers.o ABSOLUTE
    ..\HARDWARE\I2C\dht20.c                  0x00000000   Number         0  dht20.o ABSOLUTE
    ..\HARDWARE\I2C\myI2C.c                  0x00000000   Number         0  myi2c.o ABSOLUTE
    ..\HARDWARE\KEY\key.c                    0x00000000   Number         0  key.o ABSOLUTE
    ..\HARDWARE\LED\led.c                    0x00000000   Number         0  led.o ABSOLUTE
    ..\HARDWARE\TIMER\PWM.c                  0x00000000   Number         0  pwm.o ABSOLUTE
    ..\HARDWARE\TIMER\timer.c                0x00000000   Number         0  timer.o ABSOLUTE
    ..\HARDWARE\myMath.c                     0x00000000   Number         0  mymath.o ABSOLUTE
    ..\STM32F10x_FWLib\src\misc.c            0x00000000   Number         0  misc.o ABSOLUTE
    ..\STM32F10x_FWLib\src\stm32f10x_gpio.c  0x00000000   Number         0  stm32f10x_gpio.o ABSOLUTE
    ..\STM32F10x_FWLib\src\stm32f10x_i2c.c   0x00000000   Number         0  stm32f10x_i2c.o ABSOLUTE
    ..\STM32F10x_FWLib\src\stm32f10x_rcc.c   0x00000000   Number         0  stm32f10x_rcc.o ABSOLUTE
    ..\STM32F10x_FWLib\src\stm32f10x_tim.c   0x00000000   Number         0  stm32f10x_tim.o ABSOLUTE
    ..\STM32F10x_FWLib\src\stm32f10x_usart.c 0x00000000   Number         0  stm32f10x_usart.o ABSOLUTE
    ..\SYSTEM\delay\delay.c                  0x00000000   Number         0  delay.o ABSOLUTE
    ..\SYSTEM\sys\sys.c                      0x00000000   Number         0  sys.o ABSOLUTE
    ..\SYSTEM\usart\usart.c                  0x00000000   Number         0  usart.o ABSOLUTE
    ..\\CORE\\core_cm3.c                     0x00000000   Number         0  core_cm3.o ABSOLUTE
    ..\\FreeRTOS\\portable\\RVDS\\ARM_CM3\\port.c 0x00000000   Number         0  port.o ABSOLUTE
    ..\\SYSTEM\\sys\\sys.c                   0x00000000   Number         0  sys.o ABSOLUTE
    cdrcmple.s                               0x00000000   Number         0  cdrcmple.o ABSOLUTE
    dc.s                                     0x00000000   Number         0  dc.o ABSOLUTE
    freertos_demo.c                          0x00000000   Number         0  freertos_demo.o ABSOLUTE
    handlers.s                               0x00000000   Number         0  handlers.o ABSOLUTE
    init.s                                   0x00000000   Number         0  init.o ABSOLUTE
    main.c                                   0x00000000   Number         0  main.o ABSOLUTE
    stm32f10x_it.c                           0x00000000   Number         0  stm32f10x_it.o ABSOLUTE
    system_stm32f10x.c                       0x00000000   Number         0  system_stm32f10x.o ABSOLUTE
    RESET                                    0x08000000   Section      304  startup_stm32f10x_hd.o(RESET)
    .ARM.Collect$$$$00000000                 0x08000130   Section        0  entry.o(.ARM.Collect$$$$00000000)
    .ARM.Collect$$$$00000001                 0x08000130   Section        4  entry2.o(.ARM.Collect$$$$00000001)
    .ARM.Collect$$$$00000004                 0x08000134   Section        4  entry5.o(.ARM.Collect$$$$00000004)
    .ARM.Collect$$$$00000008                 0x08000138   Section        0  entry7b.o(.ARM.Collect$$$$00000008)
    .ARM.Collect$$$$0000000A                 0x08000138   Section        0  entry8b.o(.ARM.Collect$$$$0000000A)
    .ARM.Collect$$$$0000000B                 0x08000138   Section        8  entry9a.o(.ARM.Collect$$$$0000000B)
    .ARM.Collect$$$$0000000D                 0x08000140   Section        0  entry10a.o(.ARM.Collect$$$$0000000D)
    .ARM.Collect$$$$0000000F                 0x08000140   Section        0  entry11a.o(.ARM.Collect$$$$0000000F)
    .ARM.Collect$$$$00002712                 0x08000140   Section        4  entry2.o(.ARM.Collect$$$$00002712)
    __lit__00000000                          0x08000140   Data           4  entry2.o(.ARM.Collect$$$$00002712)
    .emb_text                                0x08000144   Section      150  port.o(.emb_text)
    .text                                    0x080001dc   Section        0  main.o(.text)
    .text                                    0x080002a8   Section        0  stm32f10x_it.o(.text)
    .text                                    0x080002bc   Section        0  system_stm32f10x.o(.text)
    SetSysClockTo72                          0x080002bd   Thumb Code   214  system_stm32f10x.o(.text)
    SetSysClock                              0x08000393   Thumb Code     8  system_stm32f10x.o(.text)
    .text                                    0x0800049c   Section        0  key.o(.text)
    .text                                    0x080005b4   Section        0  timer.o(.text)
    .text                                    0x08000628   Section        0  pwm.o(.text)
    .text                                    0x080006d4   Section        0  myi2c.o(.text)
    .text                                    0x08000748   Section        0  dht20.o(.text)
    .text                                    0x08000a94   Section        0  mymath.o(.text)
    .text                                    0x08000b04   Section        0  delay.o(.text)
    .text                                    0x08000bc4   Section        0  usart.o(.text)
    .text                                    0x08000db4   Section       36  startup_stm32f10x_hd.o(.text)
    .text                                    0x08000dd8   Section        0  stm32f10x_gpio.o(.text)
    .text                                    0x08001134   Section        0  stm32f10x_rcc.o(.text)
    .text                                    0x080014d8   Section        0  stm32f10x_usart.o(.text)
    .text                                    0x080018e0   Section        0  misc.o(.text)
    .text                                    0x080019bc   Section        0  stm32f10x_tim.o(.text)
    TI4_Config                               0x08001e63   Thumb Code   130  stm32f10x_tim.o(.text)
    TI3_Config                               0x08001ef7   Thumb Code   122  stm32f10x_tim.o(.text)
    TI2_Config                               0x08001f8b   Thumb Code   130  stm32f10x_tim.o(.text)
    TI1_Config                               0x0800201f   Thumb Code   108  stm32f10x_tim.o(.text)
    .text                                    0x080027d8   Section        0  stm32f10x_i2c.o(.text)
    .text                                    0x08002bdc   Section        0  list.o(.text)
    .text                                    0x08002c70   Section        0  queue.o(.text)
    prvInitialiseNewQueue                    0x08002cf9   Thumb Code    46  queue.o(.text)
    prvCopyDataToQueue                       0x08002dab   Thumb Code   126  queue.o(.text)
    prvNotifyQueueSetContainer               0x08002e29   Thumb Code   142  queue.o(.text)
    prvUnlockQueue                           0x08002eb7   Thumb Code   144  queue.o(.text)
    prvIsQueueFull                           0x08002f47   Thumb Code    30  queue.o(.text)
    prvInitialiseMutex                       0x08003139   Thumb Code    30  queue.o(.text)
    prvGetDisinheritPriorityAfterTimeout     0x080031bb   Thumb Code    20  queue.o(.text)
    prvIsQueueEmpty                          0x080031cf   Thumb Code    26  queue.o(.text)
    prvCopyDataFromQueue                     0x0800363f   Thumb Code    42  queue.o(.text)
    .text                                    0x08003ce4   Section        0  tasks.o(.text)
    prvInitialiseTaskLists                   0x08003ce5   Thumb Code    70  tasks.o(.text)
    prvAddNewTaskToReadyList                 0x08003d2b   Thumb Code   156  tasks.o(.text)
    prvInitialiseNewTask                     0x08003dc7   Thumb Code   180  tasks.o(.text)
    prvResetNextTaskUnblockTime              0x08003edb   Thumb Code    40  tasks.o(.text)
    prvDeleteTCB                             0x08003f03   Thumb Code    18  tasks.o(.text)
    prvAddCurrentTaskToDelayedList           0x08004233   Thumb Code   124  tasks.o(.text)
    prvTaskIsTaskSuspended                   0x0800472b   Thumb Code    76  tasks.o(.text)
    prvCheckTasksWaitingTermination          0x0800488f   Thumb Code    60  tasks.o(.text)
    prvIdleTask                              0x080048cb   Thumb Code    32  tasks.o(.text)
    prvTaskCheckFreeStackSpace               0x08004a19   Thumb Code    22  tasks.o(.text)
    prvListTasksWithinSingleList             0x08004aad   Thumb Code   106  tasks.o(.text)
    prvWriteNameToBuffer                     0x080050e5   Thumb Code    42  tasks.o(.text)
    .text                                    0x08005810   Section        0  timers.o(.text)
    prvInsertTimerInActiveList               0x08005811   Thumb Code    80  timers.o(.text)
    prvSwitchTimerLists                      0x080058d7   Thumb Code   144  timers.o(.text)
    prvSampleTimeNow                         0x08005967   Thumb Code    40  timers.o(.text)
    prvProcessReceivedCommands               0x0800598f   Thumb Code   318  timers.o(.text)
    prvProcessExpiredTimer                   0x08005acd   Thumb Code   100  timers.o(.text)
    prvProcessTimerOrBlockTask               0x08005b31   Thumb Code   102  timers.o(.text)
    prvGetNextExpireTime                     0x08005b97   Thumb Code    36  timers.o(.text)
    prvTimerTask                             0x08005bbb   Thumb Code    26  timers.o(.text)
    prvCheckForValidListAndQueue             0x08005bd5   Thumb Code   148  timers.o(.text)
    prvInitialiseNewTimer                    0x08005ca5   Thumb Code    84  timers.o(.text)
    .text                                    0x08005f34   Section        0  port.o(.text)
    prvTaskExitError                         0x08005f35   Thumb Code    48  port.o(.text)
    .text                                    0x08006210   Section        0  heap_4.o(.text)
    prvInsertBlockIntoFreeList               0x08006211   Thumb Code    96  heap_4.o(.text)
    prvHeapInit                              0x08006271   Thumb Code    98  heap_4.o(.text)
    .text                                    0x08006550   Section        0  memcpya.o(.text)
    .text                                    0x08006574   Section        0  memseta.o(.text)
    .text                                    0x08006598   Section        0  strlen.o(.text)
    .text                                    0x080065a6   Section        0  strcpy.o(.text)
    .text                                    0x080065b8   Section        0  fadd.o(.text)
    .text                                    0x08006668   Section        0  fmul.o(.text)
    .text                                    0x080066cc   Section        0  fdiv.o(.text)
    .text                                    0x08006748   Section        0  ffltui.o(.text)
    .text                                    0x08006752   Section        0  f2d.o(.text)
    .text                                    0x08006778   Section        0  uidiv.o(.text)
    .text                                    0x080067a4   Section        0  uldiv.o(.text)
    .text                                    0x08006806   Section        0  iusefp.o(.text)
    .text                                    0x08006806   Section        0  fepilogue.o(.text)
    .text                                    0x08006874   Section        0  dadd.o(.text)
    .text                                    0x080069c2   Section        0  dmul.o(.text)
    .text                                    0x08006aa6   Section        0  ddiv.o(.text)
    .text                                    0x08006b84   Section        0  dfixul.o(.text)
    .text                                    0x08006bb4   Section       48  cdrcmple.o(.text)
    .text                                    0x08006be4   Section       36  init.o(.text)
    .text                                    0x08006c08   Section        0  llshl.o(.text)
    .text                                    0x08006c26   Section        0  llushr.o(.text)
    .text                                    0x08006c46   Section        0  llsshr.o(.text)
    .text                                    0x08006c6a   Section        0  depilogue.o(.text)
    i.__0printf                              0x08006d24   Section        0  printfa.o(i.__0printf)
    i.__0sprintf                             0x08006d44   Section        0  printfa.o(i.__0sprintf)
    i.__scatterload_copy                     0x08006d6c   Section       14  handlers.o(i.__scatterload_copy)
    i.__scatterload_null                     0x08006d7a   Section        2  handlers.o(i.__scatterload_null)
    i.__scatterload_zeroinit                 0x08006d7c   Section       14  handlers.o(i.__scatterload_zeroinit)
    i._fp_digits                             0x08006d8c   Section        0  printfa.o(i._fp_digits)
    _fp_digits                               0x08006d8d   Thumb Code   334  printfa.o(i._fp_digits)
    i._printf_core                           0x08006ef0   Section        0  printfa.o(i._printf_core)
    _printf_core                             0x08006ef1   Thumb Code  1744  printfa.o(i._printf_core)
    i._printf_post_padding                   0x080075cc   Section        0  printfa.o(i._printf_post_padding)
    _printf_post_padding                     0x080075cd   Thumb Code    36  printfa.o(i._printf_post_padding)
    i._printf_pre_padding                    0x080075f0   Section        0  printfa.o(i._printf_pre_padding)
    _printf_pre_padding                      0x080075f1   Thumb Code    46  printfa.o(i._printf_pre_padding)
    i._sputc                                 0x0800761e   Section        0  printfa.o(i._sputc)
    _sputc                                   0x0800761f   Thumb Code    10  printfa.o(i._sputc)
    .data                                    0x20000000   Section       20  main.o(.data)
    .data                                    0x20000014   Section       20  system_stm32f10x.o(.data)
    .data                                    0x20000028   Section        1  key.o(.data)
    key_up                                   0x20000028   Data           1  key.o(.data)
    .data                                    0x20000029   Section        1  delay.o(.data)
    fac_us                                   0x20000029   Data           1  delay.o(.data)
    .data                                    0x2000002c   Section       16  usart.o(.data)
    .data                                    0x2000003c   Section       20  stm32f10x_rcc.o(.data)
    APBAHBPrescTable                         0x2000003c   Data          16  stm32f10x_rcc.o(.data)
    ADCPrescTable                            0x2000004c   Data           4  stm32f10x_rcc.o(.data)
    .data                                    0x20000050   Section       68  tasks.o(.data)
    pxDelayedTaskList                        0x20000054   Data           4  tasks.o(.data)
    pxOverflowDelayedTaskList                0x20000058   Data           4  tasks.o(.data)
    uxDeletedTasksWaitingCleanUp             0x2000005c   Data           4  tasks.o(.data)
    uxCurrentNumberOfTasks                   0x20000060   Data           4  tasks.o(.data)
    xTickCount                               0x20000064   Data           4  tasks.o(.data)
    uxTopReadyPriority                       0x20000068   Data           4  tasks.o(.data)
    xSchedulerRunning                        0x2000006c   Data           4  tasks.o(.data)
    xPendedTicks                             0x20000070   Data           4  tasks.o(.data)
    xYieldPending                            0x20000074   Data           4  tasks.o(.data)
    xNumOfOverflows                          0x20000078   Data           4  tasks.o(.data)
    uxTaskNumber                             0x2000007c   Data           4  tasks.o(.data)
    xNextTaskUnblockTime                     0x20000080   Data           4  tasks.o(.data)
    xIdleTaskHandle                          0x20000084   Data           4  tasks.o(.data)
    uxSchedulerSuspended                     0x2000008c   Data           4  tasks.o(.data)
    .data                                    0x20000094   Section       20  timers.o(.data)
    pxCurrentTimerList                       0x20000094   Data           4  timers.o(.data)
    pxOverflowTimerList                      0x20000098   Data           4  timers.o(.data)
    xTimerQueue                              0x2000009c   Data           4  timers.o(.data)
    xTimerTaskHandle                         0x200000a0   Data           4  timers.o(.data)
    xLastTime                                0x200000a4   Data           4  timers.o(.data)
    .data                                    0x200000a8   Section       12  port.o(.data)
    uxCriticalNesting                        0x200000a8   Data           4  port.o(.data)
    ucMaxSysCallPriority                     0x200000ac   Data           1  port.o(.data)
    ulMaxPRIGROUPValue                       0x200000b0   Data           4  port.o(.data)
    .data                                    0x200000b4   Section       32  heap_4.o(.data)
    xStart                                   0x200000b4   Data           8  heap_4.o(.data)
    pxEnd                                    0x200000bc   Data           4  heap_4.o(.data)
    xFreeBytesRemaining                      0x200000c0   Data           4  heap_4.o(.data)
    xMinimumEverFreeBytesRemaining           0x200000c4   Data           4  heap_4.o(.data)
    xNumberOfSuccessfulAllocations           0x200000c8   Data           4  heap_4.o(.data)
    xNumberOfSuccessfulFrees                 0x200000cc   Data           4  heap_4.o(.data)
    xBlockAllocatedBit                       0x200000d0   Data           4  heap_4.o(.data)
    .bss                                     0x200000d4   Section       12  freertos_demo.o(.bss)
    .bss                                     0x200000e0   Section       64  queue.o(.bss)
    .bss                                     0x20000120   Section      740  tasks.o(.bss)
    pxReadyTasksLists                        0x20000120   Data         640  tasks.o(.bss)
    xDelayedTaskList1                        0x200003a0   Data          20  tasks.o(.bss)
    xDelayedTaskList2                        0x200003b4   Data          20  tasks.o(.bss)
    xPendingReadyList                        0x200003c8   Data          20  tasks.o(.bss)
    xTasksWaitingTermination                 0x200003dc   Data          20  tasks.o(.bss)
    xSuspendedTaskList                       0x200003f0   Data          20  tasks.o(.bss)
    .bss                                     0x20000404   Section       40  timers.o(.bss)
    xActiveTimerList1                        0x20000404   Data          20  timers.o(.bss)
    xActiveTimerList2                        0x20000418   Data          20  timers.o(.bss)
    .bss                                     0x2000042c   Section     4096  heap_4.o(.bss)
    ucHeap                                   0x2000042c   Data        4096  heap_4.o(.bss)
    STACK                                    0x20001430   Section     1024  startup_stm32f10x_hd.o(STACK)

    Global Symbols

    Symbol Name                              Value     Ov Type        Size  Object(Section)

    BuildAttributes$$THM_ISAv4$P$D$K$B$S$PE$A:L22UL41UL21$X:L11$S22US41US21$IEEE1$IW$USESV6$~STKCKD$USESV7$~SHL$OTIME$ROPI$EBA8$MICROLIB$REQ8$PRES8$EABIv2 0x00000000   Number         0  anon$$obj.o ABSOLUTE
    __ARM_use_no_argv                        0x00000000   Number         0  main.o ABSOLUTE
    __use_no_errno                           0x00000000   Number         0  useno.o ABSOLUTE
    __use_no_exception_handling              0x00000000   Number         0  useno.o ABSOLUTE
    __use_no_fp                              0x00000000   Number         0  useno.o ABSOLUTE
    __use_no_heap                            0x00000000   Number         0  useno.o ABSOLUTE
    __use_no_heap_region                     0x00000000   Number         0  useno.o ABSOLUTE
    __use_no_semihosting                     0x00000000   Number         0  useno.o ABSOLUTE
    __use_no_semihosting_swi                 0x00000000   Number         0  useno.o ABSOLUTE
    __use_no_signal_handling                 0x00000000   Number         0  useno.o ABSOLUTE
    _printf_a                                0x00000000   Number         0  stubs.o ABSOLUTE
    _printf_c                                0x00000000   Number         0  stubs.o ABSOLUTE
    _printf_charcount                        0x00000000   Number         0  stubs.o ABSOLUTE
    _printf_d                                0x00000000   Number         0  stubs.o ABSOLUTE
    _printf_e                                0x00000000   Number         0  stubs.o ABSOLUTE
    _printf_f                                0x00000000   Number         0  stubs.o ABSOLUTE
    _printf_flags                            0x00000000   Number         0  stubs.o ABSOLUTE
    _printf_fp_dec                           0x00000000   Number         0  stubs.o ABSOLUTE
    _printf_fp_hex                           0x00000000   Number         0  stubs.o ABSOLUTE
    _printf_g                                0x00000000   Number         0  stubs.o ABSOLUTE
    _printf_i                                0x00000000   Number         0  stubs.o ABSOLUTE
    _printf_int_dec                          0x00000000   Number         0  stubs.o ABSOLUTE
    _printf_l                                0x00000000   Number         0  stubs.o ABSOLUTE
    _printf_lc                               0x00000000   Number         0  stubs.o ABSOLUTE
    _printf_ll                               0x00000000   Number         0  stubs.o ABSOLUTE
    _printf_lld                              0x00000000   Number         0  stubs.o ABSOLUTE
    _printf_lli                              0x00000000   Number         0  stubs.o ABSOLUTE
    _printf_llo                              0x00000000   Number         0  stubs.o ABSOLUTE
    _printf_llu                              0x00000000   Number         0  stubs.o ABSOLUTE
    _printf_llx                              0x00000000   Number         0  stubs.o ABSOLUTE
    _printf_longlong_dec                     0x00000000   Number         0  stubs.o ABSOLUTE
    _printf_longlong_hex                     0x00000000   Number         0  stubs.o ABSOLUTE
    _printf_longlong_oct                     0x00000000   Number         0  stubs.o ABSOLUTE
    _printf_ls                               0x00000000   Number         0  stubs.o ABSOLUTE
    _printf_mbtowc                           0x00000000   Number         0  stubs.o ABSOLUTE
    _printf_n                                0x00000000   Number         0  stubs.o ABSOLUTE
    _printf_o                                0x00000000   Number         0  stubs.o ABSOLUTE
    _printf_p                                0x00000000   Number         0  stubs.o ABSOLUTE
    _printf_percent                          0x00000000   Number         0  stubs.o ABSOLUTE
    _printf_pre_padding                      0x00000000   Number         0  stubs.o ABSOLUTE
    _printf_return_value                     0x00000000   Number         0  stubs.o ABSOLUTE
    _printf_s                                0x00000000   Number         0  stubs.o ABSOLUTE
    _printf_sizespec                         0x00000000   Number         0  stubs.o ABSOLUTE
    _printf_str                              0x00000000   Number         0  stubs.o ABSOLUTE
    _printf_truncate_signed                  0x00000000   Number         0  stubs.o ABSOLUTE
    _printf_truncate_unsigned                0x00000000   Number         0  stubs.o ABSOLUTE
    _printf_u                                0x00000000   Number         0  stubs.o ABSOLUTE
    _printf_wc                               0x00000000   Number         0  stubs.o ABSOLUTE
    _printf_wctomb                           0x00000000   Number         0  stubs.o ABSOLUTE
    _printf_widthprec                        0x00000000   Number         0  stubs.o ABSOLUTE
    _printf_x                                0x00000000   Number         0  stubs.o ABSOLUTE
    __cpp_initialize__aeabi_                  - Undefined Weak Reference
    __cxa_finalize                            - Undefined Weak Reference
    __decompress                              - Undefined Weak Reference
    _clock_init                               - Undefined Weak Reference
    _microlib_exit                            - Undefined Weak Reference
    __Vectors_Size                           0x00000130   Number         0  startup_stm32f10x_hd.o ABSOLUTE
    __Vectors                                0x08000000   Data           4  startup_stm32f10x_hd.o(RESET)
    __Vectors_End                            0x08000130   Data           0  startup_stm32f10x_hd.o(RESET)
    __main                                   0x08000131   Thumb Code     0  entry.o(.ARM.Collect$$$$00000000)
    _main_stk                                0x08000131   Thumb Code     0  entry2.o(.ARM.Collect$$$$00000001)
    _main_scatterload                        0x08000135   Thumb Code     0  entry5.o(.ARM.Collect$$$$00000004)
    __main_after_scatterload                 0x08000139   Thumb Code     0  entry5.o(.ARM.Collect$$$$00000004)
    _main_clock                              0x08000139   Thumb Code     0  entry7b.o(.ARM.Collect$$$$00000008)
    _main_cpp_init                           0x08000139   Thumb Code     0  entry8b.o(.ARM.Collect$$$$0000000A)
    _main_init                               0x08000139   Thumb Code     0  entry9a.o(.ARM.Collect$$$$0000000B)
    __rt_final_cpp                           0x08000141   Thumb Code     0  entry10a.o(.ARM.Collect$$$$0000000D)
    __rt_final_exit                          0x08000141   Thumb Code     0  entry11a.o(.ARM.Collect$$$$0000000F)
    SVC_Handler                              0x08000145   Thumb Code    32  port.o(.emb_text)
    __asm___6_port_c_39a90d8d__prvStartFirstTask 0x08000169   Thumb Code    28  port.o(.emb_text)
    PendSV_Handler                           0x08000189   Thumb Code    72  port.o(.emb_text)
    vPortGetIPSR                             0x080001d5   Thumb Code     6  port.o(.emb_text)
    main                                     0x080001dd   Thumb Code   136  main.o(.text)
    NMI_Handler                              0x080002a9   Thumb Code     2  stm32f10x_it.o(.text)
    HardFault_Handler                        0x080002ab   Thumb Code     4  stm32f10x_it.o(.text)
    MemManage_Handler                        0x080002af   Thumb Code     4  stm32f10x_it.o(.text)
    BusFault_Handler                         0x080002b3   Thumb Code     4  stm32f10x_it.o(.text)
    UsageFault_Handler                       0x080002b7   Thumb Code     4  stm32f10x_it.o(.text)
    DebugMon_Handler                         0x080002bb   Thumb Code     2  stm32f10x_it.o(.text)
    SystemInit                               0x0800039b   Thumb Code    78  system_stm32f10x.o(.text)
    SystemCoreClockUpdate                    0x080003e9   Thumb Code   142  system_stm32f10x.o(.text)
    KEY_Init                                 0x0800049d   Thumb Code    82  key.o(.text)
    KEY_Scan                                 0x080004ef   Thumb Code   180  key.o(.text)
    TIM3_Int_Init                            0x080005b5   Thumb Code    90  timer.o(.text)
    TIM3_IRQHandler                          0x0800060f   Thumb Code    22  timer.o(.text)
    PWM_Init                                 0x08000629   Thumb Code   150  pwm.o(.text)
    PWM_SetCompare1                          0x080006bf   Thumb Code    14  pwm.o(.text)
    IIC_init                                 0x080006d5   Thumb Code   104  myi2c.o(.text)
    DHT20_W_Reg                              0x08000749   Thumb Code   138  dht20.o(.text)
    DHT20_R_Reg                              0x080007d3   Thumb Code   212  dht20.o(.text)
    DHT20_S_Reg                              0x080008a7   Thumb Code   128  dht20.o(.text)
    DHT20_Init                               0x08000927   Thumb Code   176  dht20.o(.text)
    get_hum_temp                             0x08000a95   Thumb Code    98  mymath.o(.text)
    SysTick_Handler                          0x08000b05   Thumb Code    16  delay.o(.text)
    delay_init                               0x08000b15   Thumb Code    70  delay.o(.text)
    delay_us                                 0x08000b5b   Thumb Code    70  delay.o(.text)
    delay_ms                                 0x08000ba1   Thumb Code    24  delay.o(.text)
    _sys_exit                                0x08000bc5   Thumb Code     4  usart.o(.text)
    fputc                                    0x08000bc9   Thumb Code    24  usart.o(.text)
    uart_init                                0x08000be1   Thumb Code   152  usart.o(.text)
    USART1_IRQHandler                        0x08000c79   Thumb Code   156  usart.o(.text)
    SendByte                                 0x08000d15   Thumb Code    30  usart.o(.text)
    SendArray                                0x08000d33   Thumb Code    36  usart.o(.text)
    SendString                               0x08000d57   Thumb Code    32  usart.o(.text)
    SendPack                                 0x08000d77   Thumb Code    34  usart.o(.text)
    Reset_Handler                            0x08000db5   Thumb Code     8  startup_stm32f10x_hd.o(.text)
    ADC1_2_IRQHandler                        0x08000dcf   Thumb Code     0  startup_stm32f10x_hd.o(.text)
    ADC3_IRQHandler                          0x08000dcf   Thumb Code     0  startup_stm32f10x_hd.o(.text)
    CAN1_RX1_IRQHandler                      0x08000dcf   Thumb Code     0  startup_stm32f10x_hd.o(.text)
    CAN1_SCE_IRQHandler                      0x08000dcf   Thumb Code     0  startup_stm32f10x_hd.o(.text)
    DMA1_Channel1_IRQHandler                 0x08000dcf   Thumb Code     0  startup_stm32f10x_hd.o(.text)
    DMA1_Channel2_IRQHandler                 0x08000dcf   Thumb Code     0  startup_stm32f10x_hd.o(.text)
    DMA1_Channel3_IRQHandler                 0x08000dcf   Thumb Code     0  startup_stm32f10x_hd.o(.text)
    DMA1_Channel4_IRQHandler                 0x08000dcf   Thumb Code     0  startup_stm32f10x_hd.o(.text)
    DMA1_Channel5_IRQHandler                 0x08000dcf   Thumb Code     0  startup_stm32f10x_hd.o(.text)
    DMA1_Channel6_IRQHandler                 0x08000dcf   Thumb Code     0  startup_stm32f10x_hd.o(.text)
    DMA1_Channel7_IRQHandler                 0x08000dcf   Thumb Code     0  startup_stm32f10x_hd.o(.text)
    DMA2_Channel1_IRQHandler                 0x08000dcf   Thumb Code     0  startup_stm32f10x_hd.o(.text)
    DMA2_Channel2_IRQHandler                 0x08000dcf   Thumb Code     0  startup_stm32f10x_hd.o(.text)
    DMA2_Channel3_IRQHandler                 0x08000dcf   Thumb Code     0  startup_stm32f10x_hd.o(.text)
    DMA2_Channel4_5_IRQHandler               0x08000dcf   Thumb Code     0  startup_stm32f10x_hd.o(.text)
    EXTI0_IRQHandler                         0x08000dcf   Thumb Code     0  startup_stm32f10x_hd.o(.text)
    EXTI15_10_IRQHandler                     0x08000dcf   Thumb Code     0  startup_stm32f10x_hd.o(.text)
    EXTI1_IRQHandler                         0x08000dcf   Thumb Code     0  startup_stm32f10x_hd.o(.text)
    EXTI2_IRQHandler                         0x08000dcf   Thumb Code     0  startup_stm32f10x_hd.o(.text)
    EXTI3_IRQHandler                         0x08000dcf   Thumb Code     0  startup_stm32f10x_hd.o(.text)
    EXTI4_IRQHandler                         0x08000dcf   Thumb Code     0  startup_stm32f10x_hd.o(.text)
    EXTI9_5_IRQHandler                       0x08000dcf   Thumb Code     0  startup_stm32f10x_hd.o(.text)
    FLASH_IRQHandler                         0x08000dcf   Thumb Code     0  startup_stm32f10x_hd.o(.text)
    FSMC_IRQHandler                          0x08000dcf   Thumb Code     0  startup_stm32f10x_hd.o(.text)
    I2C1_ER_IRQHandler                       0x08000dcf   Thumb Code     0  startup_stm32f10x_hd.o(.text)
    I2C1_EV_IRQHandler                       0x08000dcf   Thumb Code     0  startup_stm32f10x_hd.o(.text)
    I2C2_ER_IRQHandler                       0x08000dcf   Thumb Code     0  startup_stm32f10x_hd.o(.text)
    I2C2_EV_IRQHandler                       0x08000dcf   Thumb Code     0  startup_stm32f10x_hd.o(.text)
    PVD_IRQHandler                           0x08000dcf   Thumb Code     0  startup_stm32f10x_hd.o(.text)
    RCC_IRQHandler                           0x08000dcf   Thumb Code     0  startup_stm32f10x_hd.o(.text)
    RTCAlarm_IRQHandler                      0x08000dcf   Thumb Code     0  startup_stm32f10x_hd.o(.text)
    RTC_IRQHandler                           0x08000dcf   Thumb Code     0  startup_stm32f10x_hd.o(.text)
    SDIO_IRQHandler                          0x08000dcf   Thumb Code     0  startup_stm32f10x_hd.o(.text)
    SPI1_IRQHandler                          0x08000dcf   Thumb Code     0  startup_stm32f10x_hd.o(.text)
    SPI2_IRQHandler                          0x08000dcf   Thumb Code     0  startup_stm32f10x_hd.o(.text)
    SPI3_IRQHandler                          0x08000dcf   Thumb Code     0  startup_stm32f10x_hd.o(.text)
    TAMPER_IRQHandler                        0x08000dcf   Thumb Code     0  startup_stm32f10x_hd.o(.text)
    TIM1_BRK_IRQHandler                      0x08000dcf   Thumb Code     0  startup_stm32f10x_hd.o(.text)
    TIM1_CC_IRQHandler                       0x08000dcf   Thumb Code     0  startup_stm32f10x_hd.o(.text)
    TIM1_TRG_COM_IRQHandler                  0x08000dcf   Thumb Code     0  startup_stm32f10x_hd.o(.text)
    TIM1_UP_IRQHandler                       0x08000dcf   Thumb Code     0  startup_stm32f10x_hd.o(.text)
    TIM2_IRQHandler                          0x08000dcf   Thumb Code     0  startup_stm32f10x_hd.o(.text)
    TIM4_IRQHandler                          0x08000dcf   Thumb Code     0  startup_stm32f10x_hd.o(.text)
    TIM5_IRQHandler                          0x08000dcf   Thumb Code     0  startup_stm32f10x_hd.o(.text)
    TIM6_IRQHandler                          0x08000dcf   Thumb Code     0  startup_stm32f10x_hd.o(.text)
    TIM7_IRQHandler                          0x08000dcf   Thumb Code     0  startup_stm32f10x_hd.o(.text)
    TIM8_BRK_IRQHandler                      0x08000dcf   Thumb Code     0  startup_stm32f10x_hd.o(.text)
    TIM8_CC_IRQHandler                       0x08000dcf   Thumb Code     0  startup_stm32f10x_hd.o(.text)
    TIM8_TRG_COM_IRQHandler                  0x08000dcf   Thumb Code     0  startup_stm32f10x_hd.o(.text)
    TIM8_UP_IRQHandler                       0x08000dcf   Thumb Code     0  startup_stm32f10x_hd.o(.text)
    UART4_IRQHandler                         0x08000dcf   Thumb Code     0  startup_stm32f10x_hd.o(.text)
    UART5_IRQHandler                         0x08000dcf   Thumb Code     0  startup_stm32f10x_hd.o(.text)
    USART2_IRQHandler                        0x08000dcf   Thumb Code     0  startup_stm32f10x_hd.o(.text)
    USART3_IRQHandler                        0x08000dcf   Thumb Code     0  startup_stm32f10x_hd.o(.text)
    USBWakeUp_IRQHandler                     0x08000dcf   Thumb Code     0  startup_stm32f10x_hd.o(.text)
    USB_HP_CAN1_TX_IRQHandler                0x08000dcf   Thumb Code     0  startup_stm32f10x_hd.o(.text)
    USB_LP_CAN1_RX0_IRQHandler               0x08000dcf   Thumb Code     0  startup_stm32f10x_hd.o(.text)
    WWDG_IRQHandler                          0x08000dcf   Thumb Code     0  startup_stm32f10x_hd.o(.text)
    GPIO_DeInit                              0x08000dd9   Thumb Code   172  stm32f10x_gpio.o(.text)
    GPIO_AFIODeInit                          0x08000e85   Thumb Code    20  stm32f10x_gpio.o(.text)
    GPIO_Init                                0x08000e99   Thumb Code   278  stm32f10x_gpio.o(.text)
    GPIO_StructInit                          0x08000faf   Thumb Code    16  stm32f10x_gpio.o(.text)
    GPIO_ReadInputDataBit                    0x08000fbf   Thumb Code    18  stm32f10x_gpio.o(.text)
    GPIO_ReadInputData                       0x08000fd1   Thumb Code     8  stm32f10x_gpio.o(.text)
    GPIO_ReadOutputDataBit                   0x08000fd9   Thumb Code    18  stm32f10x_gpio.o(.text)
    GPIO_ReadOutputData                      0x08000feb   Thumb Code     8  stm32f10x_gpio.o(.text)
    GPIO_SetBits                             0x08000ff3   Thumb Code     4  stm32f10x_gpio.o(.text)
    GPIO_ResetBits                           0x08000ff7   Thumb Code     4  stm32f10x_gpio.o(.text)
    GPIO_WriteBit                            0x08000ffb   Thumb Code    10  stm32f10x_gpio.o(.text)
    GPIO_Write                               0x08001005   Thumb Code     4  stm32f10x_gpio.o(.text)
    GPIO_PinLockConfig                       0x08001009   Thumb Code    18  stm32f10x_gpio.o(.text)
    GPIO_EventOutputConfig                   0x0800101b   Thumb Code    26  stm32f10x_gpio.o(.text)
    GPIO_EventOutputCmd                      0x08001035   Thumb Code     6  stm32f10x_gpio.o(.text)
    GPIO_PinRemapConfig                      0x0800103b   Thumb Code   138  stm32f10x_gpio.o(.text)
    GPIO_EXTILineConfig                      0x080010c5   Thumb Code    66  stm32f10x_gpio.o(.text)
    GPIO_ETH_MediaInterfaceConfig            0x08001107   Thumb Code     8  stm32f10x_gpio.o(.text)
    RCC_DeInit                               0x08001135   Thumb Code    64  stm32f10x_rcc.o(.text)
    RCC_HSEConfig                            0x08001175   Thumb Code    70  stm32f10x_rcc.o(.text)
    RCC_GetFlagStatus                        0x080011bb   Thumb Code    56  stm32f10x_rcc.o(.text)
    RCC_WaitForHSEStartUp                    0x080011f3   Thumb Code    56  stm32f10x_rcc.o(.text)
    RCC_AdjustHSICalibrationValue            0x0800122b   Thumb Code    20  stm32f10x_rcc.o(.text)
    RCC_HSICmd                               0x0800123f   Thumb Code     6  stm32f10x_rcc.o(.text)
    RCC_PLLConfig                            0x08001245   Thumb Code    24  stm32f10x_rcc.o(.text)
    RCC_PLLCmd                               0x0800125d   Thumb Code     6  stm32f10x_rcc.o(.text)
    RCC_SYSCLKConfig                         0x08001263   Thumb Code    18  stm32f10x_rcc.o(.text)
    RCC_GetSYSCLKSource                      0x08001275   Thumb Code    10  stm32f10x_rcc.o(.text)
    RCC_HCLKConfig                           0x0800127f   Thumb Code    18  stm32f10x_rcc.o(.text)
    RCC_PCLK1Config                          0x08001291   Thumb Code    18  stm32f10x_rcc.o(.text)
    RCC_PCLK2Config                          0x080012a3   Thumb Code    20  stm32f10x_rcc.o(.text)
    RCC_ITConfig                             0x080012b7   Thumb Code    26  stm32f10x_rcc.o(.text)
    RCC_USBCLKConfig                         0x080012d1   Thumb Code     8  stm32f10x_rcc.o(.text)
    RCC_ADCCLKConfig                         0x080012d9   Thumb Code    18  stm32f10x_rcc.o(.text)
    RCC_LSEConfig                            0x080012eb   Thumb Code    50  stm32f10x_rcc.o(.text)
    RCC_LSICmd                               0x0800131d   Thumb Code     6  stm32f10x_rcc.o(.text)
    RCC_RTCCLKConfig                         0x08001323   Thumb Code    12  stm32f10x_rcc.o(.text)
    RCC_RTCCLKCmd                            0x0800132f   Thumb Code     8  stm32f10x_rcc.o(.text)
    RCC_GetClocksFreq                        0x08001337   Thumb Code   192  stm32f10x_rcc.o(.text)
    RCC_AHBPeriphClockCmd                    0x080013f7   Thumb Code    26  stm32f10x_rcc.o(.text)
    RCC_APB2PeriphClockCmd                   0x08001411   Thumb Code    26  stm32f10x_rcc.o(.text)
    RCC_APB1PeriphClockCmd                   0x0800142b   Thumb Code    26  stm32f10x_rcc.o(.text)
    RCC_APB2PeriphResetCmd                   0x08001445   Thumb Code    26  stm32f10x_rcc.o(.text)
    RCC_APB1PeriphResetCmd                   0x0800145f   Thumb Code    26  stm32f10x_rcc.o(.text)
    RCC_BackupResetCmd                       0x08001479   Thumb Code     8  stm32f10x_rcc.o(.text)
    RCC_ClockSecuritySystemCmd               0x08001481   Thumb Code     6  stm32f10x_rcc.o(.text)
    RCC_MCOConfig                            0x08001487   Thumb Code     6  stm32f10x_rcc.o(.text)
    RCC_ClearFlag                            0x0800148d   Thumb Code    14  stm32f10x_rcc.o(.text)
    RCC_GetITStatus                          0x0800149b   Thumb Code    20  stm32f10x_rcc.o(.text)
    RCC_ClearITPendingBit                    0x080014af   Thumb Code     6  stm32f10x_rcc.o(.text)
    USART_DeInit                             0x080014d9   Thumb Code   134  stm32f10x_usart.o(.text)
    USART_Init                               0x0800155f   Thumb Code   210  stm32f10x_usart.o(.text)
    USART_StructInit                         0x08001631   Thumb Code    24  stm32f10x_usart.o(.text)
    USART_ClockInit                          0x08001649   Thumb Code    34  stm32f10x_usart.o(.text)
    USART_ClockStructInit                    0x0800166b   Thumb Code    12  stm32f10x_usart.o(.text)
    USART_Cmd                                0x08001677   Thumb Code    24  stm32f10x_usart.o(.text)
    USART_ITConfig                           0x0800168f   Thumb Code    74  stm32f10x_usart.o(.text)
    USART_DMACmd                             0x080016d9   Thumb Code    18  stm32f10x_usart.o(.text)
    USART_SetAddress                         0x080016eb   Thumb Code    18  stm32f10x_usart.o(.text)
    USART_WakeUpConfig                       0x080016fd   Thumb Code    18  stm32f10x_usart.o(.text)
    USART_ReceiverWakeUpCmd                  0x0800170f   Thumb Code    24  stm32f10x_usart.o(.text)
    USART_LINBreakDetectLengthConfig         0x08001727   Thumb Code    18  stm32f10x_usart.o(.text)
    USART_LINCmd                             0x08001739   Thumb Code    24  stm32f10x_usart.o(.text)
    USART_SendData                           0x08001751   Thumb Code     8  stm32f10x_usart.o(.text)
    USART_ReceiveData                        0x08001759   Thumb Code    10  stm32f10x_usart.o(.text)
    USART_SendBreak                          0x08001763   Thumb Code    10  stm32f10x_usart.o(.text)
    USART_SetGuardTime                       0x0800176d   Thumb Code    16  stm32f10x_usart.o(.text)
    USART_SetPrescaler                       0x0800177d   Thumb Code    16  stm32f10x_usart.o(.text)
    USART_SmartCardCmd                       0x0800178d   Thumb Code    24  stm32f10x_usart.o(.text)
    USART_SmartCardNACKCmd                   0x080017a5   Thumb Code    24  stm32f10x_usart.o(.text)
    USART_HalfDuplexCmd                      0x080017bd   Thumb Code    24  stm32f10x_usart.o(.text)
    USART_OverSampling8Cmd                   0x080017d5   Thumb Code    22  stm32f10x_usart.o(.text)
    USART_OneBitMethodCmd                    0x080017eb   Thumb Code    24  stm32f10x_usart.o(.text)
    USART_IrDAConfig                         0x08001803   Thumb Code    18  stm32f10x_usart.o(.text)
    USART_IrDACmd                            0x08001815   Thumb Code    24  stm32f10x_usart.o(.text)
    USART_GetFlagStatus                      0x0800182d   Thumb Code    26  stm32f10x_usart.o(.text)
    USART_ClearFlag                          0x08001847   Thumb Code    18  stm32f10x_usart.o(.text)
    USART_GetITStatus                        0x08001859   Thumb Code    84  stm32f10x_usart.o(.text)
    USART_ClearITPendingBit                  0x080018ad   Thumb Code    52  stm32f10x_usart.o(.text)
    NVIC_PriorityGroupConfig                 0x080018e1   Thumb Code    10  misc.o(.text)
    NVIC_Init                                0x080018eb   Thumb Code   100  misc.o(.text)
    NVIC_SetVectorTable                      0x0800194f   Thumb Code    14  misc.o(.text)
    NVIC_SystemLPConfig                      0x0800195d   Thumb Code    34  misc.o(.text)
    SysTick_CLKSourceConfig                  0x0800197f   Thumb Code    40  misc.o(.text)
    TIM_DeInit                               0x080019bd   Thumb Code   424  stm32f10x_tim.o(.text)
    TIM_TimeBaseInit                         0x08001b65   Thumb Code   122  stm32f10x_tim.o(.text)
    TIM_OC1Init                              0x08001bdf   Thumb Code   132  stm32f10x_tim.o(.text)
    TIM_OC2Init                              0x08001c63   Thumb Code   154  stm32f10x_tim.o(.text)
    TIM_OC3Init                              0x08001cfd   Thumb Code   150  stm32f10x_tim.o(.text)
    TIM_OC4Init                              0x08001d93   Thumb Code   182  stm32f10x_tim.o(.text)
    TIM_SetIC4Prescaler                      0x08001e49   Thumb Code    26  stm32f10x_tim.o(.text)
    TIM_SetIC3Prescaler                      0x08001ee5   Thumb Code    18  stm32f10x_tim.o(.text)
    TIM_SetIC2Prescaler                      0x08001f71   Thumb Code    26  stm32f10x_tim.o(.text)
    TIM_SetIC1Prescaler                      0x0800200d   Thumb Code    18  stm32f10x_tim.o(.text)
    TIM_ICInit                               0x0800208b   Thumb Code   150  stm32f10x_tim.o(.text)
    TIM_PWMIConfig                           0x08002121   Thumb Code   124  stm32f10x_tim.o(.text)
    TIM_BDTRConfig                           0x0800219d   Thumb Code    32  stm32f10x_tim.o(.text)
    TIM_TimeBaseStructInit                   0x080021bd   Thumb Code    18  stm32f10x_tim.o(.text)
    TIM_OCStructInit                         0x080021cf   Thumb Code    20  stm32f10x_tim.o(.text)
    TIM_ICStructInit                         0x080021e3   Thumb Code    18  stm32f10x_tim.o(.text)
    TIM_BDTRStructInit                       0x080021f5   Thumb Code    40  stm32f10x_tim.o(.text)
    TIM_Cmd                                  0x0800221d   Thumb Code    24  stm32f10x_tim.o(.text)
    TIM_CtrlPWMOutputs                       0x08002235   Thumb Code    30  stm32f10x_tim.o(.text)
    TIM_ITConfig                             0x08002253   Thumb Code    18  stm32f10x_tim.o(.text)
    TIM_GenerateEvent                        0x08002265   Thumb Code     4  stm32f10x_tim.o(.text)
    TIM_DMAConfig                            0x08002269   Thumb Code    10  stm32f10x_tim.o(.text)
    TIM_DMACmd                               0x08002273   Thumb Code    18  stm32f10x_tim.o(.text)
    TIM_InternalClockConfig                  0x08002285   Thumb Code    12  stm32f10x_tim.o(.text)
    TIM_SelectInputTrigger                   0x08002291   Thumb Code    18  stm32f10x_tim.o(.text)
    TIM_ITRxExternalClockConfig              0x080022a3   Thumb Code    24  stm32f10x_tim.o(.text)
    TIM_TIxExternalClockConfig               0x080022bb   Thumb Code    62  stm32f10x_tim.o(.text)
    TIM_ETRConfig                            0x080022f9   Thumb Code    28  stm32f10x_tim.o(.text)
    TIM_ETRClockMode1Config                  0x08002315   Thumb Code    54  stm32f10x_tim.o(.text)
    TIM_ETRClockMode2Config                  0x0800234b   Thumb Code    32  stm32f10x_tim.o(.text)
    TIM_PrescalerConfig                      0x0800236b   Thumb Code     6  stm32f10x_tim.o(.text)
    TIM_CounterModeConfig                    0x08002371   Thumb Code    18  stm32f10x_tim.o(.text)
    TIM_EncoderInterfaceConfig               0x08002383   Thumb Code    66  stm32f10x_tim.o(.text)
    TIM_ForcedOC1Config                      0x080023c5   Thumb Code    18  stm32f10x_tim.o(.text)
    TIM_ForcedOC2Config                      0x080023d7   Thumb Code    26  stm32f10x_tim.o(.text)
    TIM_ForcedOC3Config                      0x080023f1   Thumb Code    18  stm32f10x_tim.o(.text)
    TIM_ForcedOC4Config                      0x08002403   Thumb Code    26  stm32f10x_tim.o(.text)
    TIM_ARRPreloadConfig                     0x0800241d   Thumb Code    24  stm32f10x_tim.o(.text)
    TIM_SelectCOM                            0x08002435   Thumb Code    24  stm32f10x_tim.o(.text)
    TIM_SelectCCDMA                          0x0800244d   Thumb Code    24  stm32f10x_tim.o(.text)
    TIM_CCPreloadControl                     0x08002465   Thumb Code    24  stm32f10x_tim.o(.text)
    TIM_OC1PreloadConfig                     0x0800247d   Thumb Code    18  stm32f10x_tim.o(.text)
    TIM_OC2PreloadConfig                     0x0800248f   Thumb Code    26  stm32f10x_tim.o(.text)
    TIM_OC3PreloadConfig                     0x080024a9   Thumb Code    18  stm32f10x_tim.o(.text)
    TIM_OC4PreloadConfig                     0x080024bb   Thumb Code    26  stm32f10x_tim.o(.text)
    TIM_OC1FastConfig                        0x080024d5   Thumb Code    18  stm32f10x_tim.o(.text)
    TIM_OC2FastConfig                        0x080024e7   Thumb Code    26  stm32f10x_tim.o(.text)
    TIM_OC3FastConfig                        0x08002501   Thumb Code    18  stm32f10x_tim.o(.text)
    TIM_OC4FastConfig                        0x08002513   Thumb Code    26  stm32f10x_tim.o(.text)
    TIM_ClearOC1Ref                          0x0800252d   Thumb Code    18  stm32f10x_tim.o(.text)
    TIM_ClearOC2Ref                          0x0800253f   Thumb Code    24  stm32f10x_tim.o(.text)
    TIM_ClearOC3Ref                          0x08002557   Thumb Code    18  stm32f10x_tim.o(.text)
    TIM_ClearOC4Ref                          0x08002569   Thumb Code    24  stm32f10x_tim.o(.text)
    TIM_OC1PolarityConfig                    0x08002581   Thumb Code    18  stm32f10x_tim.o(.text)
    TIM_OC1NPolarityConfig                   0x08002593   Thumb Code    18  stm32f10x_tim.o(.text)
    TIM_OC2PolarityConfig                    0x080025a5   Thumb Code    26  stm32f10x_tim.o(.text)
    TIM_OC2NPolarityConfig                   0x080025bf   Thumb Code    26  stm32f10x_tim.o(.text)
    TIM_OC3PolarityConfig                    0x080025d9   Thumb Code    26  stm32f10x_tim.o(.text)
    TIM_OC3NPolarityConfig                   0x080025f3   Thumb Code    26  stm32f10x_tim.o(.text)
    TIM_OC4PolarityConfig                    0x0800260d   Thumb Code    26  stm32f10x_tim.o(.text)
    TIM_CCxCmd                               0x08002627   Thumb Code    30  stm32f10x_tim.o(.text)
    TIM_CCxNCmd                              0x08002645   Thumb Code    30  stm32f10x_tim.o(.text)
    TIM_SelectOCxM                           0x08002663   Thumb Code    82  stm32f10x_tim.o(.text)
    TIM_UpdateDisableConfig                  0x080026b5   Thumb Code    24  stm32f10x_tim.o(.text)
    TIM_UpdateRequestConfig                  0x080026cd   Thumb Code    24  stm32f10x_tim.o(.text)
    TIM_SelectHallSensor                     0x080026e5   Thumb Code    24  stm32f10x_tim.o(.text)
    TIM_SelectOnePulseMode                   0x080026fd   Thumb Code    18  stm32f10x_tim.o(.text)
    TIM_SelectOutputTrigger                  0x0800270f   Thumb Code    18  stm32f10x_tim.o(.text)
    TIM_SelectSlaveMode                      0x08002721   Thumb Code    18  stm32f10x_tim.o(.text)
    TIM_SelectMasterSlaveMode                0x08002733   Thumb Code    18  stm32f10x_tim.o(.text)
    TIM_SetCounter                           0x08002745   Thumb Code     4  stm32f10x_tim.o(.text)
    TIM_SetAutoreload                        0x08002749   Thumb Code     4  stm32f10x_tim.o(.text)
    TIM_SetCompare1                          0x0800274d   Thumb Code     4  stm32f10x_tim.o(.text)
    TIM_SetCompare2                          0x08002751   Thumb Code     4  stm32f10x_tim.o(.text)
    TIM_SetCompare3                          0x08002755   Thumb Code     4  stm32f10x_tim.o(.text)
    TIM_SetCompare4                          0x08002759   Thumb Code     6  stm32f10x_tim.o(.text)
    TIM_SetClockDivision                     0x0800275f   Thumb Code    18  stm32f10x_tim.o(.text)
    TIM_GetCapture1                          0x08002771   Thumb Code     6  stm32f10x_tim.o(.text)
    TIM_GetCapture2                          0x08002777   Thumb Code     6  stm32f10x_tim.o(.text)
    TIM_GetCapture3                          0x0800277d   Thumb Code     6  stm32f10x_tim.o(.text)
    TIM_GetCapture4                          0x08002783   Thumb Code     8  stm32f10x_tim.o(.text)
    TIM_GetCounter                           0x0800278b   Thumb Code     6  stm32f10x_tim.o(.text)
    TIM_GetPrescaler                         0x08002791   Thumb Code     6  stm32f10x_tim.o(.text)
    TIM_GetFlagStatus                        0x08002797   Thumb Code    18  stm32f10x_tim.o(.text)
    TIM_ClearFlag                            0x080027a9   Thumb Code     6  stm32f10x_tim.o(.text)
    TIM_GetITStatus                          0x080027af   Thumb Code    34  stm32f10x_tim.o(.text)
    TIM_ClearITPendingBit                    0x080027d1   Thumb Code     6  stm32f10x_tim.o(.text)
    I2C_DeInit                               0x080027d9   Thumb Code    50  stm32f10x_i2c.o(.text)
    I2C_Init                                 0x0800280b   Thumb Code   222  stm32f10x_i2c.o(.text)
    I2C_StructInit                           0x080028e9   Thumb Code    30  stm32f10x_i2c.o(.text)
    I2C_Cmd                                  0x08002907   Thumb Code    24  stm32f10x_i2c.o(.text)
    I2C_DMACmd                               0x0800291f   Thumb Code    24  stm32f10x_i2c.o(.text)
    I2C_DMALastTransferCmd                   0x08002937   Thumb Code    24  stm32f10x_i2c.o(.text)
    I2C_GenerateSTART                        0x0800294f   Thumb Code    24  stm32f10x_i2c.o(.text)
    I2C_GenerateSTOP                         0x08002967   Thumb Code    24  stm32f10x_i2c.o(.text)
    I2C_AcknowledgeConfig                    0x0800297f   Thumb Code    24  stm32f10x_i2c.o(.text)
    I2C_OwnAddress2Config                    0x08002997   Thumb Code    22  stm32f10x_i2c.o(.text)
    I2C_DualAddressCmd                       0x080029ad   Thumb Code    24  stm32f10x_i2c.o(.text)
    I2C_GeneralCallCmd                       0x080029c5   Thumb Code    24  stm32f10x_i2c.o(.text)
    I2C_ITConfig                             0x080029dd   Thumb Code    18  stm32f10x_i2c.o(.text)
    I2C_SendData                             0x080029ef   Thumb Code     4  stm32f10x_i2c.o(.text)
    I2C_ReceiveData                          0x080029f3   Thumb Code     8  stm32f10x_i2c.o(.text)
    I2C_Send7bitAddress                      0x080029fb   Thumb Code    18  stm32f10x_i2c.o(.text)
    I2C_ReadRegister                         0x08002a0d   Thumb Code    22  stm32f10x_i2c.o(.text)
    I2C_SoftwareResetCmd                     0x08002a23   Thumb Code    22  stm32f10x_i2c.o(.text)
    I2C_NACKPositionConfig                   0x08002a39   Thumb Code    28  stm32f10x_i2c.o(.text)
    I2C_SMBusAlertConfig                     0x08002a55   Thumb Code    28  stm32f10x_i2c.o(.text)
    I2C_TransmitPEC                          0x08002a71   Thumb Code    24  stm32f10x_i2c.o(.text)
    I2C_PECPositionConfig                    0x08002a89   Thumb Code    28  stm32f10x_i2c.o(.text)
    I2C_CalculatePEC                         0x08002aa5   Thumb Code    24  stm32f10x_i2c.o(.text)
    I2C_GetPEC                               0x08002abd   Thumb Code     8  stm32f10x_i2c.o(.text)
    I2C_ARPCmd                               0x08002ac5   Thumb Code    24  stm32f10x_i2c.o(.text)
    I2C_StretchClockCmd                      0x08002add   Thumb Code    24  stm32f10x_i2c.o(.text)
    I2C_FastModeDutyCycleConfig              0x08002af5   Thumb Code    28  stm32f10x_i2c.o(.text)
    I2C_CheckEvent                           0x08002b11   Thumb Code    42  stm32f10x_i2c.o(.text)
    I2C_GetLastEvent                         0x08002b3b   Thumb Code    26  stm32f10x_i2c.o(.text)
    I2C_GetFlagStatus                        0x08002b55   Thumb Code    58  stm32f10x_i2c.o(.text)
    I2C_ClearFlag                            0x08002b8f   Thumb Code    12  stm32f10x_i2c.o(.text)
    I2C_GetITStatus                          0x08002b9b   Thumb Code    54  stm32f10x_i2c.o(.text)
    I2C_ClearITPendingBit                    0x08002bd1   Thumb Code    12  stm32f10x_i2c.o(.text)
    vListInitialise                          0x08002bdd   Thumb Code    26  list.o(.text)
    vListInitialiseItem                      0x08002bf7   Thumb Code     6  list.o(.text)
    vListInsertEnd                           0x08002bfd   Thumb Code    24  list.o(.text)
    vListInsert                              0x08002c15   Thumb Code    52  list.o(.text)
    uxListRemove                             0x08002c49   Thumb Code    40  list.o(.text)
    xQueueGenericReset                       0x08002c71   Thumb Code   136  queue.o(.text)
    xQueueGenericCreate                      0x08002d27   Thumb Code   132  queue.o(.text)
    xQueueGenericSend                        0x08002f65   Thumb Code   468  queue.o(.text)
    xQueueCreateMutex                        0x08003157   Thumb Code    34  queue.o(.text)
    xQueueGiveMutexRecursive                 0x08003179   Thumb Code    66  queue.o(.text)
    xQueueSemaphoreTake                      0x080031e9   Thumb Code   410  queue.o(.text)
    xQueueTakeMutexRecursive                 0x08003383   Thumb Code    72  queue.o(.text)
    xQueueCreateCountingSemaphore            0x080033cb   Thumb Code    80  queue.o(.text)
    xQueueGenericSendFromISR                 0x0800341b   Thumb Code   292  queue.o(.text)
    xQueueGiveFromISR                        0x0800353f   Thumb Code   256  queue.o(.text)
    xQueueReceive                            0x08003669   Thumb Code   338  queue.o(.text)
    xQueuePeek                               0x080037bb   Thumb Code   344  queue.o(.text)
    xQueueReceiveFromISR                     0x08003913   Thumb Code   220  queue.o(.text)
    xQueuePeekFromISR                        0x080039ef   Thumb Code   158  queue.o(.text)
    uxQueueMessagesWaiting                   0x08003a8d   Thumb Code    36  queue.o(.text)
    uxQueueSpacesAvailable                   0x08003ab1   Thumb Code    48  queue.o(.text)
    uxQueueMessagesWaitingFromISR            0x08003ae1   Thumb Code    30  queue.o(.text)
    vQueueUnregisterQueue                    0x08003aff   Thumb Code    44  queue.o(.text)
    vQueueDelete                             0x08003b2b   Thumb Code    38  queue.o(.text)
    uxQueueGetQueueNumber                    0x08003b51   Thumb Code     6  queue.o(.text)
    vQueueSetQueueNumber                     0x08003b57   Thumb Code     4  queue.o(.text)
    ucQueueGetQueueType                      0x08003b5b   Thumb Code     8  queue.o(.text)
    xQueueIsQueueEmptyFromISR                0x08003b63   Thumb Code    38  queue.o(.text)
    xQueueIsQueueFullFromISR                 0x08003b89   Thumb Code    42  queue.o(.text)
    vQueueAddToRegistry                      0x08003bb3   Thumb Code    38  queue.o(.text)
    pcQueueGetName                           0x08003bd9   Thumb Code    38  queue.o(.text)
    vQueueWaitForMessageRestricted           0x08003bff   Thumb Code    74  queue.o(.text)
    xQueueCreateSet                          0x08003c49   Thumb Code    20  queue.o(.text)
    xQueueAddToSet                           0x08003c5d   Thumb Code    38  queue.o(.text)
    xQueueRemoveFromSet                      0x08003c83   Thumb Code    48  queue.o(.text)
    xQueueSelectFromSet                      0x08003cb3   Thumb Code    24  queue.o(.text)
    xQueueSelectFromSetFromISR               0x08003ccb   Thumb Code    22  queue.o(.text)
    xTaskCreate                              0x08003e7b   Thumb Code    96  tasks.o(.text)
    vTaskDelete                              0x08003f15   Thumb Code   192  tasks.o(.text)
    xTaskIncrementTick                       0x08003fd5   Thumb Code   388  tasks.o(.text)
    xTaskResumeAll                           0x08004159   Thumb Code   218  tasks.o(.text)
    vTaskSuspendAll                          0x080042af   Thumb Code    12  tasks.o(.text)
    xTaskDelayUntil                          0x080042bb   Thumb Code   184  tasks.o(.text)
    vTaskDelay                               0x08004373   Thumb Code    76  tasks.o(.text)
    eTaskGetState                            0x080043bf   Thumb Code   136  tasks.o(.text)
    uxTaskPriorityGet                        0x08004447   Thumb Code    30  tasks.o(.text)
    uxTaskPriorityGetFromISR                 0x08004465   Thumb Code    62  tasks.o(.text)
    vTaskPrioritySet                         0x080044a3   Thumb Code   316  tasks.o(.text)
    vTaskSwitchContext                       0x080045df   Thumb Code   114  tasks.o(.text)
    vTaskSuspend                             0x08004651   Thumb Code   218  tasks.o(.text)
    vTaskResume                              0x08004777   Thumb Code   122  tasks.o(.text)
    xTaskResumeFromISR                       0x080047f1   Thumb Code   158  tasks.o(.text)
    vTaskStartScheduler                      0x080048eb   Thumb Code   120  tasks.o(.text)
    vTaskEndScheduler                        0x08004963   Thumb Code   114  tasks.o(.text)
    xTaskGetTickCount                        0x080049d5   Thumb Code     6  tasks.o(.text)
    xTaskGetTickCountFromISR                 0x080049db   Thumb Code    16  tasks.o(.text)
    uxTaskGetNumberOfTasks                   0x080049eb   Thumb Code     6  tasks.o(.text)
    pcTaskGetName                            0x080049f1   Thumb Code    40  tasks.o(.text)
    vTaskGetInfo                             0x08004a2f   Thumb Code   126  tasks.o(.text)
    uxTaskGetSystemState                     0x08004b17   Thumb Code   152  tasks.o(.text)
    xTaskCatchUpTicks                        0x08004baf   Thumb Code    58  tasks.o(.text)
    vTaskPlaceOnEventList                    0x08004be9   Thumb Code    46  tasks.o(.text)
    vTaskPlaceOnUnorderedEventList           0x08004c17   Thumb Code    88  tasks.o(.text)
    vTaskPlaceOnEventListRestricted          0x08004c6f   Thumb Code    54  tasks.o(.text)
    xTaskRemoveFromEventList                 0x08004ca5   Thumb Code   122  tasks.o(.text)
    vTaskRemoveFromUnorderedEventList        0x08004d1f   Thumb Code   130  tasks.o(.text)
    vTaskSetTimeOutState                     0x08004da1   Thumb Code   100  tasks.o(.text)
    vTaskInternalSetTimeOutState             0x08004e05   Thumb Code    14  tasks.o(.text)
    xTaskCheckForTimeOut                     0x08004e13   Thumb Code   124  tasks.o(.text)
    vTaskMissedYield                         0x08004e8f   Thumb Code     8  tasks.o(.text)
    uxTaskGetTaskNumber                      0x08004e97   Thumb Code    14  tasks.o(.text)
    vTaskSetTaskNumber                       0x08004ea5   Thumb Code     8  tasks.o(.text)
    xTaskGetCurrentTaskHandle                0x08004ead   Thumb Code     6  tasks.o(.text)
    xTaskGetSchedulerState                   0x08004eb3   Thumb Code    24  tasks.o(.text)
    xTaskPriorityInherit                     0x08004ecb   Thumb Code   172  tasks.o(.text)
    xTaskPriorityDisinherit                  0x08004f77   Thumb Code   162  tasks.o(.text)
    vTaskPriorityDisinheritAfterTimeout      0x08005019   Thumb Code   204  tasks.o(.text)
    vTaskList                                0x0800510f   Thumb Code   200  tasks.o(.text)
    uxTaskResetEventItemValue                0x080051d7   Thumb Code    78  tasks.o(.text)
    pvTaskIncrementMutexHeldCount            0x08005225   Thumb Code    26  tasks.o(.text)
    ulTaskGenericNotifyTake                  0x0800523f   Thumb Code   152  tasks.o(.text)
    xTaskGenericNotifyWait                   0x080052d7   Thumb Code   188  tasks.o(.text)
    xTaskGenericNotify                       0x08005393   Thumb Code   330  tasks.o(.text)
    xTaskGenericNotifyFromISR                0x080054dd   Thumb Code   410  tasks.o(.text)
    vTaskGenericNotifyGiveFromISR            0x08005677   Thumb Code   242  tasks.o(.text)
    xTaskGenericNotifyStateClear             0x08005769   Thumb Code    82  tasks.o(.text)
    ulTaskGenericNotifyValueClear            0x080057bb   Thumb Code    58  tasks.o(.text)
    xTimerGenericCommand                     0x08005861   Thumb Code   118  timers.o(.text)
    xTimerCreateTimerTask                    0x08005c69   Thumb Code    60  timers.o(.text)
    xTimerCreate                             0x08005cf9   Thumb Code    54  timers.o(.text)
    xTimerGetTimerDaemonTaskHandle           0x08005d2f   Thumb Code    38  timers.o(.text)
    xTimerGetPeriod                          0x08005d55   Thumb Code    28  timers.o(.text)
    vTimerSetReloadMode                      0x08005d71   Thumb Code    64  timers.o(.text)
    uxTimerGetReloadMode                     0x08005db1   Thumb Code    52  timers.o(.text)
    xTimerGetExpiryTime                      0x08005de5   Thumb Code    30  timers.o(.text)
    pcTimerGetName                           0x08005e03   Thumb Code    28  timers.o(.text)
    xTimerIsTimerActive                      0x08005e1f   Thumb Code    52  timers.o(.text)
    pvTimerGetTimerID                        0x08005e53   Thumb Code    38  timers.o(.text)
    vTimerSetTimerID                         0x08005e79   Thumb Code    38  timers.o(.text)
    xTimerPendFunctionCallFromISR            0x08005e9f   Thumb Code    48  timers.o(.text)
    xTimerPendFunctionCall                   0x08005ecf   Thumb Code    70  timers.o(.text)
    uxTimerGetTimerNumber                    0x08005f15   Thumb Code     6  timers.o(.text)
    vTimerSetTimerNumber                     0x08005f1b   Thumb Code     4  timers.o(.text)
    pxPortInitialiseStack                    0x08005f65   Thumb Code    30  port.o(.text)
    vPortSetupTimerInterrupt                 0x08005f83   Thumb Code    36  port.o(.text)
    xPortStartScheduler                      0x08005fa7   Thumb Code   240  port.o(.text)
    vPortEndScheduler                        0x08006097   Thumb Code    34  port.o(.text)
    vPortEnterCritical                       0x080060b9   Thumb Code    70  port.o(.text)
    vPortExitCritical                        0x080060ff   Thumb Code    48  port.o(.text)
    xPortSysTickHandler                      0x0800612f   Thumb Code    48  port.o(.text)
    vPortValidateInterruptPriority           0x0800615f   Thumb Code    88  port.o(.text)
    pvPortMalloc                             0x080062d3   Thumb Code   302  heap_4.o(.text)
    vPortFree                                0x08006401   Thumb Code   130  heap_4.o(.text)
    xPortGetFreeHeapSize                     0x08006483   Thumb Code     6  heap_4.o(.text)
    xPortGetMinimumEverFreeHeapSize          0x08006489   Thumb Code     6  heap_4.o(.text)
    vPortInitialiseBlocks                    0x0800648f   Thumb Code     2  heap_4.o(.text)
    vPortGetHeapStats                        0x08006491   Thumb Code   104  heap_4.o(.text)
    __aeabi_memcpy                           0x08006551   Thumb Code    36  memcpya.o(.text)
    __aeabi_memcpy4                          0x08006551   Thumb Code     0  memcpya.o(.text)
    __aeabi_memcpy8                          0x08006551   Thumb Code     0  memcpya.o(.text)
    __aeabi_memset                           0x08006575   Thumb Code    14  memseta.o(.text)
    __aeabi_memset4                          0x08006575   Thumb Code     0  memseta.o(.text)
    __aeabi_memset8                          0x08006575   Thumb Code     0  memseta.o(.text)
    __aeabi_memclr                           0x08006583   Thumb Code     4  memseta.o(.text)
    __aeabi_memclr4                          0x08006583   Thumb Code     0  memseta.o(.text)
    __aeabi_memclr8                          0x08006583   Thumb Code     0  memseta.o(.text)
    memset                                   0x08006587   Thumb Code    18  memseta.o(.text)
    strlen                                   0x08006599   Thumb Code    14  strlen.o(.text)
    strcpy                                   0x080065a7   Thumb Code    18  strcpy.o(.text)
    __aeabi_fadd                             0x080065b9   Thumb Code   164  fadd.o(.text)
    __aeabi_fsub                             0x0800665d   Thumb Code     6  fadd.o(.text)
    __aeabi_frsub                            0x08006663   Thumb Code     6  fadd.o(.text)
    __aeabi_fmul                             0x08006669   Thumb Code   100  fmul.o(.text)
    __aeabi_fdiv                             0x080066cd   Thumb Code   124  fdiv.o(.text)
    __aeabi_ui2f                             0x08006749   Thumb Code    10  ffltui.o(.text)
    __aeabi_f2d                              0x08006753   Thumb Code    38  f2d.o(.text)
    __aeabi_uidiv                            0x08006779   Thumb Code     0  uidiv.o(.text)
    __aeabi_uidivmod                         0x08006779   Thumb Code    44  uidiv.o(.text)
    __aeabi_uldivmod                         0x080067a5   Thumb Code    98  uldiv.o(.text)
    __I$use$fp                               0x08006807   Thumb Code     0  iusefp.o(.text)
    _float_round                             0x08006807   Thumb Code    18  fepilogue.o(.text)
    _float_epilogue                          0x08006819   Thumb Code    92  fepilogue.o(.text)
    __aeabi_dadd                             0x08006875   Thumb Code   322  dadd.o(.text)
    __aeabi_dsub                             0x080069b7   Thumb Code     6  dadd.o(.text)
    __aeabi_drsub                            0x080069bd   Thumb Code     6  dadd.o(.text)
    __aeabi_dmul                             0x080069c3   Thumb Code   228  dmul.o(.text)
    __aeabi_ddiv                             0x08006aa7   Thumb Code   222  ddiv.o(.text)
    __aeabi_d2ulz                            0x08006b85   Thumb Code    48  dfixul.o(.text)
    __aeabi_cdrcmple                         0x08006bb5   Thumb Code    48  cdrcmple.o(.text)
    __scatterload                            0x08006be5   Thumb Code    28  init.o(.text)
    __scatterload_rt2                        0x08006be5   Thumb Code     0  init.o(.text)
    __aeabi_llsl                             0x08006c09   Thumb Code    30  llshl.o(.text)
    _ll_shift_l                              0x08006c09   Thumb Code     0  llshl.o(.text)
    __aeabi_llsr                             0x08006c27   Thumb Code    32  llushr.o(.text)
    _ll_ushift_r                             0x08006c27   Thumb Code     0  llushr.o(.text)
    __aeabi_lasr                             0x08006c47   Thumb Code    36  llsshr.o(.text)
    _ll_sshift_r                             0x08006c47   Thumb Code     0  llsshr.o(.text)
    _double_round                            0x08006c6b   Thumb Code    30  depilogue.o(.text)
    _double_epilogue                         0x08006c89   Thumb Code   156  depilogue.o(.text)
    __0printf                                0x08006d25   Thumb Code    22  printfa.o(i.__0printf)
    __1printf                                0x08006d25   Thumb Code     0  printfa.o(i.__0printf)
    __2printf                                0x08006d25   Thumb Code     0  printfa.o(i.__0printf)
    __c89printf                              0x08006d25   Thumb Code     0  printfa.o(i.__0printf)
    printf                                   0x08006d25   Thumb Code     0  printfa.o(i.__0printf)
    __0sprintf                               0x08006d45   Thumb Code    34  printfa.o(i.__0sprintf)
    __1sprintf                               0x08006d45   Thumb Code     0  printfa.o(i.__0sprintf)
    __2sprintf                               0x08006d45   Thumb Code     0  printfa.o(i.__0sprintf)
    __c89sprintf                             0x08006d45   Thumb Code     0  printfa.o(i.__0sprintf)
    sprintf                                  0x08006d45   Thumb Code     0  printfa.o(i.__0sprintf)
    __scatterload_copy                       0x08006d6d   Thumb Code    14  handlers.o(i.__scatterload_copy)
    __scatterload_null                       0x08006d7b   Thumb Code     2  handlers.o(i.__scatterload_null)
    __scatterload_zeroinit                   0x08006d7d   Thumb Code    14  handlers.o(i.__scatterload_zeroinit)
    Region$$Table$$Base                      0x08007628   Number         0  anon$$obj.o(Region$$Table)
    Region$$Table$$Limit                     0x08007648   Number         0  anon$$obj.o(Region$$Table)
    key                                      0x20000000   Data           2  main.o(.data)
    status                                   0x20000002   Data           2  main.o(.data)
    data                                     0x20000004   Data           6  main.o(.data)
    humidity                                 0x2000000c   Data           4  main.o(.data)
    temperature                              0x20000010   Data           4  main.o(.data)
    SystemCoreClock                          0x20000014   Data           4  system_stm32f10x.o(.data)
    AHBPrescTable                            0x20000018   Data          16  system_stm32f10x.o(.data)
    __stdout                                 0x2000002c   Data           4  usart.o(.data)
    USART_RX_STA                             0x20000030   Data           2  usart.o(.data)
    Res                                      0x20000032   Data           1  usart.o(.data)
    RxData                                   0x20000033   Data           4  usart.o(.data)
    pRxData                                  0x20000037   Data           1  usart.o(.data)
    TxData                                   0x20000038   Data           4  usart.o(.data)
    pxCurrentTCB                             0x20000050   Data           4  tasks.o(.data)
    uxTopUsedPriority                        0x20000088   Data           4  tasks.o(.data)
    test_444                                 0x20000090   Data           4  tasks.o(.data)
    test111                                  0x200000d4   Data          12  freertos_demo.o(.bss)
    xQueueRegistry                           0x200000e0   Data          64  queue.o(.bss)
    __initial_sp                             0x20001830   Data           0  startup_stm32f10x_hd.o(STACK)



==============================================================================

Memory Map of the image

  Image Entry point : 0x08000131

  Load Region LR_IROM1 (Base: 0x08000000, Size: 0x0000771c, Max: 0x00040000, ABSOLUTE)

    Execution Region ER_IROM1 (Base: 0x08000000, Size: 0x00007648, Max: 0x00040000, ABSOLUTE)

    Base Addr    Size         Type   Attr      Idx    E Section Name        Object

    0x08000000   0x00000130   Data   RO          410    RESET               startup_stm32f10x_hd.o
    0x08000130   0x00000000   Code   RO          718  * .ARM.Collect$$$$00000000  mc_w.l(entry.o)
    0x08000130   0x00000004   Code   RO         1004    .ARM.Collect$$$$00000001  mc_w.l(entry2.o)
    0x08000134   0x00000004   Code   RO         1007    .ARM.Collect$$$$00000004  mc_w.l(entry5.o)
    0x08000138   0x00000000   Code   RO         1009    .ARM.Collect$$$$00000008  mc_w.l(entry7b.o)
    0x08000138   0x00000000   Code   RO         1011    .ARM.Collect$$$$0000000A  mc_w.l(entry8b.o)
    0x08000138   0x00000008   Code   RO         1012    .ARM.Collect$$$$0000000B  mc_w.l(entry9a.o)
    0x08000140   0x00000000   Code   RO         1014    .ARM.Collect$$$$0000000D  mc_w.l(entry10a.o)
    0x08000140   0x00000000   Code   RO         1016    .ARM.Collect$$$$0000000F  mc_w.l(entry11a.o)
    0x08000140   0x00000004   Code   RO         1005    .ARM.Collect$$$$00002712  mc_w.l(entry2.o)
    0x08000144   0x00000096   Code   RO          673    .emb_text           port.o
    0x080001da   0x00000002   PAD
    0x080001dc   0x000000cc   Code   RO            1    .text               main.o
    0x080002a8   0x00000014   Code   RO          143    .text               stm32f10x_it.o
    0x080002bc   0x000001e0   Code   RO          188    .text               system_stm32f10x.o
    0x0800049c   0x00000118   Code   RO          271    .text               key.o
    0x080005b4   0x00000074   Code   RO          284    .text               timer.o
    0x08000628   0x000000ac   Code   RO          296    .text               pwm.o
    0x080006d4   0x00000074   Code   RO          308    .text               myi2c.o
    0x08000748   0x0000034c   Code   RO          320    .text               dht20.o
    0x08000a94   0x00000070   Code   RO          332    .text               mymath.o
    0x08000b04   0x000000c0   Code   RO          344    .text               delay.o
    0x08000bc4   0x000001f0   Code   RO          375    .text               usart.o
    0x08000db4   0x00000024   Code   RO          411    .text               startup_stm32f10x_hd.o
    0x08000dd8   0x0000035c   Code   RO          415    .text               stm32f10x_gpio.o
    0x08001134   0x000003a4   Code   RO          427    .text               stm32f10x_rcc.o
    0x080014d8   0x00000408   Code   RO          441    .text               stm32f10x_usart.o
    0x080018e0   0x000000dc   Code   RO          453    .text               misc.o
    0x080019bc   0x00000e1a   Code   RO          465    .text               stm32f10x_tim.o
    0x080027d6   0x00000002   PAD
    0x080027d8   0x00000404   Code   RO          477    .text               stm32f10x_i2c.o
    0x08002bdc   0x00000094   Code   RO          554    .text               list.o
    0x08002c70   0x00001074   Code   RO          569    .text               queue.o
    0x08003ce4   0x00001b2c   Code   RO          621    .text               tasks.o
    0x08005810   0x00000724   Code   RO          652    .text               timers.o
    0x08005f34   0x000002dc   Code   RO          674    .text               port.o
    0x08006210   0x00000340   Code   RO          703    .text               heap_4.o
    0x08006550   0x00000024   Code   RO          721    .text               mc_w.l(memcpya.o)
    0x08006574   0x00000024   Code   RO          725    .text               mc_w.l(memseta.o)
    0x08006598   0x0000000e   Code   RO          727    .text               mc_w.l(strlen.o)
    0x080065a6   0x00000012   Code   RO          729    .text               mc_w.l(strcpy.o)
    0x080065b8   0x000000b0   Code   RO          994    .text               mf_w.l(fadd.o)
    0x08006668   0x00000064   Code   RO          996    .text               mf_w.l(fmul.o)
    0x080066cc   0x0000007c   Code   RO          998    .text               mf_w.l(fdiv.o)
    0x08006748   0x0000000a   Code   RO         1000    .text               mf_w.l(ffltui.o)
    0x08006752   0x00000026   Code   RO         1002    .text               mf_w.l(f2d.o)
    0x08006778   0x0000002c   Code   RO         1018    .text               mc_w.l(uidiv.o)
    0x080067a4   0x00000062   Code   RO         1020    .text               mc_w.l(uldiv.o)
    0x08006806   0x00000000   Code   RO         1022    .text               mc_w.l(iusefp.o)
    0x08006806   0x0000006e   Code   RO         1023    .text               mf_w.l(fepilogue.o)
    0x08006874   0x0000014e   Code   RO         1025    .text               mf_w.l(dadd.o)
    0x080069c2   0x000000e4   Code   RO         1027    .text               mf_w.l(dmul.o)
    0x08006aa6   0x000000de   Code   RO         1029    .text               mf_w.l(ddiv.o)
    0x08006b84   0x00000030   Code   RO         1031    .text               mf_w.l(dfixul.o)
    0x08006bb4   0x00000030   Code   RO         1033    .text               mf_w.l(cdrcmple.o)
    0x08006be4   0x00000024   Code   RO         1035    .text               mc_w.l(init.o)
    0x08006c08   0x0000001e   Code   RO         1037    .text               mc_w.l(llshl.o)
    0x08006c26   0x00000020   Code   RO         1039    .text               mc_w.l(llushr.o)
    0x08006c46   0x00000024   Code   RO         1041    .text               mc_w.l(llsshr.o)
    0x08006c6a   0x000000ba   Code   RO         1043    .text               mf_w.l(depilogue.o)
    0x08006d24   0x00000020   Code   RO          966    i.__0printf         mc_w.l(printfa.o)
    0x08006d44   0x00000028   Code   RO          968    i.__0sprintf        mc_w.l(printfa.o)
    0x08006d6c   0x0000000e   Code   RO         1047    i.__scatterload_copy  mc_w.l(handlers.o)
    0x08006d7a   0x00000002   Code   RO         1048    i.__scatterload_null  mc_w.l(handlers.o)
    0x08006d7c   0x0000000e   Code   RO         1049    i.__scatterload_zeroinit  mc_w.l(handlers.o)
    0x08006d8a   0x00000002   PAD
    0x08006d8c   0x00000164   Code   RO          973    i._fp_digits        mc_w.l(printfa.o)
    0x08006ef0   0x000006dc   Code   RO          974    i._printf_core      mc_w.l(printfa.o)
    0x080075cc   0x00000024   Code   RO          975    i._printf_post_padding  mc_w.l(printfa.o)
    0x080075f0   0x0000002e   Code   RO          976    i._printf_pre_padding  mc_w.l(printfa.o)
    0x0800761e   0x0000000a   Code   RO          978    i._sputc            mc_w.l(printfa.o)
    0x08007628   0x00000020   Data   RO         1045    Region$$Table       anon$$obj.o


    Execution Region RW_IRAM1 (Base: 0x20000000, Size: 0x00001830, Max: 0x0000c000, ABSOLUTE)

    Base Addr    Size         Type   Attr      Idx    E Section Name        Object

    0x20000000   0x00000014   Data   RW            2    .data               main.o
    0x20000014   0x00000014   Data   RW          189    .data               system_stm32f10x.o
    0x20000028   0x00000001   Data   RW          272    .data               key.o
    0x20000029   0x00000001   Data   RW          345    .data               delay.o
    0x2000002a   0x00000002   PAD
    0x2000002c   0x00000010   Data   RW          377    .data               usart.o
    0x2000003c   0x00000014   Data   RW          428    .data               stm32f10x_rcc.o
    0x20000050   0x00000044   Data   RW          623    .data               tasks.o
    0x20000094   0x00000014   Data   RW          654    .data               timers.o
    0x200000a8   0x0000000c   Data   RW          675    .data               port.o
    0x200000b4   0x00000020   Data   RW          705    .data               heap_4.o
    0x200000d4   0x0000000c   Zero   RW          207    .bss                freertos_demo.o
    0x200000e0   0x00000040   Zero   RW          570    .bss                queue.o
    0x20000120   0x000002e4   Zero   RW          622    .bss                tasks.o
    0x20000404   0x00000028   Zero   RW          653    .bss                timers.o
    0x2000042c   0x00001000   Zero   RW          704    .bss                heap_4.o
    0x2000142c   0x00000004   PAD
    0x20001430   0x00000400   Zero   RW          408    STACK               startup_stm32f10x_hd.o


==============================================================================

Image component sizes


      Code (inc. data)   RO Data    RW Data    ZI Data      Debug   Object Name

       192         12          0          1          0       1287   delay.o
       844        190          0          0          0       1965   dht20.o
         0          0          0          0          0      13628   event_groups.o
         0          0          0          0         12      14538   freertos_demo.o
       832         88          0         32       4096       3762   heap_4.o
       280         18          0          1          0        836   key.o
       148          0          0          0          0       1926   list.o
       204         68          0         20          0     261938   main.o
       220         22          0          0          0       1793   misc.o
       116         12          0          0          0        575   myi2c.o
       112         14          0          0          0        931   mymath.o
       882        102          0         12          0       7643   port.o
       172          8          0          0          0        819   pwm.o
      4212         56          0          0         64      20782   queue.o
        36          8        304          0       1024        792   startup_stm32f10x_hd.o
       860         38          0          0          0       5725   stm32f10x_gpio.o
      1028         16          0          0          0       9219   stm32f10x_i2c.o
        20          0          0          0          0        907   stm32f10x_it.o
       932         36          0         20          0       8900   stm32f10x_rcc.o
      3610         88          0          0          0      22832   stm32f10x_tim.o
      1032         22          0          0          0       8452   stm32f10x_usart.o
         0          0          0          0          0         32   sys.o
       480         38          0         20          0       1731   system_stm32f10x.o
      6956        444          0         68        740      37624   tasks.o
       116          4          0          0          0        784   timer.o
      1828        108          0         20         40      14732   timers.o
       496         28          0         16          0       4299   usart.o

    ----------------------------------------------------------------------
     25612       1420        336        212       5980     448452   Object Totals
         0          0         32          0          0          0   (incl. Generated)
         4          0          0          2          4          0   (incl. Padding)

    ----------------------------------------------------------------------

      Code (inc. data)   RO Data    RW Data    ZI Data      Debug   Library Member Name

         0          0          0          0          0          0   entry.o
         0          0          0          0          0          0   entry10a.o
         0          0          0          0          0          0   entry11a.o
         8          4          0          0          0          0   entry2.o
         4          0          0          0          0          0   entry5.o
         0          0          0          0          0          0   entry7b.o
         0          0          0          0          0          0   entry8b.o
         8          4          0          0          0          0   entry9a.o
        30          0          0          0          0          0   handlers.o
        36          8          0          0          0         68   init.o
         0          0          0          0          0          0   iusefp.o
        30          0          0          0          0         68   llshl.o
        36          0          0          0          0         68   llsshr.o
        32          0          0          0          0         68   llushr.o
        36          0          0          0          0         68   memcpya.o
        36          0          0          0          0        108   memseta.o
      2276         96          0          0          0        596   printfa.o
        18          0          0          0          0         68   strcpy.o
        14          0          0          0          0         68   strlen.o
        44          0          0          0          0         80   uidiv.o
        98          0          0          0          0         92   uldiv.o
        48          0          0          0          0         68   cdrcmple.o
       334          0          0          0          0        148   dadd.o
       222          0          0          0          0        100   ddiv.o
       186          0          0          0          0        176   depilogue.o
        48          0          0          0          0         68   dfixul.o
       228          0          0          0          0         96   dmul.o
        38          0          0          0          0         68   f2d.o
       176          0          0          0          0        140   fadd.o
       124          0          0          0          0         88   fdiv.o
       110          0          0          0          0        168   fepilogue.o
        10          0          0          0          0         68   ffltui.o
       100          0          0          0          0         76   fmul.o

    ----------------------------------------------------------------------
      4332        112          0          0          0       2616   Library Totals
         2          0          0          0          0          0   (incl. Padding)

    ----------------------------------------------------------------------

      Code (inc. data)   RO Data    RW Data    ZI Data      Debug   Library Name

      2706        112          0          0          0       1352   mc_w.l
      1624          0          0          0          0       1264   mf_w.l

    ----------------------------------------------------------------------
      4332        112          0          0          0       2616   Library Totals

    ----------------------------------------------------------------------

==============================================================================


      Code (inc. data)   RO Data    RW Data    ZI Data      Debug   

     29944       1532        336        212       5980     447684   Grand Totals
     29944       1532        336        212       5980     447684   ELF Image Totals
     29944       1532        336        212          0          0   ROM Totals

==============================================================================

    Total RO  Size (Code + RO Data)                30280 (  29.57kB)
    Total RW  Size (RW Data + ZI Data)              6192 (   6.05kB)
    Total ROM Size (Code + RO Data + RW Data)      30492 (  29.78kB)

==============================================================================

